Archive member included because of file (symbol)

contiki-sky.a(orchestra.o)    client.co (orchestra_init)
contiki-sky.a(orchestra-rule-)
                              client.co (default_common)
contiki-sky.a(orchestra-rule-)
                              client.co (eb_per_time_source)
contiki-sky.a(orchestra-rule-)
                              client.co (unicast_per_neighbor)
contiki-sky.a(contiki-sky-pla)
                              obj_sky/contiki-sky-main.o (init_platform)
contiki-sky.a(sht11-sensor.o)
                              client.co (sht11_sensor)
contiki-sky.a(ds2411.o)       obj_sky/contiki-sky-main.o (ds2411_init)
contiki-sky.a(xmem.o)         obj_sky/contiki-sky-main.o (xmem_init)
contiki-sky.a(node-id.o)      obj_sky/contiki-sky-main.o (node_id_restore)
contiki-sky.a(sensors.o)      contiki-sky.a(contiki-sky-pla) (sensors_process)
contiki-sky.a(cc2420.o)       obj_sky/contiki-sky-main.o (cc2420_set_pan_addr)
contiki-sky.a(cc2420-arch.o)  contiki-sky.a(cc2420.o) (cc2420_arch_init)
contiki-sky.a(cc2420-arch-sfd)
                              contiki-sky.a(cc2420-arch.o) (cc2420_arch_sfd_init)
contiki-sky.a(uart1.o)        obj_sky/contiki-sky-main.o (uart1_active)
contiki-sky.a(msp430.o)       contiki-sky.a(uart1.o) (msp430_add_lpm_req)
contiki-sky.a(clock.o)        obj_sky/contiki-sky-main.o (clock_init)
contiki-sky.a(watchdog.o)     obj_sky/contiki-sky-main.o (watchdog_start)
contiki-sky.a(rtimer-arch.o)  obj_sky/contiki-sky-main.o (rtimer_arch_now)
contiki-sky.a(leds.o)         obj_sky/contiki-sky-main.o (leds_init)
contiki-sky.a(leds-arch.o)    contiki-sky.a(leds.o) (leds_arch_init)
contiki-sky.a(tsch-schedule.o)
                              contiki-sky.a(orchestra-rule-) (tsch_schedule_add_slotframe)
contiki-sky.a(tsch-slot-opera)
                              contiki-sky.a(tsch-schedule.o) (current_link)
contiki-sky.a(tsch-packet.o)  contiki-sky.a(tsch-slot-opera) (tsch_packet_create_eack)
contiki-sky.a(tsch-adaptive-t)
                              contiki-sky.a(tsch-slot-opera) (tsch_timesync_update)
contiki-sky.a(tsch.o)         contiki-sky.a(tsch-slot-opera) (tsch_is_associated)
contiki-sky.a(autostart.o)    obj_sky/contiki-sky-main.o (autostart_start)
contiki-sky.a(ctimer.o)       obj_sky/contiki-sky-main.o (ctimer_init)
contiki-sky.a(energest.o)     obj_sky/contiki-sky-main.o (energest_init)
contiki-sky.a(etimer.o)       contiki-sky.a(clock.o) (etimer_request_poll)
contiki-sky.a(process.o)      contiki-sky.a(ctimer.o) (process_current)
contiki-sky.a(rtimer.o)       obj_sky/contiki-sky-main.o (rtimer_init)
contiki-sky.a(timer.o)        contiki-sky.a(etimer.o) (timer_set)
contiki-sky.a(ringbufindex.o)
                              contiki-sky.a(tsch.o) (ringbufindex_init)
contiki-sky.a(list.o)         contiki-sky.a(tsch-schedule.o) (list_init)
contiki-sky.a(memb.o)         contiki-sky.a(tsch-schedule.o) (memb_init)
contiki-sky.a(random.o)       obj_sky/contiki-sky-main.o (random_init)
contiki-sky.a(uip-ds6-route.o)
                              contiki-sky.a(orchestra-rule-) (nbr_routes)
contiki-sky.a(uip6.o)         obj_sky/contiki-sky-main.o (uip_lladdr)
contiki-sky.a(uip-ds6-nbr.o)  contiki-sky.a(uip-ds6-route.o) (uip_ds6_nbr_lookup)
contiki-sky.a(uip-nd6.o)      contiki-sky.a(uip6.o) (uip_nd6_init)
contiki-sky.a(sicslowpan.o)   contiki-sky.a(orchestra.o) (rime_sniffer_add)
contiki-sky.a(tcpip.o)        contiki-sky.a(sicslowpan.o) (tcpip_set_outputfunc)
contiki-sky.a(simple-udp.o)   client.co (simple_udp_sendto)
contiki-sky.a(uip-debug.o)    contiki-sky.a(uip-ds6-route.o) (uip_debug_ipaddr_print)
contiki-sky.a(rpl-dag.o)      contiki-sky.a(tcpip.o) (rpl_repair_root)
contiki-sky.a(rpl-timers.o)   contiki-sky.a(rpl-dag.o) (rpl_reset_dio_timer)
contiki-sky.a(rpl-ext-header.)
                              contiki-sky.a(uip6.o) (rpl_verify_header)
contiki-sky.a(rpl.o)          contiki-sky.a(rpl-timers.o) (rpl_get_mode)
contiki-sky.a(rpl-mrhof.o)    contiki-sky.a(rpl-dag.o) (rpl_mrhof)
contiki-sky.a(nordc.o)        obj_sky/contiki-sky-main.o (nordc_driver)
contiki-sky.a(frame802154e-ie)
                              contiki-sky.a(tsch-packet.o) (frame80215e_create_ie_header_ack_nack_time_correction)
contiki-sky.a(framer-802154.o)
                              contiki-sky.a(tsch.o) (framer_802154)
contiki-sky.a(frame802154.o)  contiki-sky.a(tsch-packet.o) (frame802154_get_pan_id)
contiki-sky.a(mac.o)          contiki-sky.a(tsch.o) (mac_call_sent_callback)
contiki-sky.a(queuebuf.o)     obj_sky/contiki-sky-main.o (queuebuf_init)
contiki-sky.a(nbr-table.o)    contiki-sky.a(uip-ds6-route.o) (nbr_table_register)
contiki-sky.a(packetbuf.o)    contiki-sky.a(queuebuf.o) (packetbuf_copyto)
contiki-sky.a(linkaddr.o)     obj_sky/contiki-sky-main.o (linkaddr_copy)
contiki-sky.a(nullsec.o)      contiki-sky.a(tsch.o) (nullsec_driver)
contiki-sky.a(sht11.o)        contiki-sky.a(sht11-sensor.o) (sht11_init)
contiki-sky.a(spi.o)          contiki-sky.a(xmem.o) (spi_init)
[...]
Memory Configuration

Name             Origin             Length             Attributes
sfr              0x00000000         0x00000010
peripheral_8bit  0x00000010         0x000000f0
peripheral_16bit 0x00000100         0x00000100
ram_mirror       0x00000200         0x00000800         xw
infomem          0x00001000         0x00000100
infob            0x00001000         0x00000080
infoa            0x00001080         0x00000080
ram              0x00001100         0x00002800         xw
rom              0x00004000         0x0000bfe0         xr
vectors          0x0000ffe0         0x00000020
bsl              0x00000000         0x00000000
infoc            0x00000000         0x00000000
infod            0x00000000         0x00000000
ram2             0x00000000         0x00000000         xw
usbram           0x00000000         0x00000000         xw
far_rom          0x00000000         0x00000000
*default*        0x00000000         0xffffffff

Linker script and memory map

LOAD /home/bernardo/Desktop/msp430/bin/../lib/gcc/msp430/4.7.2/mmpy-16/crt0ivtbl16.o
LOAD client.co
LOAD obj_sky/contiki-sky-main.o
LOAD contiki-sky.a
LOAD /home/bernardo/Desktop/msp430/bin/../lib/gcc/msp430/4.7.2/mmpy-16/libgcc.a
LOAD /home/bernardo/Desktop/msp430/bin/../lib/gcc/msp430/4.7.2/../../../../msp430/lib/mmpy-16/libc.a
LOAD /home/bernardo/Desktop/msp430/bin/../lib/gcc/msp430/4.7.2/mmpy-16/libgcc.a
LOAD /home/bernardo/Desktop/msp430/bin/../lib/gcc/msp430/4.7.2/mmpy-16/libcrt0.a
                0x00000080                PROVIDE (__info_segment_size, 0x80)
                0x00001000                PROVIDE (__infob, 0x1000)
                0x00001080                PROVIDE (__infoa, 0x1080)
                0x00000000                __IE1 = 0x0
                0x00000002                __IFG1 = 0x2
                0x00000004                __ME1 = 0x4
                0x00000001                __IE2 = 0x1
                0x00000003                __IFG2 = 0x3
                0x00000005                __ME2 = 0x5
                0x00000120                __WDTCTL = 0x120
                0x00000130                __MPY = 0x130
                0x00000132                __MPYS = 0x132
                0x00000134                __MAC = 0x134
                0x00000136                __MACS = 0x136
                0x00000138                __OP2 = 0x138
                0x0000013a                __RESLO = 0x13a
                0x0000013c                __RESHI = 0x13c
                0x0000013e                __SUMEXT = 0x13e
                0x00000020                __P1IN = 0x20
                0x00000021                __P1OUT = 0x21
                0x00000022                __P1DIR = 0x22
                0x00000023                __P1IFG = 0x23
                0x00000024                __P1IES = 0x24
                0x00000025                __P1IE = 0x25
                0x00000026                __P1SEL = 0x26
                0x00000028                __P2IN = 0x28
                0x00000029                __P2OUT = 0x29
                0x0000002a                __P2DIR = 0x2a
                0x0000002b                __P2IFG = 0x2b
                0x0000002c                __P2IES = 0x2c
                0x0000002d                __P2IE = 0x2d
                0x0000002e                __P2SEL = 0x2e
                0x00000018                __P3IN = 0x18
                0x00000019                __P3OUT = 0x19
                0x0000001a                __P3DIR = 0x1a
                0x0000001b                __P3SEL = 0x1b
                0x0000001c                __P4IN = 0x1c
                0x0000001d                __P4OUT = 0x1d
                0x0000001e                __P4DIR = 0x1e
                0x0000001f                __P4SEL = 0x1f
                0x00000030                __P5IN = 0x30
                0x00000031                __P5OUT = 0x31
                0x00000032                __P5DIR = 0x32
                0x00000033                __P5SEL = 0x33
                0x00000034                __P6IN = 0x34
                0x00000035                __P6OUT = 0x35
                0x00000036                __P6DIR = 0x36
                0x00000037                __P6SEL = 0x37
                0x00000070                __U0CTL = 0x70
                0x00000071                __U0TCTL = 0x71
                0x00000072                __U0RCTL = 0x72
                0x00000073                __U0MCTL = 0x73
                0x00000074                __U0BR0 = 0x74
                0x00000075                __U0BR1 = 0x75
                0x00000076                __U0RXBUF = 0x76
                0x00000077                __U0TXBUF = 0x77
                0x00000078                __U1CTL = 0x78
                0x00000079                __U1TCTL = 0x79
                0x0000007a                __U1RCTL = 0x7a
                0x0000007b                __U1MCTL = 0x7b
                0x0000007c                __U1BR0 = 0x7c
                0x0000007d                __U1BR1 = 0x7d
                0x0000007e                __U1RXBUF = 0x7e
                0x0000007f                __U1TXBUF = 0x7f
                0x00000050                __I2CIE = 0x50
                0x00000051                __I2CIFG = 0x51
                0x00000052                __I2CNDAT = 0x52
                0x00000071                __I2CTCTL = 0x71
                0x00000072                __I2CDCTL = 0x72
                0x00000073                __I2CPSC = 0x73
                0x00000074                __I2CSCLH = 0x74
                0x00000075                __I2CSCLL = 0x75
                0x00000076                __I2CDRB = 0x76
                0x00000076                __I2CDRW = 0x76
                0x00000118                __I2COA = 0x118
                0x0000011a                __I2CSA = 0x11a
                0x0000011c                __I2CIV = 0x11c
                0x0000012e                __TAIV = 0x12e
                0x00000160                __TACTL = 0x160
                0x00000162                __TACCTL0 = 0x162
                0x00000164                __TACCTL1 = 0x164
                0x00000166                __TACCTL2 = 0x166
                0x00000170                __TAR = 0x170
                0x00000172                __TACCR0 = 0x172
                0x00000174                __TACCR1 = 0x174
                0x00000176                __TACCR2 = 0x176
                0x0000011e                __TBIV = 0x11e
                0x00000180                __TBCTL = 0x180
                0x00000182                __TBCCTL0 = 0x182
                0x00000184                __TBCCTL1 = 0x184
                0x00000186                __TBCCTL2 = 0x186
                0x00000188                __TBCCTL3 = 0x188
                0x0000018a                __TBCCTL4 = 0x18a
                0x0000018c                __TBCCTL5 = 0x18c
                0x0000018e                __TBCCTL6 = 0x18e
                0x00000190                __TBR = 0x190
                0x00000192                __TBCCR0 = 0x192
                0x00000194                __TBCCR1 = 0x194
                0x00000196                __TBCCR2 = 0x196
                0x00000198                __TBCCR3 = 0x198
                0x0000019a                __TBCCR4 = 0x19a
                0x0000019c                __TBCCR5 = 0x19c
                0x0000019e                __TBCCR6 = 0x19e
                0x00000056                __DCOCTL = 0x56
                0x00000057                __BCSCTL1 = 0x57
                0x00000058                __BCSCTL2 = 0x58
                0x00000055                __SVSCTL = 0x55
                0x00000128                __FCTL1 = 0x128
                0x0000012a                __FCTL2 = 0x12a
                0x0000012c                __FCTL3 = 0x12c
                0x00000059                __CACTL1 = 0x59
                0x0000005a                __CACTL2 = 0x5a
                0x0000005b                __CAPD = 0x5b
                0x000001a0                __ADC12CTL0 = 0x1a0
                0x000001a2                __ADC12CTL1 = 0x1a2
                0x000001a4                __ADC12IFG = 0x1a4
                0x000001a6                __ADC12IE = 0x1a6
                0x000001a8                __ADC12IV = 0x1a8
                0x00000140                __ADC12MEM0 = 0x140
                0x00000142                __ADC12MEM1 = 0x142
                0x00000144                __ADC12MEM2 = 0x144
                0x00000146                __ADC12MEM3 = 0x146
                0x00000148                __ADC12MEM4 = 0x148
                0x0000014a                __ADC12MEM5 = 0x14a
                0x0000014c                __ADC12MEM6 = 0x14c
                0x0000014e                __ADC12MEM7 = 0x14e
                0x00000150                __ADC12MEM8 = 0x150
                0x00000152                __ADC12MEM9 = 0x152
                0x00000154                __ADC12MEM10 = 0x154
                0x00000156                __ADC12MEM11 = 0x156
                0x00000158                __ADC12MEM12 = 0x158
                0x0000015a                __ADC12MEM13 = 0x15a
                0x0000015c                __ADC12MEM14 = 0x15c
                0x0000015e                __ADC12MEM15 = 0x15e
                0x00000080                __ADC12MCTL0 = 0x80
                0x00000081                __ADC12MCTL1 = 0x81
                0x00000082                __ADC12MCTL2 = 0x82
                0x00000083                __ADC12MCTL3 = 0x83
                0x00000084                __ADC12MCTL4 = 0x84
                0x00000085                __ADC12MCTL5 = 0x85
                0x00000086                __ADC12MCTL6 = 0x86
                0x00000087                __ADC12MCTL7 = 0x87
                0x00000088                __ADC12MCTL8 = 0x88
                0x00000089                __ADC12MCTL9 = 0x89
                0x0000008a                __ADC12MCTL10 = 0x8a
                0x0000008b                __ADC12MCTL11 = 0x8b
                0x0000008c                __ADC12MCTL12 = 0x8c
                0x0000008d                __ADC12MCTL13 = 0x8d
                0x0000008e                __ADC12MCTL14 = 0x8e
                0x0000008f                __ADC12MCTL15 = 0x8f
                0x000001c0                __DAC12_0CTL = 0x1c0
                0x000001c2                __DAC12_1CTL = 0x1c2
                0x000001c8                __DAC12_0DAT = 0x1c8
                0x000001ca                __DAC12_1DAT = 0x1ca
                0x00000122                __DMACTL0 = 0x122
                0x00000124                __DMACTL1 = 0x124
                0x000001e0                __DMA0CTL = 0x1e0
                0x000001e8                __DMA1CTL = 0x1e8
                0x000001f0                __DMA2CTL = 0x1f0
                0x000001e2                __DMA0SA = 0x1e2
                0x000001e4                __DMA0DA = 0x1e4
                0x000001e6                __DMA0SZ = 0x1e6
                0x000001ea                __DMA1SA = 0x1ea
                0x000001ec                __DMA1DA = 0x1ec
                0x000001ee                __DMA1SZ = 0x1ee
                0x000001f2                __DMA2SA = 0x1f2
                0x000001f4                __DMA2DA = 0x1f4
                0x000001f6                __DMA2SZ = 0x1f6

.hash
 *(.hash)

.dynsym
 *(.dynsym)

.dynstr
 *(.dynstr)

.gnu.version
 *(.gnu.version)

.gnu.version_d
 *(.gnu.version_d)

.gnu.version_r
 *(.gnu.version_r)

.rel.init
 *(.rel.init)

.rela.init
 *(.rela.init)

.rel.fini
 *(.rel.fini)

.rela.fini
 *(.rela.fini)

.rel.text
 *(.rel.text .rel.text.* .rel.gnu.linkonce.t.*)

.rela.text
 *(.rela.text .rela.text.* .rela.gnu.linkonce.t.*)

.rel.rodata
 *(.rel.rodata .rel.rodata.* .rel.gnu.linkonce.r.*)

.rela.rodata
 *(.rela.rodata .rela.rodata.* .rela.gnu.linkonce.r.*)

.rel.data
 *(.rel.data .rel.data.* .rel.gnu.linkonce.d.*)

.rela.data
 *(.rela.data .rela.data.* .rela.gnu.linkonce.d.*)

.rel.bss
 *(.rel.bss .rel.bss.* .rel.gnu.linkonce.b.*)

.rela.bss
 *(.rela.bss .rela.bss.* .rela.gnu.linkonce.b.*)

.rel.ctors
 *(.rel.ctors)

.rela.ctors
 *(.rela.ctors)

.rel.dtors
 *(.rel.dtors)

.rela.dtors
 *(.rela.dtors)

.rel.got
 *(.rel.got)

.rela.got
 *(.rela.got)

.rel.plt
 *(.rel.plt)

.rela.plt
 *(.rela.plt)

.text           0x00004000     0xbc0a
                0x00004000                . = ALIGN (0x2)
 *(.init .init.*)
 *(.init0)
 .init0         0x00004000        0x0 /home/bernardo/Desktop/msp430/bin/../lib/gcc/msp430/4.7.2/mmpy-16/libcrt0.a(_reset_vector__.o)
                0x00004000                _reset_vector__
 *(.init1)
 .init1         0x00004000        0xc /home/bernardo/Desktop/msp430/bin/../lib/gcc/msp430/4.7.2/mmpy-16/libcrt0.a(__watchdog_support.o)
                0x00004000                __watchdog_support
 *(.init2)
 .init2         0x0000400c        0x4 /home/bernardo/Desktop/msp430/bin/../lib/gcc/msp430/4.7.2/mmpy-16/libcrt0.a(__init_stack.o)
                0x0000400c                __init_stack
 *(.init3)
 .init3         0x00004010        0x0 /home/bernardo/Desktop/msp430/bin/../lib/gcc/msp430/4.7.2/mmpy-16/libcrt0.a(__low_level_init.o)
                0x00004010                __low_level_init
 *(.init4)
 .init4         0x00004010       0x18 /home/bernardo/Desktop/msp430/bin/../lib/gcc/msp430/4.7.2/mmpy-16/libcrt0.a(_copy_data.o)
                0x00004010                __do_copy_data
 .init4         0x00004028       0x16 /home/bernardo/Desktop/msp430/bin/../lib/gcc/msp430/4.7.2/mmpy-16/libcrt0.a(_clear_bss.o)
                0x00004028                __do_clear_bss
 *(.init5)
 *(.init6)
 *(.init7)
 *(.init8)
 *(.init9)
 .init9         0x0000403e      0x18e obj_sky/contiki-sky-main.o
                0x0000403e                main
 *(.fini9)
 .fini9         0x000041cc        0x0 /home/bernardo/Desktop/msp430/bin/../lib/gcc/msp430/4.7.2/mmpy-16/libcrt0.a(__stop_progExec__.o)
                0x000041cc                __stop_progExec__
 *(.fini8)
 *(.fini7)
 *(.fini6)
 *(.fini5)
 *(.fini4)
 *(.fini3)
 *(.fini2)
 *(.fini1)
 *(.fini0)
 .fini0         0x000041cc        0x6 /home/bernardo/Desktop/msp430/bin/../lib/gcc/msp430/4.7.2/mmpy-16/libcrt0.a(_endless_loop__.o)
                0x000041cc                _endless_loop__
 *(.fini .fini.*)
                0x000041d2                . = ALIGN (0x2)
                0x000041d2                __ctors_start = .
 *(.ctors)
                0x000041d2                __ctors_end = .
                0x000041d2                __dtors_start = .
 *(.dtors)
                0x000041d2                __dtors_end = .
                0x000041d2                . = ALIGN (0x2)
 *(.text .text.* .gnu.linkonce.t.*)
 .text          0x000041d2        0x4 /home/bernardo/Desktop/msp430/bin/../lib/gcc/msp430/4.7.2/mmpy-16/crt0ivtbl16.o
                0x000041d2                __isr_14
                0x000041d2                __isr_11
                0x000041d2                __isr_2
                0x000041d2                __isr_7
                0x000041d2                __isr_0
                0x000041d2                __isr_8
                0x000041d2                __isr_3
                0x000041d2                __isr_13
                0x000041d2                __isr_9
                0x000041d2                __isr_1
 .text.receiver
                0x000041d6        0x2 client.co
 .text.process_thread_node_process
                0x000041d8      0x17a client.co
 .text.orchestra_packet_received
                0x00004352        0x2 contiki-sky.a(orchestra.o)
 .text.orchestra_packet_sent
                0x00004354       0x40 contiki-sky.a(orchestra.o)
 .text.orchestra_callback_child_added
                0x00004394       0x26 contiki-sky.a(orchestra.o)
                0x00004394                orchestra_callback_child_added
 .text.orchestra_callback_child_removed
                0x000043ba       0x26 contiki-sky.a(orchestra.o)
                0x000043ba                orchestra_callback_child_removed
 .text.orchestra_callback_packet_ready
                0x000043e0       0x42 contiki-sky.a(orchestra.o)
                0x000043e0                orchestra_callback_packet_ready
 .text.orchestra_callback_new_time_source
                0x00004422       0x36 contiki-sky.a(orchestra.o)
                0x00004422                orchestra_callback_new_time_source
 .text.orchestra_init
                0x00004458       0x38 contiki-sky.a(orchestra.o)
                0x00004458                orchestra_init
 .text.select_packet
                0x00004490       0x16 contiki-sky.a(orchestra-rule-)
 .text.init     0x000044a6       0x28 contiki-sky.a(orchestra-rule-)
 .text.init     0x000044ce       0x3c contiki-sky.a(orchestra-rule-)
 .text.select_packet
                0x0000450a       0x34 contiki-sky.a(orchestra-rule-)
 .text.new_time_source
                0x0000453e       0x66 contiki-sky.a(orchestra-rule-)
 .text.init     0x000045a4       0x3e contiki-sky.a(orchestra-rule-)
 .text.select_packet
                0x000045e2       0x6c contiki-sky.a(orchestra-rule-)
 .text.remove_uc_link
                0x0000464e       0x82 contiki-sky.a(orchestra-rule-)
 .text.child_removed
                0x000046d0        0x6 contiki-sky.a(orchestra-rule-)
 .text.add_uc_link
                0x000046d6       0x32 contiki-sky.a(orchestra-rule-)
 .text.child_added
                0x00004708        0x6 contiki-sky.a(orchestra-rule-)
 .text.new_time_source
                0x0000470e       0x3a contiki-sky.a(orchestra-rule-)
 .text.init_platform
                0x00004748        0xc contiki-sky.a(contiki-sky-pla)
                0x00004748                init_platform
 .text.status   0x00004754       0x14 contiki-sky.a(sht11-sensor.o)
 .text.value    0x00004768       0x30 contiki-sky.a(sht11-sensor.o)
 .text.configure
                0x00004798       0x3e contiki-sky.a(sht11-sensor.o)
 .text.owreadb  0x000047d6       0x50 contiki-sky.a(ds2411.o)
 .text.ds2411_init
                0x00004826      0x120 contiki-sky.a(ds2411.o)
                0x00004826                ds2411_init
 .text.wait_ready
                0x00004946       0x4a contiki-sky.a(xmem.o)
 .text.xmem_init
                0x00004990       0x3c contiki-sky.a(xmem.o)
                0x00004990                xmem_init
 .text.xmem_pread
                0x000049cc       0xda contiki-sky.a(xmem.o)
                0x000049cc                xmem_pread
 .text.node_id_restore
                0x00004aa6       0x38 contiki-sky.a(node-id.o)
                0x00004aa6                node_id_restore
 .text.process_thread_sensors_process
                0x00004ade       0xbe contiki-sky.a(sensors.o)
 .text.set_object
                0x00004b9c        0x4 contiki-sky.a(cc2420.o)
 .text.strobe   0x00004ba0       0x1c contiki-sky.a(cc2420.o)
 .text.getreg   0x00004bbc       0x4c contiki-sky.a(cc2420.o)
 .text.setreg   0x00004c08       0x4c contiki-sky.a(cc2420.o)
 .text.write_ram
                0x00004c54       0x7c contiki-sky.a(cc2420.o)
 .text.write_fifo_buf
                0x00004cd0       0x3c contiki-sky.a(cc2420.o)
 .text.get_status
                0x00004d0c       0x20 contiki-sky.a(cc2420.o)
 .text.set_txpower
                0x00004d2c       0x24 contiki-sky.a(cc2420.o)
 .text.cc2420_receiving_packet
                0x00004d50        0xc contiki-sky.a(cc2420.o)
 .text.pending_packet
                0x00004d5c        0x8 contiki-sky.a(cc2420.o)
 .text.on       0x00004d64       0x26 contiki-sky.a(cc2420.o)
 .text.wait_for_transmission
                0x00004d8a       0x22 contiki-sky.a(cc2420.o)
 .text.wait_for_status
                0x00004dac       0x28 contiki-sky.a(cc2420.o)
 .text.getrxdata
                0x00004dd4       0x50 contiki-sky.a(cc2420.o)
 .text.flushrx  0x00004e24       0x1a contiki-sky.a(cc2420.o)
 .text.off      0x00004e3e       0x5e contiki-sky.a(cc2420.o)
 .text.RELEASE_LOCK
                0x00004e9c       0x28 contiki-sky.a(cc2420.o)
 .text.set_frame_filtering
                0x00004ec4       0x30 contiki-sky.a(cc2420.o)
 .text.set_auto_ack
                0x00004ef4       0x30 contiki-sky.a(cc2420.o)
 .text.set_poll_mode
                0x00004f24       0x2c contiki-sky.a(cc2420.o)
 .text.cc2420_prepare
                0x00004f50       0x3c contiki-sky.a(cc2420.o)
 .text.get_object
                0x00004f8c       0x20 contiki-sky.a(cc2420.o)
 .text.cc2420_on
                0x00004fac       0x22 contiki-sky.a(cc2420.o)
                0x00004fac                cc2420_on
 .text.cc2420_off
                0x00004fce       0x30 contiki-sky.a(cc2420.o)
                0x00004fce                cc2420_off
 .text.cc2420_cca
                0x00004ffe       0x68 contiki-sky.a(cc2420.o)
 .text.cc2420_read
                0x00005066       0xbc contiki-sky.a(cc2420.o)
 .text.process_thread_cc2420_process
                0x00005122       0x5c contiki-sky.a(cc2420.o)
 .text.cc2420_set_channel
                0x0000517e       0x3c contiki-sky.a(cc2420.o)
                0x0000517e                cc2420_set_channel
 .text.cc2420_set_pan_addr
                0x000051ba       0x4c contiki-sky.a(cc2420.o)
                0x000051ba                cc2420_set_pan_addr
 .text.cc2420_interrupt
                0x00005206       0x16 contiki-sky.a(cc2420.o)
                0x00005206                cc2420_interrupt
 .text.cc2420_set_txpower
                0x0000521c        0xe contiki-sky.a(cc2420.o)
                0x0000521c                cc2420_set_txpower
 .text.cc2420_get_txpower
                0x0000522a       0x1e contiki-sky.a(cc2420.o)
                0x0000522a                cc2420_get_txpower
 .text.cc2420_transmit
                0x00005248      0x116 contiki-sky.a(cc2420.o)
 .text.cc2420_send
                0x0000535e       0x12 contiki-sky.a(cc2420.o)
 .text.cc2420_rssi
                0x00005370       0x4c contiki-sky.a(cc2420.o)
                0x00005370                cc2420_rssi
 .text.get_value
                0x000053bc      0x104 contiki-sky.a(cc2420.o)
 .text.cc2420_set_cca_threshold
                0x000054c0       0x16 contiki-sky.a(cc2420.o)
                0x000054c0                cc2420_set_cca_threshold
 .text.set_value
                0x000054d6       0xb8 contiki-sky.a(cc2420.o)
 .text.cc2420_init
                0x0000558e       0xd6 contiki-sky.a(cc2420.o)
                0x0000558e                cc2420_init
 .text.cc2420_port1_interrupt
                0x00005664       0x62 contiki-sky.a(cc2420-arch.o)
                0x00005664                __isr_4
                0x00005664                cc2420_port1_interrupt
 .text.cc2420_arch_init
                0x000056c6       0x1e contiki-sky.a(cc2420-arch.o)
                0x000056c6                cc2420_arch_init
 .text.cc2420_timerb1_interrupt
                0x000056e4       0x6e contiki-sky.a(cc2420-arch-sfd)
                0x000056e4                cc2420_timerb1_interrupt
                0x000056e4                __isr_12
 .text.cc2420_arch_sfd_init
                0x00005752       0x26 contiki-sky.a(cc2420-arch-sfd)
                0x00005752                cc2420_arch_sfd_init
 .text.uart1_active
                0x00005778       0x18 contiki-sky.a(uart1.o)
                0x00005778                uart1_active
 .text.uart1_init
                0x00005790       0xf4 contiki-sky.a(uart1.o)
                0x00005790                uart1_init
 .text.msp430_init_dco
                0x00005884       0x82 contiki-sky.a(msp430.o)
                0x00005884                msp430_init_dco
 .text.msp430_add_lpm_req
                0x00005906        0xc contiki-sky.a(msp430.o)
                0x00005906                msp430_add_lpm_req
 .text.msp430_cpu_init
                0x00005912       0x2a contiki-sky.a(msp430.o)
                0x00005912                msp430_cpu_init
 .text.splhigh_
                0x0000593c        0x8 contiki-sky.a(msp430.o)
                0x0000593c                splhigh_
 .text.timera1  0x00005944      0x11e contiki-sky.a(clock.o)
                0x00005944                __isr_5
                0x00005944                timera1
 .text.clock_time
                0x00005a62       0x1a contiki-sky.a(clock.o)
                0x00005a62                clock_time
 .text.clock_init
                0x00005a7c       0x28 contiki-sky.a(clock.o)
                0x00005a7c                clock_init
 .text.clock_delay
                0x00005aa4        0xc contiki-sky.a(clock.o)
                0x00005aa4                clock_delay
 .text.clock_wait
                0x00005ab0       0x30 contiki-sky.a(clock.o)
                0x00005ab0                clock_wait
 .text.clock_seconds
                0x00005ae0       0x1a contiki-sky.a(clock.o)
                0x00005ae0                clock_seconds
 .text.watchdog_interrupt
                0x00005afa        0x6 contiki-sky.a(watchdog.o)
                0x00005afa                __isr_10
                0x00005afa                watchdog_interrupt
 .text.watchdog_start
                0x00005b00       0x14 contiki-sky.a(watchdog.o)
                0x00005b00                watchdog_start
 .text.watchdog_periodic
                0x00005b14       0x12 contiki-sky.a(watchdog.o)
                0x00005b14                watchdog_periodic
 .text.watchdog_stop
                0x00005b26       0x16 contiki-sky.a(watchdog.o)
                0x00005b26                watchdog_stop
 .text.watchdog_init
                0x00005b3c       0x12 contiki-sky.a(watchdog.o)
                0x00005b3c                watchdog_init
 .text.rtimer_arch_init
                0x00005b4e        0xe contiki-sky.a(rtimer-arch.o)
                0x00005b4e                rtimer_arch_init
 .text.rtimer_arch_now
                0x00005b5c        0xe contiki-sky.a(rtimer-arch.o)
                0x00005b5c                rtimer_arch_now
 .text.timera0  0x00005b6a       0x70 contiki-sky.a(rtimer-arch.o)
                0x00005b6a                __isr_6
                0x00005b6a                timera0
 .text.rtimer_arch_schedule
                0x00005bda        0x6 contiki-sky.a(rtimer-arch.o)
                0x00005bda                rtimer_arch_schedule
 .text.leds_init
                0x00005be0        0xa contiki-sky.a(leds.o)
                0x00005be0                leds_init
 .text.leds_arch_init
                0x00005bea        0xe contiki-sky.a(leds-arch.o)
                0x00005bea                leds_arch_init
 .text.tsch_schedule_get_slotframe_by_handle
                0x00005bf8       0x2e contiki-sky.a(tsch-schedule.o)
                0x00005bf8                tsch_schedule_get_slotframe_by_handle
 .text.tsch_schedule_add_slotframe
                0x00005c26       0x7c contiki-sky.a(tsch-schedule.o)
                0x00005c26                tsch_schedule_add_slotframe
 .text.tsch_schedule_remove_link
                0x00005ca2       0x7e contiki-sky.a(tsch-schedule.o)
                0x00005ca2                tsch_schedule_remove_link
 .text.tsch_schedule_remove_slotframe
                0x00005d20       0x46 contiki-sky.a(tsch-schedule.o)
                0x00005d20                tsch_schedule_remove_slotframe
 .text.tsch_schedule_remove_all_slotframes
                0x00005d66       0x1e contiki-sky.a(tsch-schedule.o)
                0x00005d66                tsch_schedule_remove_all_slotframes
 .text.tsch_schedule_get_link_by_timeslot
                0x00005d84       0x38 contiki-sky.a(tsch-schedule.o)
                0x00005d84                tsch_schedule_get_link_by_timeslot
 .text.tsch_schedule_remove_link_by_timeslot
                0x00005dbc       0x26 contiki-sky.a(tsch-schedule.o)
                0x00005dbc                tsch_schedule_remove_link_by_timeslot
 .text.tsch_schedule_add_link
                0x00005de2       0xb2 contiki-sky.a(tsch-schedule.o)
                0x00005de2                tsch_schedule_add_link
 .text.tsch_schedule_get_next_active_link
                0x00005e94      0x132 contiki-sky.a(tsch-schedule.o)
                0x00005e94                tsch_schedule_get_next_active_link
 .text.tsch_schedule_init
                0x00005fc6       0x2c contiki-sky.a(tsch-schedule.o)
                0x00005fc6                tsch_schedule_init
 .text.tsch_schedule_slot_operation.isra.0
                0x00005ff2       0x5e contiki-sky.a(tsch-slot-opera)
 .text.tsch_tx_slot.constprop.4
                0x00006050      0x42e contiki-sky.a(tsch-slot-opera)
 .text.get_packet_and_neighbor_for_link.constprop.5
                0x0000647e       0x68 contiki-sky.a(tsch-slot-opera)
 .text.tsch_is_locked
                0x000064e6        0x6 contiki-sky.a(tsch-slot-opera)
                0x000064e6                tsch_is_locked
 .text.tsch_get_lock
                0x000064ec       0x3c contiki-sky.a(tsch-slot-opera)
                0x000064ec                tsch_get_lock
 .text.tsch_release_lock
                0x00006528        0x6 contiki-sky.a(tsch-slot-opera)
                0x00006528                tsch_release_lock
 .text.tsch_calculate_channel
                0x0000652e       0x62 contiki-sky.a(tsch-slot-opera)
                0x0000652e                tsch_calculate_channel
 .text.tsch_slot_operation
                0x00006590      0x5e2 contiki-sky.a(tsch-slot-opera)
 .text.tsch_slot_operation_start
                0x00006b72       0x84 contiki-sky.a(tsch-slot-opera)
                0x00006b72                tsch_slot_operation_start
 .text.tsch_slot_operation_sync
                0x00006bf6       0x2a contiki-sky.a(tsch-slot-opera)
                0x00006bf6                tsch_slot_operation_sync
 .text.tsch_packet_create_eack
                0x00006c20       0xac contiki-sky.a(tsch-packet.o)
                0x00006c20                tsch_packet_create_eack
 .text.tsch_packet_parse_eack
                0x00006ccc       0xce contiki-sky.a(tsch-packet.o)
                0x00006ccc                tsch_packet_parse_eack
 .text.tsch_packet_create_eb
                0x00006d9a      0x144 contiki-sky.a(tsch-packet.o)
                0x00006d9a                tsch_packet_create_eb
 .text.tsch_packet_update_eb
                0x00006ede       0x42 contiki-sky.a(tsch-packet.o)
                0x00006ede                tsch_packet_update_eb
 .text.tsch_packet_parse_eb
                0x00006f20       0x94 contiki-sky.a(tsch-packet.o)
                0x00006f20                tsch_packet_parse_eb
 .text.tsch_timesync_update
                0x00006fb4        0x2 contiki-sky.a(tsch-adaptive-t)
                0x00006fb4                tsch_timesync_update
 .text.tsch_timesync_adaptive_compensate
                0x00006fb6        0x6 contiki-sky.a(tsch-adaptive-t)
                0x00006fb6                tsch_timesync_adaptive_compensate
 .text.turn_off
                0x00006fbc        0x4 contiki-sky.a(tsch.o)
 .text.channel_check_interval
                0x00006fc0        0x4 contiki-sky.a(tsch.o)
 .text.packet_input
                0x00006fc4       0x94 contiki-sky.a(tsch.o)
 .text.send_packet
                0x00007058       0x88 contiki-sky.a(tsch.o)
 .text.tsch_reset
                0x000070e0       0x7a contiki-sky.a(tsch.o)
 .text.tsch_init
                0x0000715a       0x9a contiki-sky.a(tsch.o)
 .text.process_thread_tsch_send_eb_process
                0x000071f4      0x19e contiki-sky.a(tsch.o)
 .text.turn_on  0x00007392       0x36 contiki-sky.a(tsch.o)
 .text.keepalive_send
                0x000073c8       0x2c contiki-sky.a(tsch.o)
 .text.tsch_set_coordinator
                0x000073f4       0x10 contiki-sky.a(tsch.o)
                0x000073f4                tsch_set_coordinator
 .text.tsch_set_join_priority
                0x00007404        0x6 contiki-sky.a(tsch.o)
                0x00007404                tsch_set_join_priority
 .text.tsch_set_eb_period
                0x0000740a        0xa contiki-sky.a(tsch.o)
                0x0000740a                tsch_set_eb_period
 .text.tsch_schedule_keepalive
                0x00007414       0x40 contiki-sky.a(tsch.o)
                0x00007414                tsch_schedule_keepalive
 .text.keepalive_packet_sent
                0x00007454        0xe contiki-sky.a(tsch.o)
 .text.tsch_disassociate
                0x00007462       0x1a contiki-sky.a(tsch.o)
                0x00007462                tsch_disassociate
 .text.process_thread_tsch_pending_events_process
                0x0000747c      0x166 contiki-sky.a(tsch.o)
 .text.tsch_scan
                0x000075e2      0x31e contiki-sky.a(tsch.o)
                0x000075e2                tsch_scan
 .text.process_thread_tsch_process
                0x00007900       0xae contiki-sky.a(tsch.o)
 .text.autostart_start
                0x000079ae       0x16 contiki-sky.a(autostart.o)
                0x000079ae                autostart_start
 .text.process_thread_ctimer_process
                0x000079c4       0xa8 contiki-sky.a(ctimer.o)
 .text.ctimer_init
                0x00007a6c       0x18 contiki-sky.a(ctimer.o)
                0x00007a6c                ctimer_init
 .text.ctimer_set_with_process
                0x00007a84       0x4e contiki-sky.a(ctimer.o)
                0x00007a84                ctimer_set_with_process
 .text.ctimer_set
                0x00007ad2       0x10 contiki-sky.a(ctimer.o)
                0x00007ad2                ctimer_set
 .text.ctimer_reset
                0x00007ae2       0x30 contiki-sky.a(ctimer.o)
                0x00007ae2                ctimer_reset
 .text.ctimer_stop
                0x00007b12       0x28 contiki-sky.a(ctimer.o)
                0x00007b12                ctimer_stop
 .text.energest_init
                0x00007b3a       0x26 contiki-sky.a(energest.o)
                0x00007b3a                energest_init
 .text.energest_type_time
                0x00007b60       0x48 contiki-sky.a(energest.o)
                0x00007b60                energest_type_time
 .text.energest_type_set
                0x00007ba8        0xe contiki-sky.a(energest.o)
                0x00007ba8                energest_type_set
 .text.energest_flush
                0x00007bb6       0x48 contiki-sky.a(energest.o)
                0x00007bb6                energest_flush
 .text.update_time
                0x00007bfe       0x78 contiki-sky.a(etimer.o)
 .text.etimer_request_poll
                0x00007c76        0xa contiki-sky.a(etimer.o)
                0x00007c76                etimer_request_poll
 .text.process_thread_etimer_process
                0x00007c80       0xcc contiki-sky.a(etimer.o)
 .text.add_timer
                0x00007d4c       0x40 contiki-sky.a(etimer.o)
 .text.etimer_set
                0x00007d8c       0x12 contiki-sky.a(etimer.o)
                0x00007d8c                etimer_set
 .text.etimer_reset
                0x00007d9e       0x12 contiki-sky.a(etimer.o)
                0x00007d9e                etimer_reset
 .text.etimer_expired
                0x00007db0        0xe contiki-sky.a(etimer.o)
                0x00007db0                etimer_expired
 .text.etimer_expiration_time
                0x00007dbe       0x14 contiki-sky.a(etimer.o)
                0x00007dbe                etimer_expiration_time
 .text.etimer_pending
                0x00007dd2        0xc contiki-sky.a(etimer.o)
                0x00007dd2                etimer_pending
 .text.etimer_next_expiration_time
                0x00007dde       0x16 contiki-sky.a(etimer.o)
                0x00007dde                etimer_next_expiration_time
 .text.etimer_stop
                0x00007df4       0x3e contiki-sky.a(etimer.o)
                0x00007df4                etimer_stop
 .text.call_process
                0x00007e32       0x44 contiki-sky.a(process.o)
 .text.exit_process
                0x00007e76       0x94 contiki-sky.a(process.o)
 .text.do_poll  0x00007f0a       0x30 contiki-sky.a(process.o)
 .text.process_alloc_event
                0x00007f3a        0xe contiki-sky.a(process.o)
                0x00007f3a                process_alloc_event
 .text.process_init
                0x00007f48       0x1c contiki-sky.a(process.o)
                0x00007f48                process_init
 .text.process_run
                0x00007f64       0xa2 contiki-sky.a(process.o)
                0x00007f64                process_run
 .text.process_nevents
                0x00008006        0xe contiki-sky.a(process.o)
                0x00008006                process_nevents
 .text.process_post
                0x00008014       0x54 contiki-sky.a(process.o)
                0x00008014                process_post
 .text.process_post_synch
                0x00008068       0x12 contiki-sky.a(process.o)
                0x00008068                process_post_synch
 .text.process_start
                0x0000807a       0x36 contiki-sky.a(process.o)
                0x0000807a                process_start
 .text.process_poll
                0x000080b0       0x18 contiki-sky.a(process.o)
                0x000080b0                process_poll
 .text.rtimer_init
                0x000080c8        0x6 contiki-sky.a(rtimer.o)
                0x000080c8                rtimer_init
 .text.rtimer_set
                0x000080ce       0x24 contiki-sky.a(rtimer.o)
                0x000080ce                rtimer_set
 .text.rtimer_run_next
                0x000080f2       0x26 contiki-sky.a(rtimer.o)
                0x000080f2                rtimer_run_next
 .text.timer_set
                0x00008118       0x1c contiki-sky.a(timer.o)
                0x00008118                timer_set
 .text.timer_reset
                0x00008134        0xe contiki-sky.a(timer.o)
                0x00008134                timer_reset
 .text.timer_expired
                0x00008142       0x2a contiki-sky.a(timer.o)
                0x00008142                timer_expired
 .text.ringbufindex_init
                0x0000816c       0x10 contiki-sky.a(ringbufindex.o)
                0x0000816c                ringbufindex_init
 .text.ringbufindex_put
                0x0000817c       0x28 contiki-sky.a(ringbufindex.o)
                0x0000817c                ringbufindex_put
 .text.ringbufindex_peek_put
                0x000081a4       0x20 contiki-sky.a(ringbufindex.o)
                0x000081a4                ringbufindex_peek_put
 .text.ringbufindex_get
                0x000081c4       0x2c contiki-sky.a(ringbufindex.o)
                0x000081c4                ringbufindex_get
 .text.ringbufindex_peek_get
                0x000081f0       0x1c contiki-sky.a(ringbufindex.o)
                0x000081f0                ringbufindex_peek_get
 .text.ringbufindex_elements
                0x0000820c       0x10 contiki-sky.a(ringbufindex.o)
                0x0000820c                ringbufindex_elements
 .text.ringbufindex_empty
                0x0000821c       0x10 contiki-sky.a(ringbufindex.o)
                0x0000821c                ringbufindex_empty
 .text.list_init
                0x0000822c        0x6 contiki-sky.a(list.o)
                0x0000822c                list_init
 .text.list_head
                0x00008232        0x4 contiki-sky.a(list.o)
                0x00008232                list_head
 .text.list_tail
                0x00008236       0x12 contiki-sky.a(list.o)
                0x00008236                list_tail
 .text.list_remove
                0x00008248       0x34 contiki-sky.a(list.o)
                0x00008248                list_remove
 .text.list_push
                0x0000827c       0x1a contiki-sky.a(list.o)
                0x0000827c                list_push
 .text.list_add
                0x00008296       0x2a contiki-sky.a(list.o)
                0x00008296                list_add
 .text.list_length
                0x000082c0       0x10 contiki-sky.a(list.o)
                0x000082c0                list_length
 .text.list_item_next
                0x000082d0        0xc contiki-sky.a(list.o)
                0x000082d0                list_item_next
 .text.memb_init
                0x000082dc       0x36 contiki-sky.a(memb.o)
                0x000082dc                memb_init
 .text.memb_alloc
                0x00008312       0x3e contiki-sky.a(memb.o)
                0x00008312                memb_alloc
 .text.memb_free
                0x00008350       0x3a contiki-sky.a(memb.o)
                0x00008350                memb_free
 .text.memb_inmemb
                0x0000838a       0x2a contiki-sky.a(memb.o)
                0x0000838a                memb_inmemb
 .text.random_init
                0x000083b4        0x6 contiki-sky.a(random.o)
                0x000083b4                random_init
 .text.random_rand
                0x000083ba        0x6 contiki-sky.a(random.o)
                0x000083ba                random_rand
 .text.call_route_callback
                0x000083c0       0x4c contiki-sky.a(uip-ds6-route.o)
 .text.uip_ds6_route_init
                0x0000840c       0x36 contiki-sky.a(uip-ds6-route.o)
                0x0000840c                uip_ds6_route_init
 .text.uip_ds6_route_nexthop
                0x00008442       0x1a contiki-sky.a(uip-ds6-route.o)
                0x00008442                uip_ds6_route_nexthop
 .text.uip_ds6_route_head
                0x0000845c        0xa contiki-sky.a(uip-ds6-route.o)
                0x0000845c                uip_ds6_route_head
 .text.uip_ds6_route_next
                0x00008466        0xe contiki-sky.a(uip-ds6-route.o)
                0x00008466                uip_ds6_route_next
 .text.uip_ds6_route_lookup
                0x00008474       0x8c contiki-sky.a(uip-ds6-route.o)
                0x00008474                uip_ds6_route_lookup
 .text.uip_ds6_route_rm
                0x00008500       0xba contiki-sky.a(uip-ds6-route.o)
                0x00008500                uip_ds6_route_rm
 .text.rm_routelist
                0x000085ba       0x34 contiki-sky.a(uip-ds6-route.o)
 .text.rm_routelist_callback
                0x000085ee        0x6 contiki-sky.a(uip-ds6-route.o)
 .text.uip_ds6_route_add
                0x000085f4      0x11a contiki-sky.a(uip-ds6-route.o)
                0x000085f4                uip_ds6_route_add
 .text.uip_ds6_defrt_rm
                0x0000870e       0x48 contiki-sky.a(uip-ds6-route.o)
                0x0000870e                uip_ds6_defrt_rm
 .text.uip_ds6_defrt_lookup
                0x00008756       0x36 contiki-sky.a(uip-ds6-route.o)
                0x00008756                uip_ds6_defrt_lookup
 .text.uip_ds6_defrt_add
                0x0000878c       0x74 contiki-sky.a(uip-ds6-route.o)
                0x0000878c                uip_ds6_defrt_add
 .text.uip_ds6_defrt_choose
                0x00008800       0x3a contiki-sky.a(uip-ds6-route.o)
                0x00008800                uip_ds6_defrt_choose
 .text.uip_ds6_defrt_periodic
                0x0000883a       0x38 contiki-sky.a(uip-ds6-route.o)
                0x0000883a                uip_ds6_defrt_periodic
 .text.chksum   0x00008872       0x32 contiki-sky.a(uip6.o)
 .text.upper_layer_chksum
                0x000088a4       0x56 contiki-sky.a(uip6.o)
 .text.ext_hdr_options_process
                0x000088fa       0xd0 contiki-sky.a(uip6.o)
 .text.uip_icmp6chksum
                0x000089ca        0xa contiki-sky.a(uip6.o)
                0x000089ca                uip_icmp6chksum
 .text.uip_udpchksum
                0x000089d4        0xa contiki-sky.a(uip6.o)
                0x000089d4                uip_udpchksum
 .text.uip_init
                0x000089de       0x42 contiki-sky.a(uip6.o)
                0x000089de                uip_init
 .text.remove_ext_hdr
                0x00008a20       0x54 contiki-sky.a(uip6.o)
                0x00008a20                remove_ext_hdr
 .text.uip_udp_new
                0x00008a74       0xe4 contiki-sky.a(uip6.o)
                0x00008a74                uip_udp_new
 .text.uip_process
                0x00008b58      0x49e contiki-sky.a(uip6.o)
                0x00008b58                uip_process
 .text.uip_htonl
                0x00008ff6       0x2e contiki-sky.a(uip6.o)
                0x00008ff6                uip_htonl
 .text.uip_ds6_nbr_rm
                0x00009024       0x1a contiki-sky.a(uip-ds6-nbr.o)
                0x00009024                uip_ds6_nbr_rm
 .text.uip_ds6_neighbors_init
                0x0000903e        0xe contiki-sky.a(uip-ds6-nbr.o)
                0x0000903e                uip_ds6_neighbors_init
 .text.uip_ds6_nbr_add
                0x0000904c       0x60 contiki-sky.a(uip-ds6-nbr.o)
                0x0000904c                uip_ds6_nbr_add
 .text.uip_ds6_nbr_get_ll
                0x000090ac        0xc contiki-sky.a(uip-ds6-nbr.o)
                0x000090ac                uip_ds6_nbr_get_ll
 .text.uip_ds6_nbr_lookup
                0x000090b8       0x42 contiki-sky.a(uip-ds6-nbr.o)
                0x000090b8                uip_ds6_nbr_lookup
 .text.uip_ds6_nbr_ll_lookup
                0x000090fa        0xc contiki-sky.a(uip-ds6-nbr.o)
                0x000090fa                uip_ds6_nbr_ll_lookup
 .text.uip_ds6_nbr_ipaddr_from_lladdr
                0x00009106        0x6 contiki-sky.a(uip-ds6-nbr.o)
                0x00009106                uip_ds6_nbr_ipaddr_from_lladdr
 .text.uip_ds6_nbr_lladdr_from_ipaddr
                0x0000910c       0x12 contiki-sky.a(uip-ds6-nbr.o)
                0x0000910c                uip_ds6_nbr_lladdr_from_ipaddr
 .text.uip_ds6_link_neighbor_callback
                0x0000911e       0x2a contiki-sky.a(uip-ds6-nbr.o)
                0x0000911e                uip_ds6_link_neighbor_callback
 .text.uip_ds6_neighbor_periodic
                0x00009148       0x60 contiki-sky.a(uip-ds6-nbr.o)
                0x00009148                uip_ds6_neighbor_periodic
 .text.uip_nd6_init
                0x000091a8        0x2 contiki-sky.a(uip-nd6.o)
                0x000091a8                uip_nd6_init
 .text.set_packet_attrs
                0x000091aa       0x46 contiki-sky.a(sicslowpan.o)
 .text.addr_context_lookup_by_number
                0x000091f0       0x32 contiki-sky.a(sicslowpan.o)
 .text.compress_addr_64
                0x00009222       0xae contiki-sky.a(sicslowpan.o)
 .text.uncompress_addr
                0x000092d0       0xb4 contiki-sky.a(sicslowpan.o)
 .text.sicslowpan_init
                0x00009384       0x26 contiki-sky.a(sicslowpan.o)
                0x00009384                sicslowpan_init
 .text.addr_context_lookup_by_prefix
                0x000093aa       0x4c contiki-sky.a(sicslowpan.o)
 .text.packet_sent
                0x000093f6       0x22 contiki-sky.a(sicslowpan.o)
 .text.input    0x00009418      0x468 contiki-sky.a(sicslowpan.o)
 .text.output   0x00009880      0x566 contiki-sky.a(sicslowpan.o)
 .text.rime_sniffer_add
                0x00009de6        0x6 contiki-sky.a(sicslowpan.o)
                0x00009de6                rime_sniffer_add
 .text.tcpip_output
                0x00009dec       0x10 contiki-sky.a(tcpip.o)
                0x00009dec                tcpip_output
 .text.tcpip_set_outputfunc
                0x00009dfc        0x6 contiki-sky.a(tcpip.o)
                0x00009dfc                tcpip_set_outputfunc
 .text.udp_new  0x00009e02       0x1a contiki-sky.a(tcpip.o)
                0x00009e02                udp_new
 .text.tcpip_input
                0x00009e1c       0x16 contiki-sky.a(tcpip.o)
                0x00009e1c                tcpip_input
 .text.tcpip_ipv6_output
                0x00009e32       0xd2 contiki-sky.a(tcpip.o)
                0x00009e32                tcpip_ipv6_output
 .text.process_thread_tcpip_process
                0x00009f04       0xd4 contiki-sky.a(tcpip.o)
 .text.tcpip_uipcall
                0x00009fd8       0x2a contiki-sky.a(tcpip.o)
                0x00009fd8                tcpip_uipcall
 .text.process_thread_simple_udp_process
                0x0000a002       0xae contiki-sky.a(simple-udp.o)
 .text.simple_udp_sendto
                0x0000a0b0       0x2c contiki-sky.a(simple-udp.o)
                0x0000a0b0                simple_udp_sendto
 .text.simple_udp_register
                0x0000a0dc       0x92 contiki-sky.a(simple-udp.o)
                0x0000a0dc                simple_udp_register
 .text.uip_debug_ipaddr_print
                0x0000a16e        0x2 contiki-sky.a(uip-debug.o)
                0x0000a16e                uip_debug_ipaddr_print
 .text.lollipop_greater_than
                0x0000a170       0x3c contiki-sky.a(rpl-dag.o)
 .text.find_parent_any_dag_any_instance
                0x0000a1ac       0x14 contiki-sky.a(rpl-dag.o)
 .text.rpl_set_preferred_parent
                0x0000a1c0       0x38 contiki-sky.a(rpl-dag.o)
 .text.set_ip_from_prefix
                0x0000a1f8       0x38 contiki-sky.a(rpl-dag.o)
 .text.check_prefix
                0x0000a230       0x80 contiki-sky.a(rpl-dag.o)
 .text.rpl_get_nbr
                0x0000a2b0       0x1e contiki-sky.a(rpl-dag.o)
                0x0000a2b0                rpl_get_nbr
 .text.rpl_dag_init
                0x0000a2ce        0xe contiki-sky.a(rpl-dag.o)
                0x0000a2ce                rpl_dag_init
 .text.rpl_get_parent
                0x0000a2dc        0xc contiki-sky.a(rpl-dag.o)
                0x0000a2dc                rpl_get_parent
 .text.rpl_get_parent_ipaddr
                0x0000a2e8       0x10 contiki-sky.a(rpl-dag.o)
                0x0000a2e8                rpl_get_parent_ipaddr
 .text.rpl_set_prefix
                0x0000a2f8       0x8e contiki-sky.a(rpl-dag.o)
                0x0000a2f8                rpl_set_prefix
 .text.rpl_set_default_route
                0x0000a386       0x64 contiki-sky.a(rpl-dag.o)
                0x0000a386                rpl_set_default_route
 .text.rpl_alloc_instance
                0x0000a3ea       0x34 contiki-sky.a(rpl-dag.o)
                0x0000a3ea                rpl_alloc_instance
 .text.rpl_add_parent
                0x0000a41e       0x56 contiki-sky.a(rpl-dag.o)
                0x0000a41e                rpl_add_parent
 .text.rpl_find_parent
                0x0000a474       0x1a contiki-sky.a(rpl-dag.o)
                0x0000a474                rpl_find_parent
 .text.rpl_find_parent_any_dag
                0x0000a48e       0x22 contiki-sky.a(rpl-dag.o)
                0x0000a48e                rpl_find_parent_any_dag
 .text.rpl_select_parent
                0x0000a4b0       0x7c contiki-sky.a(rpl-dag.o)
                0x0000a4b0                rpl_select_parent
 .text.rpl_select_dag
                0x0000a52c      0x1a8 contiki-sky.a(rpl-dag.o)
                0x0000a52c                rpl_select_dag
 .text.rpl_nullify_parent
                0x0000a6d4       0x52 contiki-sky.a(rpl-dag.o)
                0x0000a6d4                rpl_nullify_parent
 .text.rpl_remove_parent
                0x0000a726       0x16 contiki-sky.a(rpl-dag.o)
                0x0000a726                rpl_remove_parent
 .text.nbr_callback
                0x0000a73c        0x6 contiki-sky.a(rpl-dag.o)
 .text.remove_parents.constprop.5
                0x0000a742       0x30 contiki-sky.a(rpl-dag.o)
 .text.rpl_free_dag
                0x0000a772       0x34 contiki-sky.a(rpl-dag.o)
                0x0000a772                rpl_free_dag
 .text.rpl_move_parent
                0x0000a7a6       0x5a contiki-sky.a(rpl-dag.o)
                0x0000a7a6                rpl_move_parent
 .text.rpl_get_any_dag
                0x0000a800       0x16 contiki-sky.a(rpl-dag.o)
                0x0000a800                rpl_get_any_dag
 .text.rpl_get_instance
                0x0000a816       0x16 contiki-sky.a(rpl-dag.o)
                0x0000a816                rpl_get_instance
 .text.rpl_alloc_dag
                0x0000a82c       0x64 contiki-sky.a(rpl-dag.o)
                0x0000a82c                rpl_alloc_dag
 .text.rpl_repair_root
                0x0000a890       0x4c contiki-sky.a(rpl-dag.o)
                0x0000a890                rpl_repair_root
 .text.rpl_find_of
                0x0000a8dc       0x10 contiki-sky.a(rpl-dag.o)
                0x0000a8dc                rpl_find_of
 .text.rpl_join_instance
                0x0000a8ec      0x136 contiki-sky.a(rpl-dag.o)
                0x0000a8ec                rpl_join_instance
 .text.rpl_local_repair
                0x0000aa22       0x7e contiki-sky.a(rpl-dag.o)
                0x0000aa22                rpl_local_repair
 .text.rpl_process_parent_event
                0x0000aaa0       0x7e contiki-sky.a(rpl-dag.o)
                0x0000aaa0                rpl_process_parent_event
 .text.rpl_recalculate_ranks
                0x0000ab1e       0x44 contiki-sky.a(rpl-dag.o)
                0x0000ab1e                rpl_recalculate_ranks
 .text.rpl_add_dag
                0x0000ab62      0x11a contiki-sky.a(rpl-dag.o)
                0x0000ab62                rpl_add_dag
 .text.rpl_process_dio
                0x0000ac7c      0x330 contiki-sky.a(rpl-dag.o)
                0x0000ac7c                rpl_process_dio
 .text.handle_unicast_dio_timer
                0x0000afac       0x1c contiki-sky.a(rpl-timers.o)
 .text.set_dao_lifetime_timer
                0x0000afc8       0x66 contiki-sky.a(rpl-timers.o)
 .text.new_dio_interval
                0x0000b02e       0x9a contiki-sky.a(rpl-timers.o)
 .text.handle_periodic_timer
                0x0000b0c8       0x32 contiki-sky.a(rpl-timers.o)
 .text.schedule_dao
                0x0000b0fa       0x82 contiki-sky.a(rpl-timers.o)
 .text.handle_dao_timer
                0x0000b17c       0x64 contiki-sky.a(rpl-timers.o)
 .text.handle_dio_timer
                0x0000b1e0       0x88 contiki-sky.a(rpl-timers.o)
 .text.rpl_reset_periodic_timer
                0x0000b268       0x54 contiki-sky.a(rpl-timers.o)
                0x0000b268                rpl_reset_periodic_timer
 .text.rpl_reset_dio_timer
                0x0000b2bc       0x18 contiki-sky.a(rpl-timers.o)
                0x0000b2bc                rpl_reset_dio_timer
 .text.rpl_schedule_dao
                0x0000b2d4        0xc contiki-sky.a(rpl-timers.o)
                0x0000b2d4                rpl_schedule_dao
 .text.rpl_schedule_unicast_dio_immediately
                0x0000b2e0       0x16 contiki-sky.a(rpl-timers.o)
                0x0000b2e0                rpl_schedule_unicast_dio_immediately
 .text.rpl_schedule_probing
                0x0000b2f6       0x3c contiki-sky.a(rpl-timers.o)
                0x0000b2f6                rpl_schedule_probing
 .text.handle_probing_timer
                0x0000b332      0x120 contiki-sky.a(rpl-timers.o)
 .text.rpl_verify_header
                0x0000b452      0x10e contiki-sky.a(rpl-ext-header.)
                0x0000b452                rpl_verify_header
 .text.rpl_update_header_empty
                0x0000b560      0x132 contiki-sky.a(rpl-ext-header.)
                0x0000b560                rpl_update_header_empty
 .text.rpl_update_header_final
                0x0000b692       0x8e contiki-sky.a(rpl-ext-header.)
                0x0000b692                rpl_update_header_final
 .text.rpl_invert_header
                0x0000b720       0x7c contiki-sky.a(rpl-ext-header.)
                0x0000b720                rpl_invert_header
 .text.rpl_insert_header
                0x0000b79c       0x12 contiki-sky.a(rpl-ext-header.)
                0x0000b79c                rpl_insert_header
 .text.rpl_get_mode
                0x0000b7ae        0x6 contiki-sky.a(rpl.o)
                0x0000b7ae                rpl_get_mode
 .text.rpl_purge_routes
                0x0000b7b4       0x96 contiki-sky.a(rpl.o)
                0x0000b7b4                rpl_purge_routes
 .text.rpl_remove_routes
                0x0000b84a       0x22 contiki-sky.a(rpl.o)
                0x0000b84a                rpl_remove_routes
 .text.rpl_remove_routes_by_nexthop
                0x0000b86c       0x46 contiki-sky.a(rpl.o)
                0x0000b86c                rpl_remove_routes_by_nexthop
 .text.rpl_add_route
                0x0000b8b2       0x48 contiki-sky.a(rpl.o)
                0x0000b8b2                rpl_add_route
 .text.rpl_link_neighbor_callback
                0x0000b8fa       0x7c contiki-sky.a(rpl.o)
                0x0000b8fa                rpl_link_neighbor_callback
 .text.rpl_ipv6_neighbor_callback
                0x0000b976       0x1e contiki-sky.a(rpl.o)
                0x0000b976                rpl_ipv6_neighbor_callback
 .text.rpl_purge_dags
                0x0000b994       0x70 contiki-sky.a(rpl.o)
                0x0000b994                rpl_purge_dags
 .text.rpl_init
                0x0000ba04       0x4a contiki-sky.a(rpl.o)
                0x0000ba04                rpl_init
 .text.reset    0x0000ba4e        0x2 contiki-sky.a(rpl-mrhof.o)
 .text.update_metric_container
                0x0000ba50        0x6 contiki-sky.a(rpl-mrhof.o)
 .text.calculate_rank
                0x0000ba56       0x42 contiki-sky.a(rpl-mrhof.o)
 .text.neighbor_link_callback
                0x0000ba98       0xa0 contiki-sky.a(rpl-mrhof.o)
 .text.best_dag
                0x0000bb38       0x2e contiki-sky.a(rpl-mrhof.o)
 .text.best_parent
                0x0000bb66       0x72 contiki-sky.a(rpl-mrhof.o)
 .text.send_packet
                0x0000bbd8        0x2 contiki-sky.a(nordc.o)
 .text.send_list
                0x0000bbda        0x2 contiki-sky.a(nordc.o)
 .text.packet_input
                0x0000bbdc        0x2 contiki-sky.a(nordc.o)
 .text.on       0x0000bbde        0x4 contiki-sky.a(nordc.o)
 .text.off      0x0000bbe2        0x4 contiki-sky.a(nordc.o)
 .text.channel_check_interval
                0x0000bbe6        0x4 contiki-sky.a(nordc.o)
 .text.init     0x0000bbea        0x2 contiki-sky.a(nordc.o)
 .text.frame80215e_create_ie_header_ack_nack_time_correction
                0x0000bbec       0x38 contiki-sky.a(frame802154e-ie)
                0x0000bbec                frame80215e_create_ie_header_ack_nack_time_correction
 .text.frame80215e_create_ie_header_list_termination_1
                0x0000bc24       0x1c contiki-sky.a(frame802154e-ie)
                0x0000bc24                frame80215e_create_ie_header_list_termination_1
 .text.frame80215e_create_ie_mlme
                0x0000bc40       0x28 contiki-sky.a(frame802154e-ie)
                0x0000bc40                frame80215e_create_ie_mlme
 .text.frame80215e_create_ie_tsch_synchronization
                0x0000bc68       0x56 contiki-sky.a(frame802154e-ie)
                0x0000bc68                frame80215e_create_ie_tsch_synchronization
 .text.frame80215e_create_ie_tsch_slotframe_and_link
                0x0000bcbe       0xd4 contiki-sky.a(frame802154e-ie)
                0x0000bcbe                frame80215e_create_ie_tsch_slotframe_and_link
 .text.frame80215e_create_ie_tsch_timeslot
                0x0000bd92       0x6a contiki-sky.a(frame802154e-ie)
                0x0000bd92                frame80215e_create_ie_tsch_timeslot
 .text.frame80215e_create_ie_tsch_channel_hopping_sequence
                0x0000bdfc       0xa2 contiki-sky.a(frame802154e-ie)
                0x0000bdfc                frame80215e_create_ie_tsch_channel_hopping_sequence
 .text.frame802154e_parse_information_elements
                0x0000be9e      0x38a contiki-sky.a(frame802154e-ie)
                0x0000be9e                frame802154e_parse_information_elements
 .text.create_frame.isra.0
                0x0000c228      0x118 contiki-sky.a(framer-802154.o)
 .text.create   0x0000c340        0x8 contiki-sky.a(framer-802154.o)
 .text.hdr_length
                0x0000c348        0x8 contiki-sky.a(framer-802154.o)
 .text.parse    0x0000c350       0x9e contiki-sky.a(framer-802154.o)
 .text.frame802154_get_pan_id
                0x0000c3ee        0x6 contiki-sky.a(frame802154.o)
                0x0000c3ee                frame802154_get_pan_id
 .text.frame802154_set_pan_id
                0x0000c3f4        0x6 contiki-sky.a(frame802154.o)
                0x0000c3f4                frame802154_set_pan_id
 .text.frame802154_has_panid
                0x0000c3fa       0x64 contiki-sky.a(frame802154.o)
                0x0000c3fa                frame802154_has_panid
 .text.field_len
                0x0000c45e       0xac contiki-sky.a(frame802154.o)
 .text.frame802154_check_dest_panid
                0x0000c50a       0x36 contiki-sky.a(frame802154.o)
                0x0000c50a                frame802154_check_dest_panid
 .text.frame802154_is_broadcast_addr
                0x0000c540       0x28 contiki-sky.a(frame802154.o)
                0x0000c540                frame802154_is_broadcast_addr
 .text.frame802154_extract_linkaddr
                0x0000c568       0x9c contiki-sky.a(frame802154.o)
                0x0000c568                frame802154_extract_linkaddr
 .text.frame802154_hdrlen
                0x0000c604       0x32 contiki-sky.a(frame802154.o)
                0x0000c604                frame802154_hdrlen
 .text.frame802154_create
                0x0000c636      0x16a contiki-sky.a(frame802154.o)
                0x0000c636                frame802154_create
 .text.frame802154_parse
                0x0000c7a0      0x200 contiki-sky.a(frame802154.o)
                0x0000c7a0                frame802154_parse
 .text.mac_call_sent_callback
                0x0000c9a0       0x14 contiki-sky.a(mac.o)
                0x0000c9a0                mac_call_sent_callback
 .text.queuebuf_init
                0x0000c9b4       0x12 contiki-sky.a(queuebuf.o)
                0x0000c9b4                queuebuf_init
 .text.queuebuf_new_from_packetbuf
                0x0000c9c6       0x52 contiki-sky.a(queuebuf.o)
                0x0000c9c6                queuebuf_new_from_packetbuf
 .text.queuebuf_free
                0x0000ca18       0x2a contiki-sky.a(queuebuf.o)
                0x0000ca18                queuebuf_free
 .text.queuebuf_to_packetbuf
                0x0000ca42       0x32 contiki-sky.a(queuebuf.o)
                0x0000ca42                queuebuf_to_packetbuf
 .text.queuebuf_dataptr
                0x0000ca74       0x1c contiki-sky.a(queuebuf.o)
                0x0000ca74                queuebuf_dataptr
 .text.queuebuf_datalen
                0x0000ca90        0x8 contiki-sky.a(queuebuf.o)
                0x0000ca90                queuebuf_datalen
 .text.queuebuf_attr
                0x0000ca98        0xe contiki-sky.a(queuebuf.o)
                0x0000ca98                queuebuf_attr
 .text.item_from_index
                0x0000caa6       0x2a contiki-sky.a(nbr-table.o)
 .text.index_from_key
                0x0000cad0       0x26 contiki-sky.a(nbr-table.o)
 .text.index_from_item
                0x0000caf6       0x1e contiki-sky.a(nbr-table.o)
 .text.nbr_set_bit
                0x0000cb14       0x58 contiki-sky.a(nbr-table.o)
 .text.index_from_lladdr
                0x0000cb6c       0x42 contiki-sky.a(nbr-table.o)
 .text.nbr_get_bit.constprop.0
                0x0000cbae       0x2e contiki-sky.a(nbr-table.o)
 .text.nbr_table_register
                0x0000cbdc       0x26 contiki-sky.a(nbr-table.o)
                0x0000cbdc                nbr_table_register
 .text.nbr_table_next
                0x0000cc02       0x54 contiki-sky.a(nbr-table.o)
                0x0000cc02                nbr_table_next
 .text.nbr_table_head
                0x0000cc56       0x3a contiki-sky.a(nbr-table.o)
                0x0000cc56                nbr_table_head
 .text.nbr_table_add_lladdr
                0x0000cc90      0x128 contiki-sky.a(nbr-table.o)
                0x0000cc90                nbr_table_add_lladdr
 .text.nbr_table_get_from_lladdr
                0x0000cdb8       0x2c contiki-sky.a(nbr-table.o)
                0x0000cdb8                nbr_table_get_from_lladdr
 .text.nbr_table_remove
                0x0000cde4       0x32 contiki-sky.a(nbr-table.o)
                0x0000cde4                nbr_table_remove
 .text.nbr_table_lock
                0x0000ce16       0x10 contiki-sky.a(nbr-table.o)
                0x0000ce16                nbr_table_lock
 .text.nbr_table_unlock
                0x0000ce26       0x10 contiki-sky.a(nbr-table.o)
                0x0000ce26                nbr_table_unlock
 .text.nbr_table_get_lladdr
                0x0000ce36       0x22 contiki-sky.a(nbr-table.o)
                0x0000ce36                nbr_table_get_lladdr
 .text.packetbuf_copyto
                0x0000ce58       0x52 contiki-sky.a(packetbuf.o)
                0x0000ce58                packetbuf_copyto
 .text.packetbuf_hdrreduce
                0x0000ceaa       0x1a contiki-sky.a(packetbuf.o)
                0x0000ceaa                packetbuf_hdrreduce
 .text.packetbuf_set_datalen
                0x0000cec4        0x6 contiki-sky.a(packetbuf.o)
                0x0000cec4                packetbuf_set_datalen
 .text.packetbuf_dataptr
                0x0000ceca        0xe contiki-sky.a(packetbuf.o)
                0x0000ceca                packetbuf_dataptr
 .text.packetbuf_hdrptr
                0x0000ced8        0xa contiki-sky.a(packetbuf.o)
                0x0000ced8                packetbuf_hdrptr
 .text.packetbuf_datalen
                0x0000cee2        0x6 contiki-sky.a(packetbuf.o)
                0x0000cee2                packetbuf_datalen
 .text.packetbuf_hdrlen
                0x0000cee8       0x10 contiki-sky.a(packetbuf.o)
                0x0000cee8                packetbuf_hdrlen
 .text.packetbuf_totlen
                0x0000cef8        0xc contiki-sky.a(packetbuf.o)
                0x0000cef8                packetbuf_totlen
 .text.packetbuf_hdralloc
                0x0000cf04       0x2e contiki-sky.a(packetbuf.o)
                0x0000cf04                packetbuf_hdralloc
 .text.packetbuf_attr_clear
                0x0000cf32       0x28 contiki-sky.a(packetbuf.o)
                0x0000cf32                packetbuf_attr_clear
 .text.packetbuf_clear
                0x0000cf5a       0x1a contiki-sky.a(packetbuf.o)
                0x0000cf5a                packetbuf_clear
 .text.packetbuf_copyfrom
                0x0000cf74       0x2e contiki-sky.a(packetbuf.o)
                0x0000cf74                packetbuf_copyfrom
 .text.packetbuf_attr_copyto
                0x0000cfa2       0x22 contiki-sky.a(packetbuf.o)
                0x0000cfa2                packetbuf_attr_copyto
 .text.packetbuf_attr_copyfrom
                0x0000cfc4       0x24 contiki-sky.a(packetbuf.o)
                0x0000cfc4                packetbuf_attr_copyfrom
 .text.packetbuf_holds_broadcast
                0x0000cfe8        0xe contiki-sky.a(packetbuf.o)
                0x0000cfe8                packetbuf_holds_broadcast
 .text.linkaddr_copy
                0x0000cff6        0x8 contiki-sky.a(linkaddr.o)
                0x0000cff6                linkaddr_copy
 .text.linkaddr_cmp
                0x0000cffe       0x12 contiki-sky.a(linkaddr.o)
                0x0000cffe                linkaddr_cmp
 .text.linkaddr_set_node_addr
                0x0000d010        0xc contiki-sky.a(linkaddr.o)
                0x0000d010                linkaddr_set_node_addr
 .text.init     0x0000d01c        0x2 contiki-sky.a(nullsec.o)
 .text.send     0x0000d01e        0xa contiki-sky.a(nullsec.o)
 .text.input    0x0000d028        0x6 contiki-sky.a(nullsec.o)
 .text.crc8_add
                0x0000d02e       0x1c contiki-sky.a(sht11.o)
 .text.sstart   0x0000d04a       0x3e contiki-sky.a(sht11.o)
 .text.swrite   0x0000d088       0x62 contiki-sky.a(sht11.o)
 .text.sread    0x0000d0ea       0x4c contiki-sky.a(sht11.o)
 .text.sreset   0x0000d136       0x2a contiki-sky.a(sht11.o)
 .text.scmd.part.0
                0x0000d160       0xb4 contiki-sky.a(sht11.o)
 .text.sht11_init
                0x0000d214       0x1a contiki-sky.a(sht11.o)
                0x0000d214                sht11_init
 .text.sht11_off
                0x0000d22e       0x14 contiki-sky.a(sht11.o)
                0x0000d22e                sht11_off
 .text.sht11_temp
                0x0000d242        0xa contiki-sky.a(sht11.o)
                0x0000d242                sht11_temp
 .text.sht11_humidity
                0x0000d24c        0xa contiki-sky.a(sht11.o)
                0x0000d24c                sht11_humidity
 .text.sht11_sreg
                0x0000d256       0x80 contiki-sky.a(sht11.o)
                0x0000d256                sht11_sreg
 .text.spi_init
                0x0000d2d6       0x30 contiki-sky.a(spi.o)
                0x0000d2d6                spi_init
 .text.tsch_queue_get_nbr
                0x0000d306       0x40 contiki-sky.a(tsch-queue.o)
                0x0000d306                tsch_queue_get_nbr
 .text.tsch_queue_add_nbr
                0x0000d346       0x8c contiki-sky.a(tsch-queue.o)
                0x0000d346                tsch_queue_add_nbr
 .text.tsch_queue_get_time_source
                0x0000d3d2       0x28 contiki-sky.a(tsch-queue.o)
                0x0000d3d2                tsch_queue_get_time_source
 .text.tsch_queue_update_time_source
                0x0000d3fa       0x5c contiki-sky.a(tsch-queue.o)
                0x0000d3fa                tsch_queue_update_time_source
 .text.tsch_queue_add_packet
                0x0000d456       0x9c contiki-sky.a(tsch-queue.o)
                0x0000d456                tsch_queue_add_packet
 .text.tsch_queue_packet_count
                0x0000d4f2       0x26 contiki-sky.a(tsch-queue.o)
                0x0000d4f2                tsch_queue_packet_count
 .text.tsch_queue_remove_packet_from_queue
                0x0000d518       0x30 contiki-sky.a(tsch-queue.o)
                0x0000d518                tsch_queue_remove_packet_from_queue
 .text.tsch_queue_free_packet
                0x0000d548       0x1c contiki-sky.a(tsch-queue.o)
                0x0000d548                tsch_queue_free_packet
 .text.tsch_queue_is_empty
                0x0000d564       0x2c contiki-sky.a(tsch-queue.o)
                0x0000d564                tsch_queue_is_empty
 .text.tsch_queue_flush_nbr_queue
                0x0000d590       0x40 contiki-sky.a(tsch-queue.o)
 .text.tsch_queue_free_unused_neighbors
                0x0000d5d0       0x68 contiki-sky.a(tsch-queue.o)
                0x0000d5d0                tsch_queue_free_unused_neighbors
 .text.tsch_queue_get_packet_for_nbr
                0x0000d638       0xa0 contiki-sky.a(tsch-queue.o)
                0x0000d638                tsch_queue_get_packet_for_nbr
 .text.tsch_queue_get_unicast_packet_for_any
                0x0000d6d8       0x58 contiki-sky.a(tsch-queue.o)
                0x0000d6d8                tsch_queue_get_unicast_packet_for_any
 .text.tsch_queue_backoff_reset
                0x0000d730        0xa contiki-sky.a(tsch-queue.o)
                0x0000d730                tsch_queue_backoff_reset
 .text.tsch_queue_backoff_inc
                0x0000d73a       0x50 contiki-sky.a(tsch-queue.o)
                0x0000d73a                tsch_queue_backoff_inc
 .text.tsch_queue_update_all_backoff_windows
                0x0000d78a       0x5e contiki-sky.a(tsch-queue.o)
                0x0000d78a                tsch_queue_update_all_backoff_windows
 .text.tsch_queue_init
                0x0000d7e8       0x32 contiki-sky.a(tsch-queue.o)
                0x0000d7e8                tsch_queue_init
 .text.tsch_rpl_callback_joining_network
                0x0000d81a        0x2 contiki-sky.a(tsch-rpl.o)
                0x0000d81a                tsch_rpl_callback_joining_network
 .text.tsch_rpl_callback_leaving_network
                0x0000d81c       0x12 contiki-sky.a(tsch-rpl.o)
                0x0000d81c                tsch_rpl_callback_leaving_network
 .text.tsch_rpl_callback_new_dio_interval
                0x0000d82e       0x52 contiki-sky.a(tsch-rpl.o)
                0x0000d82e                tsch_rpl_callback_new_dio_interval
 .text.tsch_rpl_callback_parent_switch
                0x0000d880       0x16 contiki-sky.a(tsch-rpl.o)
                0x0000d880                tsch_rpl_callback_parent_switch
 .text.stimer_set
                0x0000d896       0x1c contiki-sky.a(stimer.o)
                0x0000d896                stimer_set
 .text.stimer_expired
                0x0000d8b2       0x30 contiki-sky.a(stimer.o)
                0x0000d8b2                stimer_expired
 .text.echo_reply_input
                0x0000d8e2      0x114 contiki-sky.a(uip-icmp6.o)
 .text.echo_request_input
                0x0000d9f6      0x12c contiki-sky.a(uip-icmp6.o)
 .text.uip_icmp6_input
                0x0000db22       0x48 contiki-sky.a(uip-icmp6.o)
                0x0000db22                uip_icmp6_input
 .text.uip_icmp6_register_input_handler
                0x0000db6a        0xc contiki-sky.a(uip-icmp6.o)
                0x0000db6a                uip_icmp6_register_input_handler
 .text.uip_icmp6_error_output
                0x0000db76      0x182 contiki-sky.a(uip-icmp6.o)
                0x0000db76                uip_icmp6_error_output
 .text.uip_icmp6_send
                0x0000dcf8       0x94 contiki-sky.a(uip-icmp6.o)
                0x0000dcf8                uip_icmp6_send
 .text.uip_icmp6_init
                0x0000dd8c       0x12 contiki-sky.a(uip-icmp6.o)
                0x0000dd8c                uip_icmp6_init
 .text.uip_ds6_list_loop
                0x0000dd9e       0x86 contiki-sky.a(uip-ds6.o)
                0x0000dd9e                uip_ds6_list_loop
 .text.uip_ds6_prefix_add
                0x0000de24       0x80 contiki-sky.a(uip-ds6.o)
                0x0000de24                uip_ds6_prefix_add
 .text.uip_ds6_is_addr_onlink
                0x0000dea4       0x54 contiki-sky.a(uip-ds6.o)
                0x0000dea4                uip_ds6_is_addr_onlink
 .text.uip_ds6_addr_lookup
                0x0000def8       0x2a contiki-sky.a(uip-ds6.o)
                0x0000def8                uip_ds6_addr_lookup
 .text.uip_ds6_get_link_local
                0x0000df22       0x3e contiki-sky.a(uip-ds6.o)
                0x0000df22                uip_ds6_get_link_local
 .text.uip_ds6_maddr_add
                0x0000df60       0x4c contiki-sky.a(uip-ds6.o)
                0x0000df60                uip_ds6_maddr_add
 .text.uip_ds6_addr_add
                0x0000dfac       0xc4 contiki-sky.a(uip-ds6.o)
                0x0000dfac                uip_ds6_addr_add
 .text.uip_ds6_maddr_rm
                0x0000e070        0xa contiki-sky.a(uip-ds6.o)
                0x0000e070                uip_ds6_maddr_rm
 .text.uip_ds6_maddr_lookup
                0x0000e07a       0x2a contiki-sky.a(uip-ds6.o)
                0x0000e07a                uip_ds6_maddr_lookup
 .text.uip_ds6_addr_rm
                0x0000e0a4       0x54 contiki-sky.a(uip-ds6.o)
                0x0000e0a4                uip_ds6_addr_rm
 .text.uip_ds6_periodic
                0x0000e0f8       0x4a contiki-sky.a(uip-ds6.o)
                0x0000e0f8                uip_ds6_periodic
 .text.uip_ds6_set_addr_iid
                0x0000e142       0x14 contiki-sky.a(uip-ds6.o)
                0x0000e142                uip_ds6_set_addr_iid
 .text.get_match_length
                0x0000e156       0x44 contiki-sky.a(uip-ds6.o)
                0x0000e156                get_match_length
 .text.uip_ds6_select_src
                0x0000e19a       0xaa contiki-sky.a(uip-ds6.o)
                0x0000e19a                uip_ds6_select_src
 .text.uip_ds6_compute_reachable_time
                0x0000e244       0x3e contiki-sky.a(uip-ds6.o)
                0x0000e244                uip_ds6_compute_reachable_time
 .text.uip_ds6_init
                0x0000e282      0x154 contiki-sky.a(uip-ds6.o)
                0x0000e282                uip_ds6_init
 .text.uip_udp_packet_send
                0x0000e3d6       0x2e contiki-sky.a(uip-udp-packet.)
                0x0000e3d6                uip_udp_packet_send
 .text.uip_udp_packet_sendto
                0x0000e404       0x66 contiki-sky.a(uip-udp-packet.)
                0x0000e404                uip_udp_packet_sendto
 .text.get32    0x0000e46a       0x46 contiki-sky.a(rpl-icmp6.o)
 .text.set32    0x0000e4b0       0x2a contiki-sky.a(rpl-icmp6.o)
 .text.get16    0x0000e4da        0xe contiki-sky.a(rpl-icmp6.o)
 .text.set16    0x0000e4e8       0x10 contiki-sky.a(rpl-icmp6.o)
 .text.dao_ack_input
                0x0000e4f8        0xa contiki-sky.a(rpl-icmp6.o)
 .text.dio_input
                0x0000e502      0x2dc contiki-sky.a(rpl-icmp6.o)
 .text.dis_output
                0x0000e7de       0x50 contiki-sky.a(rpl-icmp6.o)
                0x0000e7de                dis_output
 .text.dio_output
                0x0000e82e      0x268 contiki-sky.a(rpl-icmp6.o)
                0x0000e82e                dio_output
 .text.dis_input
                0x0000ea96       0x2c contiki-sky.a(rpl-icmp6.o)
 .text.dao_output_target
                0x0000eac2       0xe0 contiki-sky.a(rpl-icmp6.o)
                0x0000eac2                dao_output_target
 .text.dao_output
                0x0000eba2       0x7e contiki-sky.a(rpl-icmp6.o)
                0x0000eba2                dao_output
 .text.dao_ack_output
                0x0000ec20       0x3c contiki-sky.a(rpl-icmp6.o)
                0x0000ec20                dao_ack_output
 .text.dao_input
                0x0000ec5c      0x25a contiki-sky.a(rpl-icmp6.o)
 .text.rpl_icmp6_register_handlers
                0x0000eeb6       0x22 contiki-sky.a(rpl-icmp6.o)
                0x0000eeb6                rpl_icmp6_register_handlers
 .text.libgcc   0x0000eed8       0x2c /home/bernardo/Desktop/msp430/bin/../lib/gcc/msp430/4.7.2/mmpy-16/libgcc.a(_mulsi3.o)
                0x0000eed8                __mulsi3
 .text.libgcc   0x0000ef04       0x22 /home/bernardo/Desktop/msp430/bin/../lib/gcc/msp430/4.7.2/mmpy-16/libgcc.a(_udivmod16.o)
                0x0000ef04                __udivhi3
                0x0000ef04                __ext_udivmod16
                0x0000ef1e                __umodhi3
 .text.libgcc   0x0000ef26       0x3a /home/bernardo/Desktop/msp430/bin/../lib/gcc/msp430/4.7.2/mmpy-16/libgcc.a(_divmod16.o)
                0x0000ef26                __ext_divmod16
                0x0000ef26                __divhi3
                0x0000ef58                __modhi3
 .text.libgcc   0x0000ef60       0x40 /home/bernardo/Desktop/msp430/bin/../lib/gcc/msp430/4.7.2/mmpy-16/libgcc.a(_udivmod32.o)
                0x0000ef60                __udivsi3
                0x0000ef60                __ext_udivmod32
                0x0000ef96                __umodsi3
 .text.libgcc   0x0000efa0       0x4c /home/bernardo/Desktop/msp430/bin/../lib/gcc/msp430/4.7.2/mmpy-16/libgcc.a(_divmod32.o)
                0x0000efa0                __ext_divmod32
                0x0000efa0                __divsi3
                0x0000efe2                __modsi3
 .text          0x0000efec      0x31e /home/bernardo/Desktop/msp430/bin/../lib/gcc/msp430/4.7.2/mmpy-16/libgcc.a(_addsub_sf.o)
                0x0000f26e                __addsf3
                0x0000f2ba                __subsf3
 .text          0x0000f30a      0x210 /home/bernardo/Desktop/msp430/bin/../lib/gcc/msp430/4.7.2/mmpy-16/libgcc.a(_mul_sf.o)
                0x0000f30a                __mulsf3
 .text          0x0000f51a       0xa8 /home/bernardo/Desktop/msp430/bin/../lib/gcc/msp430/4.7.2/mmpy-16/libgcc.a(_si_to_sf.o)
                0x0000f51a                __floatsisf
 .text          0x0000f5c2       0x72 /home/bernardo/Desktop/msp430/bin/../lib/gcc/msp430/4.7.2/mmpy-16/libgcc.a(_clzsi2.o)
                0x0000f5c2                __clzsi2
 .text          0x0000f634      0x1da /home/bernardo/Desktop/msp430/bin/../lib/gcc/msp430/4.7.2/mmpy-16/libgcc.a(_pack_sf.o)
                0x0000f634                __pack_f
 .text          0x0000f80e      0x13c /home/bernardo/Desktop/msp430/bin/../lib/gcc/msp430/4.7.2/mmpy-16/libgcc.a(_unpack_sf.o)
                0x0000f80e                __unpack_f
 .text.rand     0x0000f94a       0x26 /home/bernardo/Desktop/msp430/bin/../lib/gcc/msp430/4.7.2/../../../../msp430/lib/mmpy-16/libc.a(rand.o)
                0x0000f94a                rand
 .text.srand    0x0000f970        0xa /home/bernardo/Desktop/msp430/bin/../lib/gcc/msp430/4.7.2/../../../../msp430/lib/mmpy-16/libc.a(rand.o)
                0x0000f970                srand
 .text.memcmp   0x0000f97a       0x30 /home/bernardo/Desktop/msp430/bin/../lib/gcc/msp430/4.7.2/../../../../msp430/lib/mmpy-16/libc.a(memcmp.o)
                0x0000f97a                memcmp
 .text.memcpy   0x0000f9aa       0xfa /home/bernardo/Desktop/msp430/bin/../lib/gcc/msp430/4.7.2/../../../../msp430/lib/mmpy-16/libc.a(memcpy.o)
                0x0000f9aa                memcpy
 .text.memmove  0x0000faa4       0xfa /home/bernardo/Desktop/msp430/bin/../lib/gcc/msp430/4.7.2/../../../../msp430/lib/mmpy-16/libc.a(memmove.o)
                0x0000faa4                memmove
 .text.memset   0x0000fb9e       0x6a /home/bernardo/Desktop/msp430/bin/../lib/gcc/msp430/4.7.2/../../../../msp430/lib/mmpy-16/libc.a(memset.o)
                0x0000fb9e                memset
 .text.crt0     0x0000fc08        0x2 /home/bernardo/Desktop/msp430/bin/../lib/gcc/msp430/4.7.2/mmpy-16/libcrt0.a(_unexpected_.o)
                0x0000fc08                _unexpected_
 *(.near.text .near.text.*)

.rodata         0x0000fc0c      0x216
                0x0000fc0c                . = ALIGN (0x2)
 *(.rodata .rodata.* .gnu.linkonce.r.*)
 .rodata        0x0000fc0c        0x4 client.co
                0x0000fc0c                autostart_processes
 .rodata        0x0000fc10        0xe contiki-sky.a(sht11-sensor.o)
                0x0000fc16                sht11_sensor
 *fill*         0x0000fc1e        0x2 00
 .rodata.get_value
                0x0000fc20       0x24 contiki-sky.a(cc2420.o)
 .rodata.set_value
                0x0000fc44       0x10 contiki-sky.a(cc2420.o)
 .rodata        0x0000fc54       0x2c contiki-sky.a(cc2420.o)
                0x0000fc54                cc2420_driver
 .rodata        0x0000fc80       0x40 contiki-sky.a(tsch.o)
                0x0000fc8a                tschmac_driver
                0x0000fc98                tsch_eb_address
                0x0000fca0                tsch_broadcast_address
 .rodata        0x0000fcc0       0x24 contiki-sky.a(sicslowpan.o)
                0x0000fccc                sicslowpan_driver
                0x0000fcd2                llprefix
                0x0000fcd4                unc_mxconf
                0x0000fcd8                unc_ctxconf
                0x0000fcdc                unc_llconf
 .rodata        0x0000fce4       0x16 contiki-sky.a(nordc.o)
                0x0000fcea                nordc_driver
 .rodata        0x0000fcfa        0x6 contiki-sky.a(framer-802154.o)
                0x0000fcfa                framer_802154
 .rodata        0x0000fd00        0x2 contiki-sky.a(frame802154.o)
 .rodata        0x0000fd02        0x8 contiki-sky.a(linkaddr.o)
                0x0000fd02                linkaddr_null
 .rodata        0x0000fd0a       0x10 contiki-sky.a(nullsec.o)
                0x0000fd12                nullsec_driver
 .rodata        0x0000fd1a        0x8 /home/bernardo/Desktop/msp430/bin/../lib/gcc/msp430/4.7.2/mmpy-16/libgcc.a(_thenan_sf.o)
                0x0000fd1a                __thenan_sf
 .rodata        0x0000fd22      0x100 /home/bernardo/Desktop/msp430/bin/../lib/gcc/msp430/4.7.2/mmpy-16/libgcc.a(_clz.o)
                0x0000fd22                __clz_tab
 *(.near.rodata .near.rodata.*)
                0x0000fe22                . = ALIGN (0x2)
                0x0000fe22                _etext = .

.data           0x00001100      0x12a load address 0x0000fe22
                0x00001100                . = ALIGN (0x2)
                0x00001100                __data_start = .
 *(.data .data.* .gnu.linkonce.d.*)
 .data          0x00001100        0x8 client.co
                0x00001100                node_process
 .data          0x00001108        0xc contiki-sky.a(orchestra.o)
                0x00001108                all_rules
 .data          0x00001114        0xa contiki-sky.a(orchestra-rule-)
                0x00001114                default_common
 .data          0x0000111e        0xa contiki-sky.a(orchestra-rule-)
                0x0000111e                eb_per_time_source
 .data          0x00001128        0xa contiki-sky.a(orchestra-rule-)
                0x00001128                unicast_per_neighbor
 .data          0x00001132        0x1 contiki-sky.a(sht11-sensor.o)
 *fill*         0x00001133        0x1 00
 .data          0x00001134        0x8 contiki-sky.a(sensors.o)
                0x00001134                sensors_process
 .data          0x0000113c        0xa contiki-sky.a(cc2420.o)
                0x0000113c                cc2420_process
 .data          0x00001146        0x2 contiki-sky.a(msp430.o)
 .data          0x00001148       0x10 contiki-sky.a(tsch-schedule.o)
 .data          0x00001158        0x2 contiki-sky.a(tsch-slot-opera)
 .data          0x0000115a       0x18 contiki-sky.a(tsch.o)
                0x0000115a                tsch_pending_events_process
                0x00001162                tsch_send_eb_process
                0x0000116a                tsch_process
 .data          0x00001172        0x8 contiki-sky.a(ctimer.o)
                0x00001172                ctimer_process
 .data          0x0000117a        0x8 contiki-sky.a(etimer.o)
                0x0000117a                etimer_process
 .data          0x00001182       0x22 contiki-sky.a(uip-ds6-route.o)
                0x00001182                nbr_routes
 .data          0x000011a4        0xa contiki-sky.a(uip-ds6-nbr.o)
                0x000011a4                ds6_neighbors
 .data          0x000011ae        0x8 contiki-sky.a(tcpip.o)
                0x000011ae                tcpip_process
 .data          0x000011b6        0x8 contiki-sky.a(simple-udp.o)
                0x000011b6                simple_udp_process
 .data          0x000011be        0xa contiki-sky.a(rpl-dag.o)
                0x000011be                rpl_parents
 .data          0x000011c8        0xe contiki-sky.a(rpl-mrhof.o)
                0x000011c8                rpl_mrhof
 .data          0x000011d6        0x2 contiki-sky.a(frame802154.o)
 .data          0x000011d8       0x10 contiki-sky.a(queuebuf.o)
 .data          0x000011e8        0x8 contiki-sky.a(nbr-table.o)
 .data          0x000011f0       0x10 contiki-sky.a(tsch-queue.o)
 .data          0x00001200        0xc contiki-sky.a(uip-icmp6.o)
 .data          0x0000120c       0x1a contiki-sky.a(rpl-icmp6.o)
 .data.next     0x00001226        0x4 /home/bernardo/Desktop/msp430/bin/../lib/gcc/msp430/4.7.2/../../../../msp430/lib/mmpy-16/libc.a(rand.o)
 *(.near.data .near.data.*)
                0x0000122a                . = ALIGN (0x2)
                0x0000122a                _edata = .
                0x0000fe22                __data_load_start = LOADADDR (.data)
                0x0000012a                __data_size = SIZEOF (.data)

.bss            0x0000122a     0x1880 load address 0x0000ff4c
                0x0000122a                __bss_start = .
 *(.bss .bss.*)
 .bss           0x0000122a       0x28 client.co
 .bss           0x00001252        0x4 obj_sky/contiki-sky-main.o
 .bss           0x00001256        0x2 contiki-sky.a(orchestra.o)
                0x00001256                orchestra_parent_knows_us
 .bss           0x00001258        0x4 contiki-sky.a(orchestra-rule-)
 .bss           0x0000125c        0x6 contiki-sky.a(orchestra-rule-)
 .bss           0x00001262        0x6 contiki-sky.a(orchestra-rule-)
 .bss           0x00001268        0x2 contiki-sky.a(node-id.o)
                0x00001268                node_id
 .bss           0x0000126a        0x6 contiki-sky.a(sensors.o)
 .bss           0x00001270        0xa contiki-sky.a(cc2420.o)
 .bss           0x0000127a       0x9a contiki-sky.a(uart1.o)
 .bss           0x00001314        0xa contiki-sky.a(clock.o)
 .bss           0x0000131e        0x2 contiki-sky.a(watchdog.o)
 .bss           0x00001320        0x1 contiki-sky.a(leds.o)
 *fill*         0x00001321        0x1 00
 .bss           0x00001322      0x358 contiki-sky.a(tsch-schedule.o)
 .bss           0x0000167a      0x116 contiki-sky.a(tsch-slot-opera)
                0x0000167a                current_link
                0x0000167c                last_timesource_neighbor
 .bss           0x00001790      0x11c contiki-sky.a(tsch.o)
                0x00001790                tsch_is_associated
                0x00001792                tsch_is_coordinator
                0x00001794                tsch_is_initialized
                0x00001796                tsch_is_started
 .bss           0x000018ac        0x4 contiki-sky.a(ctimer.o)
 .bss           0x000018b0        0x6 contiki-sky.a(etimer.o)
 .bss           0x000018b6       0x42 contiki-sky.a(process.o)
                0x000018b6                process_current
                0x000018b8                process_list
 .bss           0x000018f8        0x2 contiki-sky.a(rtimer.o)
 .bss           0x000018fa      0x182 contiki-sky.a(uip-ds6-route.o)
 .bss           0x00001a7c        0x8 contiki-sky.a(uip6.o)
                0x00001a7c                uip_ext_opt_offset
                0x00001a7d                uip_ext_len
                0x00001a7e                uip_ext_bitmap
 .bss           0x00001a84      0x130 contiki-sky.a(uip-ds6-nbr.o)
 .bss           0x00001bb4       0x24 contiki-sky.a(sicslowpan.o)
 .bss           0x00001bd8        0xe contiki-sky.a(tcpip.o)
 .bss           0x00001be6       0xf1 contiki-sky.a(simple-udp.o)
 *fill*         0x00001cd7        0x1 00
 .bss           0x00001cd8       0x50 contiki-sky.a(rpl-dag.o)
 .bss           0x00001d28       0x18 contiki-sky.a(rpl-timers.o)
 .bss           0x00001d40        0x2 contiki-sky.a(rpl.o)
 .bss           0x00001d42        0x2 contiki-sky.a(framer-802154.o)
 .bss           0x00001d44      0x2e0 contiki-sky.a(queuebuf.o)
 .bss           0x00002024       0x7c contiki-sky.a(nbr-table.o)
 .bss           0x000020a0       0xb8 contiki-sky.a(packetbuf.o)
 .bss           0x00002158      0x164 contiki-sky.a(tsch-queue.o)
 .bss           0x000022bc       0x14 contiki-sky.a(uip-icmp6.o)
 .bss           0x000022d0       0x18 contiki-sky.a(uip-ds6.o)
 *(.near.bss .near.bss.*)
 *(COMMON)
 COMMON         0x000022e8        0x8 contiki-sky.a(orchestra.o)
                0x000022e8                orchestra_parent_linkaddr
 COMMON         0x000022f0        0x8 contiki-sky.a(ds2411.o)
                0x000022f0                ds2411_id
 COMMON         0x000022f8        0x4 contiki-sky.a(sensors.o)
                0x000022f8                sensors_flags
                0x000022f9                sensors_event
                0x000022fa                sensors
 COMMON         0x000022fc       0x10 contiki-sky.a(cc2420.o)
                0x000022fc                cc2420_last_rssi
                0x000022fe                cc2420_sfd_start_time
                0x00002300                cc2420_time_of_departure
                0x00002302                cc2420_time_of_arrival
                0x00002304                cc2420_last_correlation
                0x00002306                cc2420_authority_level_of_sender
                0x00002308                cc2420_sfd_counter
                0x0000230a                cc2420_sfd_end_time
 COMMON         0x0000230c        0x2 contiki-sky.a(msp430.o)
                0x0000230c                msp430_dco_required
 COMMON         0x0000230e      0x238 contiki-sky.a(tsch-slot-opera)
                0x0000230e                dequeued_array
                0x00002316                input_ringbuf
                0x0000231a                dequeued_ringbuf
                0x0000231e                input_array
 COMMON         0x00002546       0x34 contiki-sky.a(tsch.o)
                0x00002546                tsch_join_priority
                0x00002548                tsch_timing
                0x00002560                current_asn
                0x00002566                tsch_hopping_sequence
                0x00002576                tsch_hopping_sequence_length
 COMMON         0x0000257a       0x56 contiki-sky.a(energest.o)
                0x0000257a                energest_total_time
                0x000025aa                energest_total_count
                0x000025ac                energest_current_mode
                0x000025b8                energest_current_time
 COMMON         0x000025d0        0x1 contiki-sky.a(process.o)
                0x000025d0                process_maxevents
 *fill*         0x000025d1        0x1 00
 COMMON         0x000025d2      0x240 contiki-sky.a(uip6.o)
                0x000025d2                uip_len
                0x000025d4                uip_sappdata
                0x000025d6                uip_lladdr
                0x000025de                uip_aligned_buf
                0x000026ce                uip_flags
                0x000026d0                uip_next_hdr
                0x000026d2                uip_udp_conn
                0x000026d4                uip_appdata
                0x000026d6                uip_conn
                0x000026d8                uip_slen
                0x000026da                uip_udp_conns
 COMMON         0x00002812        0x1 contiki-sky.a(tcpip.o)
                0x00002812                tcpip_event
 *fill*         0x00002813        0x1 00
 COMMON         0x00002814       0xfc contiki-sky.a(rpl-dag.o)
                0x00002814                default_instance
                0x00002816                instance_table
 COMMON         0x00002910       0x32 contiki-sky.a(packetbuf.o)
                0x00002910                packetbuf_addrs
                0x00002920                packetbuf_attrs
 COMMON         0x00002942        0x8 contiki-sky.a(linkaddr.o)
                0x00002942                linkaddr_node_addr
 COMMON         0x0000294a        0x4 contiki-sky.a(tsch-queue.o)
                0x0000294a                n_broadcast
                0x0000294c                n_eb
 COMMON         0x0000294e      0x15c contiki-sky.a(uip-ds6.o)
                0x0000294e                uip_ds6_timer_ra
                0x00002956                uip_ds6_if
                0x00002a42                uip_ds6_netif_addr_list_offset
                0x00002a43                uip_ds6_addr_size
                0x00002a44                uip_ds6_prefix_list
                0x00002a9e                uip_ds6_timer_periodic
                0x00002aaa                . = ALIGN (0x2)
                0x00002aaa                __bss_end = .
                0x00001880                __bss_size = SIZEOF (.bss)

.noinit         0x00002aaa        0x2 load address 0x0000ff4c
                0x00002aaa                . = ALIGN (0x2)
                0x00002aaa                __noinit_start = .
 *(.noinit .noinit.*)
 .noinit.crt0   0x00002aaa        0x2 /home/bernardo/Desktop/msp430/bin/../lib/gcc/msp430/4.7.2/mmpy-16/libcrt0.a(__watchdog_support.o)
                0x00002aaa                __wdt_clear_value