Archive member included because of file (symbol)

contiki-xm1000.a(orchestra.o)
                              sink.co (orchestra_init)
contiki-xm1000.a(orchestra-rule-)
                              sink.co (default_common)
contiki-xm1000.a(orchestra-rule-)
                              sink.co (eb_per_time_source)
contiki-xm1000.a(orchestra-rule-)
                              sink.co (unicast_per_neighbor)
contiki-xm1000.a(contiki-xm1000-)
                              obj_xm1000/contiki-xm1000-main.o (init_platform)
contiki-xm1000.a(button-sensor.o)
                              contiki-xm1000.a(contiki-xm1000-) (button_sensor)
contiki-xm1000.a(msp430.o)    sink.co (w_memcpy)
contiki-xm1000.a(leds.o)      obj_xm1000/contiki-xm1000-main.o (leds_init)
contiki-xm1000.a(watchdog.o)  obj_xm1000/contiki-xm1000-main.o (watchdog_start)
contiki-xm1000.a(xmem.o)      obj_xm1000/contiki-xm1000-main.o (xmem_init)
contiki-xm1000.a(spi.o)       contiki-xm1000.a(xmem.o) (spi_init)
contiki-xm1000.a(ds2411.o)    obj_xm1000/contiki-xm1000-main.o (ds2411_init)
contiki-xm1000.a(sensors.o)   contiki-xm1000.a(button-sensor.o) (sensors_changed)
contiki-xm1000.a(node-id.o)   obj_xm1000/contiki-xm1000-main.o (node_id_restore)
contiki-xm1000.a(cc2420.o)    obj_xm1000/contiki-xm1000-main.o (cc2420_set_channel)
contiki-xm1000.a(cc2420-arch.o)
                              contiki-xm1000.a(cc2420.o) (cc2420_arch_init)
contiki-xm1000.a(cc2420-arch-sfd)
                              contiki-xm1000.a(cc2420-arch.o) (cc2420_arch_sfd_init)
contiki-xm1000.a(clock.o)     obj_xm1000/contiki-xm1000-main.o (clock_init)
contiki-xm1000.a(rtimer-arch.o)
                              obj_xm1000/contiki-xm1000-main.o (rtimer_arch_now)
contiki-xm1000.a(tsch-schedule.o)
                              contiki-xm1000.a(orchestra-rule-) (tsch_schedule_add_slotframe)
contiki-xm1000.a(tsch-slot-opera)
                              contiki-xm1000.a(tsch-schedule.o) (current_link)
contiki-xm1000.a(tsch-packet.o)
                              contiki-xm1000.a(tsch-slot-opera) (tsch_packet_create_eack)
contiki-xm1000.a(tsch-adaptive-t)
                              contiki-xm1000.a(tsch-slot-opera) (tsch_timesync_update)
contiki-xm1000.a(tsch.o)      contiki-xm1000.a(tsch-slot-opera) (tsch_is_associated)
contiki-xm1000.a(autostart.o)
                              obj_xm1000/contiki-xm1000-main.o (autostart_start)
contiki-xm1000.a(ctimer.o)    obj_xm1000/contiki-xm1000-main.o (ctimer_init)
contiki-xm1000.a(energest.o)  obj_xm1000/contiki-xm1000-main.o (energest_init)
contiki-xm1000.a(etimer.o)    contiki-xm1000.a(clock.o) (etimer_request_poll)
contiki-xm1000.a(process.o)   contiki-xm1000.a(ctimer.o) (process_current)
contiki-xm1000.a(rtimer.o)    obj_xm1000/contiki-xm1000-main.o (rtimer_init)
contiki-xm1000.a(timer.o)     contiki-xm1000.a(button-sensor.o) (timer_set)
contiki-xm1000.a(ringbufindex.o)
                              contiki-xm1000.a(tsch.o) (ringbufindex_init)
contiki-xm1000.a(list.o)      contiki-xm1000.a(tsch-schedule.o) (list_init)
contiki-xm1000.a(memb.o)      contiki-xm1000.a(tsch-schedule.o) (memb_init)
contiki-xm1000.a(random.o)    obj_xm1000/contiki-xm1000-main.o (random_init)
contiki-xm1000.a(uip-ds6.o)   sink.co (uip_ds6_addr_add)
contiki-xm1000.a(uip-ds6-route.o)
                              contiki-xm1000.a(uip-ds6.o) (uip_ds6_route_init)
contiki-xm1000.a(uip6.o)      sink.co (uip_lladdr)
contiki-xm1000.a(uip-ds6-nbr.o)
                              contiki-xm1000.a(uip-ds6.o) (uip_ds6_neighbors_init)
contiki-xm1000.a(uip-nd6.o)   contiki-xm1000.a(uip6.o) (uip_nd6_init)
contiki-xm1000.a(sicslowpan.o)
                              contiki-xm1000.a(orchestra.o) (rime_sniffer_add)
contiki-xm1000.a(tcpip.o)     contiki-xm1000.a(sicslowpan.o) (tcpip_set_outputfunc)
contiki-xm1000.a(simple-udp.o)
                              sink.co (simple_udp_register)
contiki-xm1000.a(uip-debug.o)
                              contiki-xm1000.a(uip-ds6-route.o) (uip_debug_ipaddr_print)
contiki-xm1000.a(rpl-dag.o)   sink.co (rpl_set_prefix)
contiki-xm1000.a(rpl-timers.o)
                              contiki-xm1000.a(rpl-dag.o) (rpl_reset_dio_timer)
contiki-xm1000.a(rpl-ext-header.)
                              contiki-xm1000.a(uip6.o) (rpl_verify_header)
contiki-xm1000.a(rpl.o)       contiki-xm1000.a(rpl-timers.o) (rpl_get_mode)
contiki-xm1000.a(rpl-mrhof.o)
                              contiki-xm1000.a(rpl-dag.o) (rpl_mrhof)
contiki-xm1000.a(nordc.o)     obj_xm1000/contiki-xm1000-main.o (nordc_driver)
contiki-xm1000.a(frame802154e-ie)
                              contiki-xm1000.a(tsch-packet.o) (frame80215e_create_ie_header_ack_nack_time_correction)
contiki-xm1000.a(framer-802154.o)
                              contiki-xm1000.a(tsch.o) (framer_802154)
contiki-xm1000.a(frame802154.o)
                              contiki-xm1000.a(tsch-packet.o) (frame802154_get_pan_id)
contiki-xm1000.a(mac.o)       contiki-xm1000.a(tsch.o) (mac_call_sent_callback)
[...]
Memory Configuration

Name             Origin             Length             Attributes
sfr              0x00000000         0x00000010
peripheral_8bit  0x00000010         0x000000f0
peripheral_16bit 0x00000100         0x00000100
ram_mirror       0x00000200         0x00000800         xw
infomem          0x00001000         0x00000100
infod            0x00001000         0x00000040
infoc            0x00001040         0x00000040
infob            0x00001080         0x00000040
infoa            0x000010c0         0x00000040
ram              0x00001100         0x00002000         xw
rom              0x00003100         0x0000cebe         xr
vectors          0x0000ffc0         0x00000040
far_rom          0x00010000         0x00010000
bsl              0x00000000         0x00000000
ram2             0x00000000         0x00000000         xw
usbram           0x00000000         0x00000000         xw
*default*        0x00000000         0xffffffff

Linker script and memory map

LOAD /home/bernardo/Desktop/msp430/bin/../lib/gcc/msp430/4.7.2/mcpu-430x/mmpy-16/crt0ivtbl32.o
                0x00000041                __P1SEL2 = 0x41
                0x00000045                __P5SEL2 = 0x45
LOAD sink.co
LOAD obj_xm1000/contiki-xm1000-main.o
LOAD contiki-xm1000.a
LOAD /home/bernardo/Desktop/msp430/bin/../lib/gcc/msp430/4.7.2/mcpu-430x/mmpy-16/libgcc.a
LOAD /home/bernardo/Desktop/msp430/bin/../lib/gcc/msp430/4.7.2/../../../../msp430/lib/mcpu-430x/mmpy-16/libc.a
LOAD /home/bernardo/Desktop/msp430/bin/../lib/gcc/msp430/4.7.2/mcpu-430x/mmpy-16/libgcc.a
LOAD /home/bernardo/Desktop/msp430/bin/../lib/gcc/msp430/4.7.2/mcpu-430x/mmpy-16/libcrt0.a
                0x00000040                PROVIDE (__info_segment_size, 0x40)
                0x00001000                PROVIDE (__infod, 0x1000)
                0x00001040                PROVIDE (__infoc, 0x1040)
                0x00001080                PROVIDE (__infob, 0x1080)
                0x000010c0                PROVIDE (__infoa, 0x10c0)
                0x00000000                __IE1 = 0x0
                0x00000002                __IFG1 = 0x2
                0x00000001                __IE2 = 0x1
                0x00000003                __IFG2 = 0x3
                0x00000006                __UC1IE = 0x6
                0x00000007                __UC1IFG = 0x7
                0x000001a0                __ADC12CTL0 = 0x1a0
                0x000001a2                __ADC12CTL1 = 0x1a2
                0x000001a4                __ADC12IFG = 0x1a4
                0x000001a6                __ADC12IE = 0x1a6
                0x000001a8                __ADC12IV = 0x1a8
                0x00000140                __ADC12MEM0 = 0x140
                0x00000142                __ADC12MEM1 = 0x142
                0x00000144                __ADC12MEM2 = 0x144
                0x00000146                __ADC12MEM3 = 0x146
                0x00000148                __ADC12MEM4 = 0x148
                0x0000014a                __ADC12MEM5 = 0x14a
                0x0000014c                __ADC12MEM6 = 0x14c
                0x0000014e                __ADC12MEM7 = 0x14e
                0x00000150                __ADC12MEM8 = 0x150
                0x00000152                __ADC12MEM9 = 0x152
                0x00000154                __ADC12MEM10 = 0x154
                0x00000156                __ADC12MEM11 = 0x156
                0x00000158                __ADC12MEM12 = 0x158
                0x0000015a                __ADC12MEM13 = 0x15a
                0x0000015c                __ADC12MEM14 = 0x15c
                0x0000015e                __ADC12MEM15 = 0x15e
                0x00000080                __ADC12MCTL0 = 0x80
                0x00000081                __ADC12MCTL1 = 0x81
                0x00000082                __ADC12MCTL2 = 0x82
                0x00000083                __ADC12MCTL3 = 0x83
                0x00000084                __ADC12MCTL4 = 0x84
                0x00000085                __ADC12MCTL5 = 0x85
                0x00000086                __ADC12MCTL6 = 0x86
                0x00000087                __ADC12MCTL7 = 0x87
                0x00000088                __ADC12MCTL8 = 0x88
                0x00000089                __ADC12MCTL9 = 0x89
                0x0000008a                __ADC12MCTL10 = 0x8a
                0x0000008b                __ADC12MCTL11 = 0x8b
                0x0000008c                __ADC12MCTL12 = 0x8c
                0x0000008d                __ADC12MCTL13 = 0x8d
                0x0000008e                __ADC12MCTL14 = 0x8e
                0x0000008f                __ADC12MCTL15 = 0x8f
                0x00000056                __DCOCTL = 0x56
                0x00000057                __BCSCTL1 = 0x57
                0x00000058                __BCSCTL2 = 0x58
                0x00000053                __BCSCTL3 = 0x53
                0x00000059                __CACTL1 = 0x59
                0x0000005a                __CACTL2 = 0x5a
                0x0000005b                __CAPD = 0x5b
                0x000001c0                __DAC12_0CTL = 0x1c0
                0x000001c2                __DAC12_1CTL = 0x1c2
                0x000001c8                __DAC12_0DAT = 0x1c8
                0x000001ca                __DAC12_1DAT = 0x1ca
                0x00000122                __DMACTL0 = 0x122
                0x00000124                __DMACTL1 = 0x124
                0x00000126                __DMAIV = 0x126
                0x000001d0                __DMA0CTL = 0x1d0
                0x000001dc                __DMA1CTL = 0x1dc
                0x000001e8                __DMA2CTL = 0x1e8
                0x000001d2                __DMA0SA = 0x1d2
                0x000001d2                __DMA0SAL = 0x1d2
                0x000001d6                __DMA0DA = 0x1d6
                0x000001d6                __DMA0DAL = 0x1d6
                0x000001da                __DMA0SZ = 0x1da
                0x000001de                __DMA1SA = 0x1de
                0x000001de                __DMA1SAL = 0x1de
                0x000001e2                __DMA1DA = 0x1e2
                0x000001e2                __DMA1DAL = 0x1e2
                0x000001e6                __DMA1SZ = 0x1e6
                0x000001ea                __DMA2SA = 0x1ea
                0x000001ea                __DMA2SAL = 0x1ea
                0x000001ee                __DMA2DA = 0x1ee
                0x000001ee                __DMA2DAL = 0x1ee
                0x000001f2                __DMA2SZ = 0x1f2
                0x00000128                __FCTL1 = 0x128
                0x0000012a                __FCTL2 = 0x12a
                0x0000012c                __FCTL3 = 0x12c
                0x000001be                __FCTL4 = 0x1be
                0x00000130                __MPY = 0x130
                0x00000132                __MPYS = 0x132
                0x00000134                __MAC = 0x134
                0x00000136                __MACS = 0x136
                0x00000138                __OP2 = 0x138
                0x0000013a                __RESLO = 0x13a
                0x0000013c                __RESHI = 0x13c
                0x0000013e                __SUMEXT = 0x13e
                0x00000020                __P1IN = 0x20
                0x00000021                __P1OUT = 0x21
                0x00000022                __P1DIR = 0x22
                0x00000023                __P1IFG = 0x23
                0x00000024                __P1IES = 0x24
                0x00000025                __P1IE = 0x25
                0x00000026                __P1SEL = 0x26
                0x00000027                __P1REN = 0x27
                0x00000028                __P2IN = 0x28
                0x00000029                __P2OUT = 0x29
                0x0000002a                __P2DIR = 0x2a
                0x0000002b                __P2IFG = 0x2b
                0x0000002c                __P2IES = 0x2c
                0x0000002d                __P2IE = 0x2d
                0x0000002e                __P2SEL = 0x2e
                0x0000002f                __P2REN = 0x2f
                0x00000018                __P3IN = 0x18
                0x00000019                __P3OUT = 0x19
                0x0000001a                __P3DIR = 0x1a
                0x0000001b                __P3SEL = 0x1b
                0x00000010                __P3REN = 0x10
                0x0000001c                __P4IN = 0x1c
                0x0000001d                __P4OUT = 0x1d
                0x0000001e                __P4DIR = 0x1e
                0x0000001f                __P4SEL = 0x1f
                0x00000011                __P4REN = 0x11
                0x00000030                __P5IN = 0x30
                0x00000031                __P5OUT = 0x31
                0x00000032                __P5DIR = 0x32
                0x00000033                __P5SEL = 0x33
                0x00000012                __P5REN = 0x12
                0x00000034                __P6IN = 0x34
                0x00000035                __P6OUT = 0x35
                0x00000036                __P6DIR = 0x36
                0x00000037                __P6SEL = 0x37
                0x00000013                __P6REN = 0x13
                0x00000038                __P7IN = 0x38
                0x0000003a                __P7OUT = 0x3a
                0x0000003c                __P7DIR = 0x3c
                0x0000003e                __P7SEL = 0x3e
                0x00000014                __P7REN = 0x14
                0x00000039                __P8IN = 0x39
                0x0000003b                __P8OUT = 0x3b
                0x0000003d                __P8DIR = 0x3d
                0x0000003f                __P8SEL = 0x3f
                0x00000015                __P8REN = 0x15
                0x00000038                __PAIN = 0x38
                0x0000003a                __PAOUT = 0x3a
                0x0000003c                __PADIR = 0x3c
                0x0000003e                __PASEL = 0x3e
                0x00000014                __PAREN = 0x14
                0x00000055                __SVSCTL = 0x55
                0x0000012e                __TAIV = 0x12e
                0x00000160                __TACTL = 0x160
                0x00000162                __TACCTL0 = 0x162
                0x00000164                __TACCTL1 = 0x164
                0x00000166                __TACCTL2 = 0x166
                0x00000170                __TAR = 0x170
                0x00000172                __TACCR0 = 0x172
                0x00000174                __TACCR1 = 0x174
                0x00000176                __TACCR2 = 0x176
                0x0000011e                __TBIV = 0x11e
                0x00000180                __TBCTL = 0x180
                0x00000182                __TBCCTL0 = 0x182
                0x00000184                __TBCCTL1 = 0x184
                0x00000186                __TBCCTL2 = 0x186
                0x00000188                __TBCCTL3 = 0x188
                0x0000018a                __TBCCTL4 = 0x18a
                0x0000018c                __TBCCTL5 = 0x18c
                0x0000018e                __TBCCTL6 = 0x18e
                0x00000190                __TBR = 0x190
                0x00000192                __TBCCR0 = 0x192
                0x00000194                __TBCCR1 = 0x194
                0x00000196                __TBCCR2 = 0x196
                0x00000198                __TBCCR3 = 0x198
                0x0000019a                __TBCCR4 = 0x19a
                0x0000019c                __TBCCR5 = 0x19c
                0x0000019e                __TBCCR6 = 0x19e
                0x00000060                __UCA0CTL0 = 0x60
                0x00000061                __UCA0CTL1 = 0x61
                0x00000062                __UCA0BR0 = 0x62
                0x00000063                __UCA0BR1 = 0x63
                0x00000064                __UCA0MCTL = 0x64
                0x00000065                __UCA0STAT = 0x65
                0x00000066                __UCA0RXBUF = 0x66
                0x00000067                __UCA0TXBUF = 0x67
                0x0000005d                __UCA0ABCTL = 0x5d
                0x0000005e                __UCA0IRTCTL = 0x5e
                0x0000005f                __UCA0IRRCTL = 0x5f
                0x00000068                __UCB0CTL0 = 0x68
                0x00000069                __UCB0CTL1 = 0x69
                0x0000006a                __UCB0BR0 = 0x6a
                0x0000006b                __UCB0BR1 = 0x6b
                0x0000006c                __UCB0I2CIE = 0x6c
                0x0000006d                __UCB0STAT = 0x6d
                0x0000006e                __UCB0RXBUF = 0x6e
                0x0000006f                __UCB0TXBUF = 0x6f
                0x00000118                __UCB0I2COA = 0x118
                0x0000011a                __UCB0I2CSA = 0x11a
                0x000000d0                __UCA1CTL0 = 0xd0
                0x000000d1                __UCA1CTL1 = 0xd1
                0x000000d2                __UCA1BR0 = 0xd2
                0x000000d3                __UCA1BR1 = 0xd3
                0x000000d4                __UCA1MCTL = 0xd4
                0x000000d5                __UCA1STAT = 0xd5
                0x000000d6                __UCA1RXBUF = 0xd6
                0x000000d7                __UCA1TXBUF = 0xd7
                0x000000cd                __UCA1ABCTL = 0xcd
                0x000000ce                __UCA1IRTCTL = 0xce
                0x000000cf                __UCA1IRRCTL = 0xcf
                0x000000d8                __UCB1CTL0 = 0xd8
                0x000000d9                __UCB1CTL1 = 0xd9
                0x000000da                __UCB1BR0 = 0xda
                0x000000db                __UCB1BR1 = 0xdb
                0x000000dc                __UCB1I2CIE = 0xdc
                0x000000dd                __UCB1STAT = 0xdd
                0x000000de                __UCB1RXBUF = 0xde
                0x000000df                __UCB1TXBUF = 0xdf
                0x0000017c                __UCB1I2COA = 0x17c
                0x0000017e                __UCB1I2CSA = 0x17e
                0x00000120                __WDTCTL = 0x120
                0x000010c0                __TLV_CHECKSUM = 0x10c0
                0x000010f6                __TLV_DCO_30_TAG = 0x10f6
                0x000010f7                __TLV_DCO_30_LEN = 0x10f7
                0x000010da                __TLV_ADC12_1_TAG = 0x10da
                0x000010db                __TLV_ADC12_1_LEN = 0x10db
                0x000010f8                __CALDCO_16MHZ = 0x10f8
                0x000010f9                __CALBC1_16MHZ = 0x10f9
                0x000010fa                __CALDCO_12MHZ = 0x10fa
                0x000010fb                __CALBC1_12MHZ = 0x10fb
                0x000010fc                __CALDCO_8MHZ = 0x10fc
                0x000010fd                __CALBC1_8MHZ = 0x10fd
                0x000010fe                __CALDCO_1MHZ = 0x10fe
                0x000010ff                __CALBC1_1MHZ = 0x10ff

.hash
 *(.hash)

.dynsym
 *(.dynsym)

.dynstr
 *(.dynstr)

.gnu.version
 *(.gnu.version)

.gnu.version_d
 *(.gnu.version_d)

.gnu.version_r
 *(.gnu.version_r)

.rel.init
 *(.rel.init)

.rela.init
 *(.rela.init)

.rel.fini
 *(.rel.fini)

.rela.fini
 *(.rela.fini)

.rel.text
 *(.rel.text .rel.text.* .rel.gnu.linkonce.t.*)

.rela.text
 *(.rela.text .rela.text.* .rela.gnu.linkonce.t.*)

.rel.rodata
 *(.rel.rodata .rel.rodata.* .rel.gnu.linkonce.r.*)

.rela.rodata
 *(.rela.rodata .rela.rodata.* .rela.gnu.linkonce.r.*)

.rel.data
 *(.rel.data .rel.data.* .rel.gnu.linkonce.d.*)

.rela.data
 *(.rela.data .rela.data.* .rela.gnu.linkonce.d.*)

.rel.bss
 *(.rel.bss .rel.bss.* .rel.gnu.linkonce.b.*)

.rela.bss
 *(.rela.bss .rela.bss.* .rela.gnu.linkonce.b.*)

.rel.ctors
 *(.rel.ctors)

.rela.ctors
 *(.rela.ctors)

.rel.dtors
 *(.rel.dtors)

.rela.dtors
 *(.rela.dtors)

.rel.got
 *(.rel.got)

.rela.got
 *(.rela.got)

.rel.plt
 *(.rel.plt)

.rela.plt
 *(.rela.plt)

.text           0x00003100     0xbc16
                0x00003100                . = ALIGN (0x2)
 *(.init .init.*)
 *(.init0)
 .init0         0x00003100        0x0 /home/bernardo/Desktop/msp430/bin/../lib/gcc/msp430/4.7.2/mcpu-430x/mmpy-16/libcrt0.a(_reset_vector__.o)
                0x00003100                _reset_vector__
 *(.init1)
 .init1         0x00003100        0xc /home/bernardo/Desktop/msp430/bin/../lib/gcc/msp430/4.7.2/mcpu-430x/mmpy-16/libcrt0.a(__watchdog_support.o)
                0x00003100                __watchdog_support
 *(.init2)
 .init2         0x0000310c        0x4 /home/bernardo/Desktop/msp430/bin/../lib/gcc/msp430/4.7.2/mcpu-430x/mmpy-16/libcrt0.a(__init_stack.o)
                0x0000310c                __init_stack
 *(.init3)
 .init3         0x00003110        0x0 /home/bernardo/Desktop/msp430/bin/../lib/gcc/msp430/4.7.2/mcpu-430x/mmpy-16/libcrt0.a(__low_level_init.o)
                0x00003110                __low_level_init
 *(.init4)
 .init4         0x00003110       0x18 /home/bernardo/Desktop/msp430/bin/../lib/gcc/msp430/4.7.2/mcpu-430x/mmpy-16/libcrt0.a(_copy_data.o)
                0x00003110                __do_copy_data
 .init4         0x00003128       0x16 /home/bernardo/Desktop/msp430/bin/../lib/gcc/msp430/4.7.2/mcpu-430x/mmpy-16/libcrt0.a(_clear_bss.o)
                0x00003128                __do_clear_bss
 *(.init5)
 *(.init6)
 *(.init7)
 *(.init8)
 *(.init9)
 .init9         0x0000313e      0x1c4 obj_xm1000/contiki-xm1000-main.o
                0x0000313e                main
 *(.fini9)
 .fini9         0x00003302        0x0 /home/bernardo/Desktop/msp430/bin/../lib/gcc/msp430/4.7.2/mcpu-430x/mmpy-16/libcrt0.a(__stop_progExec__.o)
                0x00003302                __stop_progExec__
 *(.fini8)
 *(.fini7)
 *(.fini6)
 *(.fini5)
 *(.fini4)
 *(.fini3)
 *(.fini2)
 *(.fini1)
 *(.fini0)
 .fini0         0x00003302        0x6 /home/bernardo/Desktop/msp430/bin/../lib/gcc/msp430/4.7.2/mcpu-430x/mmpy-16/libcrt0.a(_endless_loop__.o)
                0x00003302                _endless_loop__
 *(.fini .fini.*)
                0x00003308                . = ALIGN (0x2)
                0x00003308                __ctors_start = .
 *(.ctors)
                0x00003308                __ctors_end = .
                0x00003308                __dtors_start = .
 *(.dtors)
                0x00003308                __dtors_end = .
                0x00003308                . = ALIGN (0x2)
 *(.text .text.* .gnu.linkonce.t.*)
 .text          0x00003308        0x4 /home/bernardo/Desktop/msp430/bin/../lib/gcc/msp430/4.7.2/mcpu-430x/mmpy-16/crt0ivtbl32.o
                0x00003308                __isr_14
                0x00003308                __isr_4
                0x00003308                __isr_29
                0x00003308                __isr_23
                0x00003308                __isr_11
                0x00003308                __isr_16
                0x00003308                __isr_5
                0x00003308                __isr_2
                0x00003308                __isr_10
                0x00003308                __isr_7
                0x00003308                __isr_0
                0x00003308                __isr_8
                0x00003308                __isr_20
                0x00003308                __isr_3
                0x00003308                __isr_12
                0x00003308                __isr_13
                0x00003308                __isr_27
                0x00003308                __isr_9
                0x00003308                __isr_30
                0x00003308                __isr_6
                0x00003308                __isr_22
                0x00003308                __isr_1
                0x00003308                __isr_15
                0x00003308                __isr_21
 .text.process_thread_node_process
                0x0000330c       0xe2 sink.co
 .text.receiver
                0x000033ee       0x9c sink.co
 .text.orchestra_packet_received
                0x0000348a        0x2 contiki-xm1000.a(orchestra.o)
 .text.orchestra_packet_sent
                0x0000348c       0x40 contiki-xm1000.a(orchestra.o)
 .text.orchestra_callback_child_added
                0x000034cc       0x22 contiki-xm1000.a(orchestra.o)
                0x000034cc                orchestra_callback_child_added
 .text.orchestra_callback_child_removed
                0x000034ee       0x22 contiki-xm1000.a(orchestra.o)
                0x000034ee                orchestra_callback_child_removed
 .text.orchestra_callback_packet_ready
                0x00003510       0x42 contiki-xm1000.a(orchestra.o)
                0x00003510                orchestra_callback_packet_ready
 .text.orchestra_callback_new_time_source
                0x00003552       0x2e contiki-xm1000.a(orchestra.o)
                0x00003552                orchestra_callback_new_time_source
 .text.orchestra_init
                0x00003580       0x38 contiki-xm1000.a(orchestra.o)
                0x00003580                orchestra_init
 .text.select_packet
                0x000035b8       0x16 contiki-xm1000.a(orchestra-rule-)
 .text.init     0x000035ce       0x28 contiki-xm1000.a(orchestra-rule-)
 .text.init     0x000035f6       0x3c contiki-xm1000.a(orchestra-rule-)
 .text.select_packet
                0x00003632       0x34 contiki-xm1000.a(orchestra-rule-)
 .text.new_time_source
                0x00003666       0x62 contiki-xm1000.a(orchestra-rule-)
 .text.init     0x000036c8       0x3e contiki-xm1000.a(orchestra-rule-)
 .text.select_packet
                0x00003706       0x68 contiki-xm1000.a(orchestra-rule-)
 .text.remove_uc_link
                0x0000376e       0x7a contiki-xm1000.a(orchestra-rule-)
 .text.child_removed
                0x000037e8        0x6 contiki-xm1000.a(orchestra-rule-)
 .text.add_uc_link
                0x000037ee       0x32 contiki-xm1000.a(orchestra-rule-)
 .text.child_added
                0x00003820        0x6 contiki-xm1000.a(orchestra-rule-)
 .text.new_time_source
                0x00003826       0x3a contiki-xm1000.a(orchestra-rule-)
 .text.init_platform
                0x00003860        0xc contiki-xm1000.a(contiki-xm1000-)
                0x00003860                init_platform
 .text.status   0x0000386c       0x18 contiki-xm1000.a(button-sensor.o)
 .text.value    0x00003884       0x20 contiki-xm1000.a(button-sensor.o)
 .text.configure
                0x000038a4       0x4c contiki-xm1000.a(button-sensor.o)
 .text.w_memcpy
                0x000038f0       0x1c contiki-xm1000.a(msp430.o)
                0x000038f0                w_memcpy
 .text.w_memset
                0x0000390c       0x12 contiki-xm1000.a(msp430.o)
                0x0000390c                w_memset
 .text.splhigh_
                0x0000391e        0x8 contiki-xm1000.a(msp430.o)
                0x0000391e                splhigh_
 .text.Set_DCO  0x00003926       0x80 contiki-xm1000.a(msp430.o)
                0x00003926                Set_DCO
 .text.msp430_cpu_init
                0x000039a6       0x2a contiki-xm1000.a(msp430.o)
                0x000039a6                msp430_cpu_init
 .text.show_leds
                0x000039d0       0xe8 contiki-xm1000.a(leds.o)
 .text.leds_init
                0x00003ab8        0xa contiki-xm1000.a(leds.o)
                0x00003ab8                leds_init
 .text.leds_toggle
                0x00003ac2        0xa contiki-xm1000.a(leds.o)
                0x00003ac2                leds_toggle
 .text.watchdog_start
                0x00003acc       0x14 contiki-xm1000.a(watchdog.o)
                0x00003acc                watchdog_start
 .text.watchdog_periodic
                0x00003ae0       0x12 contiki-xm1000.a(watchdog.o)
                0x00003ae0                watchdog_periodic
 .text.watchdog_stop
                0x00003af2       0x16 contiki-xm1000.a(watchdog.o)
                0x00003af2                watchdog_stop
 .text.watchdog_init
                0x00003b08       0x12 contiki-xm1000.a(watchdog.o)
                0x00003b08                watchdog_init
 .text.wait_ready
                0x00003b1a       0x46 contiki-xm1000.a(xmem.o)
 .text.xmem_init
                0x00003b60       0x36 contiki-xm1000.a(xmem.o)
                0x00003b60                xmem_init
 .text.xmem_pread
                0x00003b96       0xc0 contiki-xm1000.a(xmem.o)
                0x00003b96                xmem_pread
 .text.spi_init
                0x00003c56       0x32 contiki-xm1000.a(spi.o)
                0x00003c56                spi_init
 .text.owreadb  0x00003c88       0x4a contiki-xm1000.a(ds2411.o)
 .text.ds2411_init
                0x00003cd2      0x102 contiki-xm1000.a(ds2411.o)
                0x00003cd2                ds2411_init
 .text.process_thread_sensors_process
                0x00003dd4       0xbe contiki-xm1000.a(sensors.o)
 .text.sensors_changed
                0x00003e92       0x2a contiki-xm1000.a(sensors.o)
                0x00003e92                sensors_changed
 .text.node_id_restore
                0x00003ebc       0x38 contiki-xm1000.a(node-id.o)
                0x00003ebc                node_id_restore
 .text.set_object
                0x00003ef4        0x4 contiki-xm1000.a(cc2420.o)
 .text.strobe   0x00003ef8       0x1a contiki-xm1000.a(cc2420.o)
 .text.getreg   0x00003f12       0x46 contiki-xm1000.a(cc2420.o)
 .text.setreg   0x00003f58       0x44 contiki-xm1000.a(cc2420.o)
 .text.write_ram
                0x00003f9c       0x72 contiki-xm1000.a(cc2420.o)
 .text.write_fifo_buf
                0x0000400e       0x38 contiki-xm1000.a(cc2420.o)
 .text.get_status
                0x00004046       0x1e contiki-xm1000.a(cc2420.o)
 .text.set_txpower
                0x00004064       0x24 contiki-xm1000.a(cc2420.o)
 .text.cc2420_receiving_packet
                0x00004088        0xa contiki-xm1000.a(cc2420.o)
 .text.pending_packet
                0x00004092        0x8 contiki-xm1000.a(cc2420.o)
 .text.on       0x0000409a       0x26 contiki-xm1000.a(cc2420.o)
 .text.wait_for_transmission
                0x000040c0       0x22 contiki-xm1000.a(cc2420.o)
 .text.wait_for_status
                0x000040e2       0x24 contiki-xm1000.a(cc2420.o)
 .text.getrxdata
                0x00004106       0x4c contiki-xm1000.a(cc2420.o)
 .text.flushrx  0x00004152       0x1a contiki-xm1000.a(cc2420.o)
 .text.off      0x0000416c       0x5a contiki-xm1000.a(cc2420.o)
 .text.RELEASE_LOCK
                0x000041c6       0x28 contiki-xm1000.a(cc2420.o)
 .text.set_frame_filtering
                0x000041ee       0x30 contiki-xm1000.a(cc2420.o)
 .text.set_auto_ack
                0x0000421e       0x30 contiki-xm1000.a(cc2420.o)
 .text.set_poll_mode
                0x0000424e       0x2c contiki-xm1000.a(cc2420.o)
 .text.cc2420_prepare
                0x0000427a       0x38 contiki-xm1000.a(cc2420.o)
 .text.get_object
                0x000042b2       0x20 contiki-xm1000.a(cc2420.o)
 .text.cc2420_on
                0x000042d2       0x22 contiki-xm1000.a(cc2420.o)
                0x000042d2                cc2420_on
 .text.cc2420_off
                0x000042f4       0x30 contiki-xm1000.a(cc2420.o)
                0x000042f4                cc2420_off
 .text.cc2420_cca
                0x00004324       0x54 contiki-xm1000.a(cc2420.o)
 .text.cc2420_read
                0x00004378       0xb8 contiki-xm1000.a(cc2420.o)
 .text.process_thread_cc2420_process
                0x00004430       0x5c contiki-xm1000.a(cc2420.o)
 .text.cc2420_set_channel
                0x0000448c       0x3a contiki-xm1000.a(cc2420.o)
                0x0000448c                cc2420_set_channel
 .text.cc2420_set_pan_addr
                0x000044c6       0x4c contiki-xm1000.a(cc2420.o)
                0x000044c6                cc2420_set_pan_addr
 .text.cc2420_interrupt
                0x00004512       0x16 contiki-xm1000.a(cc2420.o)
                0x00004512                cc2420_interrupt
 .text.cc2420_set_txpower
                0x00004528        0xe contiki-xm1000.a(cc2420.o)
                0x00004528                cc2420_set_txpower
 .text.cc2420_get_txpower
                0x00004536       0x1e contiki-xm1000.a(cc2420.o)
                0x00004536                cc2420_get_txpower
 .text.cc2420_transmit
                0x00004554      0x10e contiki-xm1000.a(cc2420.o)
 .text.cc2420_send
                0x00004662       0x12 contiki-xm1000.a(cc2420.o)
 .text.cc2420_rssi
                0x00004674       0x48 contiki-xm1000.a(cc2420.o)
                0x00004674                cc2420_rssi
 .text.get_value
                0x000046bc      0x100 contiki-xm1000.a(cc2420.o)
 .text.cc2420_set_cca_threshold
                0x000047bc       0x16 contiki-xm1000.a(cc2420.o)
                0x000047bc                cc2420_set_cca_threshold
 .text.set_value
                0x000047d2       0xae contiki-xm1000.a(cc2420.o)
 .text.cc2420_init
                0x00004880       0xd6 contiki-xm1000.a(cc2420.o)
                0x00004880                cc2420_init
 .text.cc2420_arch_init
                0x00004956       0x1e contiki-xm1000.a(cc2420-arch.o)
                0x00004956                cc2420_arch_init
 .text.cc2420_arch_sfd_init
                0x00004974       0x26 contiki-xm1000.a(cc2420-arch-sfd)
                0x00004974                cc2420_arch_sfd_init
 .text.clock_time
                0x0000499a       0x1a contiki-xm1000.a(clock.o)
                0x0000499a                clock_time
 .text.clock_init
                0x000049b4       0x28 contiki-xm1000.a(clock.o)
                0x000049b4                clock_init
 .text.clock_delay
                0x000049dc        0xc contiki-xm1000.a(clock.o)
                0x000049dc                clock_delay
 .text.clock_wait
                0x000049e8       0x24 contiki-xm1000.a(clock.o)
                0x000049e8                clock_wait
 .text.clock_seconds
                0x00004a0c       0x1a contiki-xm1000.a(clock.o)
                0x00004a0c                clock_seconds
 .text.rtimer_arch_init
                0x00004a26        0xe contiki-xm1000.a(rtimer-arch.o)
                0x00004a26                rtimer_arch_init
 .text.rtimer_arch_now
                0x00004a34        0xe contiki-xm1000.a(rtimer-arch.o)
                0x00004a34                rtimer_arch_now
 .text.rtimer_arch_schedule
                0x00004a42        0x6 contiki-xm1000.a(rtimer-arch.o)
                0x00004a42                rtimer_arch_schedule
 .text.tsch_schedule_get_slotframe_by_handle
                0x00004a48       0x2e contiki-xm1000.a(tsch-schedule.o)
                0x00004a48                tsch_schedule_get_slotframe_by_handle
 .text.tsch_schedule_add_slotframe
                0x00004a76       0x74 contiki-xm1000.a(tsch-schedule.o)
                0x00004a76                tsch_schedule_add_slotframe
 .text.tsch_schedule_remove_link
                0x00004aea       0x76 contiki-xm1000.a(tsch-schedule.o)
                0x00004aea                tsch_schedule_remove_link
 .text.tsch_schedule_remove_slotframe
                0x00004b60       0x46 contiki-xm1000.a(tsch-schedule.o)
                0x00004b60                tsch_schedule_remove_slotframe
 .text.tsch_schedule_remove_all_slotframes
                0x00004ba6       0x1e contiki-xm1000.a(tsch-schedule.o)
                0x00004ba6                tsch_schedule_remove_all_slotframes
 .text.tsch_schedule_get_link_by_timeslot
                0x00004bc4       0x34 contiki-xm1000.a(tsch-schedule.o)
                0x00004bc4                tsch_schedule_get_link_by_timeslot
 .text.tsch_schedule_remove_link_by_timeslot
                0x00004bf8       0x26 contiki-xm1000.a(tsch-schedule.o)
                0x00004bf8                tsch_schedule_remove_link_by_timeslot
 .text.tsch_schedule_add_link
                0x00004c1e       0xa2 contiki-xm1000.a(tsch-schedule.o)
                0x00004c1e                tsch_schedule_add_link
 .text.tsch_schedule_get_next_active_link
                0x00004cc0      0x116 contiki-xm1000.a(tsch-schedule.o)
                0x00004cc0                tsch_schedule_get_next_active_link
 .text.tsch_schedule_init
                0x00004dd6       0x2c contiki-xm1000.a(tsch-schedule.o)
                0x00004dd6                tsch_schedule_init
 .text.tsch_schedule_slot_operation.isra.0
                0x00004e02       0x52 contiki-xm1000.a(tsch-slot-opera)
 .text.tsch_tx_slot.constprop.4
                0x00004e54      0x41c contiki-xm1000.a(tsch-slot-opera)
 .text.get_packet_and_neighbor_for_link.constprop.5
                0x00005270       0x68 contiki-xm1000.a(tsch-slot-opera)
 .text.tsch_is_locked
                0x000052d8        0x6 contiki-xm1000.a(tsch-slot-opera)
                0x000052d8                tsch_is_locked
 .text.tsch_get_lock
                0x000052de       0x3c contiki-xm1000.a(tsch-slot-opera)
                0x000052de                tsch_get_lock
 .text.tsch_release_lock
                0x0000531a        0x6 contiki-xm1000.a(tsch-slot-opera)
                0x0000531a                tsch_release_lock
 .text.tsch_calculate_channel
                0x00005320       0x56 contiki-xm1000.a(tsch-slot-opera)
                0x00005320                tsch_calculate_channel
 .text.tsch_slot_operation
                0x00005376      0x5c0 contiki-xm1000.a(tsch-slot-opera)
 .text.tsch_slot_operation_start
                0x00005936       0x7c contiki-xm1000.a(tsch-slot-opera)
                0x00005936                tsch_slot_operation_start
 .text.tsch_slot_operation_sync
                0x000059b2       0x2a contiki-xm1000.a(tsch-slot-opera)
                0x000059b2                tsch_slot_operation_sync
 .text.tsch_packet_create_eack
                0x000059dc       0xa4 contiki-xm1000.a(tsch-packet.o)
                0x000059dc                tsch_packet_create_eack
 .text.tsch_packet_parse_eack
                0x00005a80       0xb6 contiki-xm1000.a(tsch-packet.o)
                0x00005a80                tsch_packet_parse_eack
 .text.tsch_packet_create_eb
                0x00005b36      0x13c contiki-xm1000.a(tsch-packet.o)
                0x00005b36                tsch_packet_create_eb
 .text.tsch_packet_update_eb
                0x00005c72       0x3a contiki-xm1000.a(tsch-packet.o)
                0x00005c72                tsch_packet_update_eb
 .text.tsch_packet_parse_eb
                0x00005cac       0x7c contiki-xm1000.a(tsch-packet.o)
                0x00005cac                tsch_packet_parse_eb
 .text.tsch_timesync_update
                0x00005d28        0x2 contiki-xm1000.a(tsch-adaptive-t)
                0x00005d28                tsch_timesync_update
 .text.tsch_timesync_adaptive_compensate
                0x00005d2a        0x6 contiki-xm1000.a(tsch-adaptive-t)
                0x00005d2a                tsch_timesync_adaptive_compensate
 .text.turn_off
                0x00005d30        0x4 contiki-xm1000.a(tsch.o)
 .text.channel_check_interval
                0x00005d34        0x4 contiki-xm1000.a(tsch.o)
 .text.packet_input
                0x00005d38       0x96 contiki-xm1000.a(tsch.o)
 .text.send_packet
                0x00005dce       0x7c contiki-xm1000.a(tsch.o)
 .text.tsch_reset
                0x00005e4a       0x7a contiki-xm1000.a(tsch.o)
 .text.tsch_init
                0x00005ec4       0x9a contiki-xm1000.a(tsch.o)
 .text.process_thread_tsch_send_eb_process
                0x00005f5e      0x19a contiki-xm1000.a(tsch.o)
 .text.turn_on  0x000060f8       0x36 contiki-xm1000.a(tsch.o)
 .text.keepalive_send
                0x0000612e       0x2c contiki-xm1000.a(tsch.o)
 .text.tsch_set_coordinator
                0x0000615a       0x10 contiki-xm1000.a(tsch.o)
                0x0000615a                tsch_set_coordinator
 .text.tsch_set_join_priority
                0x0000616a        0x6 contiki-xm1000.a(tsch.o)
                0x0000616a                tsch_set_join_priority
 .text.tsch_set_eb_period
                0x00006170        0xa contiki-xm1000.a(tsch.o)
                0x00006170                tsch_set_eb_period
 .text.tsch_schedule_keepalive
                0x0000617a       0x3c contiki-xm1000.a(tsch.o)
                0x0000617a                tsch_schedule_keepalive
 .text.keepalive_packet_sent
                0x000061b6        0xe contiki-xm1000.a(tsch.o)
 .text.tsch_disassociate
                0x000061c4       0x1a contiki-xm1000.a(tsch.o)
                0x000061c4                tsch_disassociate
 .text.process_thread_tsch_pending_events_process
                0x000061de      0x152 contiki-xm1000.a(tsch.o)
 .text.tsch_scan
                0x00006330      0x304 contiki-xm1000.a(tsch.o)
                0x00006330                tsch_scan
 .text.process_thread_tsch_process
                0x00006634       0xae contiki-xm1000.a(tsch.o)
 .text.autostart_start
                0x000066e2       0x16 contiki-xm1000.a(autostart.o)
                0x000066e2                autostart_start
 .text.process_thread_ctimer_process
                0x000066f8       0xa0 contiki-xm1000.a(ctimer.o)
 .text.ctimer_init
                0x00006798       0x18 contiki-xm1000.a(ctimer.o)
                0x00006798                ctimer_init
 .text.ctimer_set_with_process
                0x000067b0       0x4a contiki-xm1000.a(ctimer.o)
                0x000067b0                ctimer_set_with_process
 .text.ctimer_set
                0x000067fa       0x10 contiki-xm1000.a(ctimer.o)
                0x000067fa                ctimer_set
 .text.ctimer_reset
                0x0000680a       0x2c contiki-xm1000.a(ctimer.o)
                0x0000680a                ctimer_reset
 .text.ctimer_stop
                0x00006836       0x28 contiki-xm1000.a(ctimer.o)
                0x00006836                ctimer_stop
 .text.energest_init
                0x0000685e       0x24 contiki-xm1000.a(energest.o)
                0x0000685e                energest_init
 .text.energest_type_time
                0x00006882       0x3c contiki-xm1000.a(energest.o)
                0x00006882                energest_type_time
 .text.energest_type_set
                0x000068be        0xc contiki-xm1000.a(energest.o)
                0x000068be                energest_type_set
 .text.energest_flush
                0x000068ca       0x38 contiki-xm1000.a(energest.o)
                0x000068ca                energest_flush
 .text.update_time
                0x00006902       0x70 contiki-xm1000.a(etimer.o)
 .text.etimer_request_poll
                0x00006972        0xa contiki-xm1000.a(etimer.o)
                0x00006972                etimer_request_poll
 .text.process_thread_etimer_process
                0x0000697c       0xc4 contiki-xm1000.a(etimer.o)
 .text.add_timer
                0x00006a40       0x40 contiki-xm1000.a(etimer.o)
 .text.etimer_set
                0x00006a80       0x12 contiki-xm1000.a(etimer.o)
                0x00006a80                etimer_set
 .text.etimer_reset
                0x00006a92       0x12 contiki-xm1000.a(etimer.o)
                0x00006a92                etimer_reset
 .text.etimer_expired
                0x00006aa4        0xe contiki-xm1000.a(etimer.o)
                0x00006aa4                etimer_expired
 .text.etimer_expiration_time
                0x00006ab2       0x14 contiki-xm1000.a(etimer.o)
                0x00006ab2                etimer_expiration_time
 .text.etimer_pending
                0x00006ac6        0xc contiki-xm1000.a(etimer.o)
                0x00006ac6                etimer_pending
 .text.etimer_next_expiration_time
                0x00006ad2       0x16 contiki-xm1000.a(etimer.o)
                0x00006ad2                etimer_next_expiration_time
 .text.etimer_stop
                0x00006ae8       0x3e contiki-xm1000.a(etimer.o)
                0x00006ae8                etimer_stop
 .text.call_process
                0x00006b26       0x40 contiki-xm1000.a(process.o)
 .text.exit_process
                0x00006b66       0x88 contiki-xm1000.a(process.o)
 .text.do_poll  0x00006bee       0x30 contiki-xm1000.a(process.o)
 .text.process_alloc_event
                0x00006c1e        0xe contiki-xm1000.a(process.o)
                0x00006c1e                process_alloc_event
 .text.process_init
                0x00006c2c       0x1c contiki-xm1000.a(process.o)
                0x00006c2c                process_init
 .text.process_run
                0x00006c48       0xa4 contiki-xm1000.a(process.o)
                0x00006c48                process_run
 .text.process_nevents
                0x00006cec        0xe contiki-xm1000.a(process.o)
                0x00006cec                process_nevents
 .text.process_post
                0x00006cfa       0x50 contiki-xm1000.a(process.o)
                0x00006cfa                process_post
 .text.process_post_synch
                0x00006d4a       0x12 contiki-xm1000.a(process.o)
                0x00006d4a                process_post_synch
 .text.process_start
                0x00006d5c       0x36 contiki-xm1000.a(process.o)
                0x00006d5c                process_start
 .text.process_poll
                0x00006d92       0x18 contiki-xm1000.a(process.o)
                0x00006d92                process_poll
 .text.rtimer_init
                0x00006daa        0x6 contiki-xm1000.a(rtimer.o)
                0x00006daa                rtimer_init
 .text.rtimer_set
                0x00006db0       0x24 contiki-xm1000.a(rtimer.o)
                0x00006db0                rtimer_set
 .text.rtimer_run_next
                0x00006dd4       0x26 contiki-xm1000.a(rtimer.o)
                0x00006dd4                rtimer_run_next
 .text.timer_set
                0x00006dfa       0x1c contiki-xm1000.a(timer.o)
                0x00006dfa                timer_set
 .text.timer_reset
                0x00006e16        0xe contiki-xm1000.a(timer.o)
                0x00006e16                timer_reset
 .text.timer_expired
                0x00006e24       0x2a contiki-xm1000.a(timer.o)
                0x00006e24                timer_expired
 .text.ringbufindex_init
                0x00006e4e       0x10 contiki-xm1000.a(ringbufindex.o)
                0x00006e4e                ringbufindex_init
 .text.ringbufindex_put
                0x00006e5e       0x28 contiki-xm1000.a(ringbufindex.o)
                0x00006e5e                ringbufindex_put
 .text.ringbufindex_peek_put
                0x00006e86       0x20 contiki-xm1000.a(ringbufindex.o)
                0x00006e86                ringbufindex_peek_put
 .text.ringbufindex_get
                0x00006ea6       0x28 contiki-xm1000.a(ringbufindex.o)
                0x00006ea6                ringbufindex_get
 .text.ringbufindex_peek_get
                0x00006ece       0x1c contiki-xm1000.a(ringbufindex.o)
                0x00006ece                ringbufindex_peek_get
 .text.ringbufindex_elements
                0x00006eea       0x10 contiki-xm1000.a(ringbufindex.o)
                0x00006eea                ringbufindex_elements
 .text.ringbufindex_empty
                0x00006efa       0x10 contiki-xm1000.a(ringbufindex.o)
                0x00006efa                ringbufindex_empty
 .text.list_init
                0x00006f0a        0x6 contiki-xm1000.a(list.o)
                0x00006f0a                list_init
 .text.list_head
                0x00006f10        0x4 contiki-xm1000.a(list.o)
                0x00006f10                list_head
 .text.list_tail
                0x00006f14       0x12 contiki-xm1000.a(list.o)
                0x00006f14                list_tail
 .text.list_remove
                0x00006f26       0x34 contiki-xm1000.a(list.o)
                0x00006f26                list_remove
 .text.list_push
                0x00006f5a       0x16 contiki-xm1000.a(list.o)
                0x00006f5a                list_push
 .text.list_add
                0x00006f70       0x26 contiki-xm1000.a(list.o)
                0x00006f70                list_add
 .text.list_length
                0x00006f96       0x10 contiki-xm1000.a(list.o)
                0x00006f96                list_length
 .text.list_item_next
                0x00006fa6        0xc contiki-xm1000.a(list.o)
                0x00006fa6                list_item_next
 .text.memb_init
                0x00006fb2       0x36 contiki-xm1000.a(memb.o)
                0x00006fb2                memb_init
 .text.memb_alloc
                0x00006fe8       0x3e contiki-xm1000.a(memb.o)
                0x00006fe8                memb_alloc
 .text.memb_free
                0x00007026       0x3a contiki-xm1000.a(memb.o)
                0x00007026                memb_free
 .text.memb_inmemb
                0x00007060       0x2a contiki-xm1000.a(memb.o)
                0x00007060                memb_inmemb
 .text.random_init
                0x0000708a        0x6 contiki-xm1000.a(random.o)
                0x0000708a                random_init
 .text.random_rand
                0x00007090        0x6 contiki-xm1000.a(random.o)
                0x00007090                random_rand
 .text.uip_ds6_list_loop
                0x00007096       0x66 contiki-xm1000.a(uip-ds6.o)
                0x00007096                uip_ds6_list_loop
 .text.uip_ds6_prefix_add
                0x000070fc       0x70 contiki-xm1000.a(uip-ds6.o)
                0x000070fc                uip_ds6_prefix_add
 .text.uip_ds6_is_addr_onlink
                0x0000716c       0x42 contiki-xm1000.a(uip-ds6.o)
                0x0000716c                uip_ds6_is_addr_onlink
 .text.uip_ds6_addr_lookup
                0x000071ae       0x2a contiki-xm1000.a(uip-ds6.o)
                0x000071ae                uip_ds6_addr_lookup
 .text.uip_ds6_get_link_local
                0x000071d8       0x3e contiki-xm1000.a(uip-ds6.o)
                0x000071d8                uip_ds6_get_link_local
 .text.uip_ds6_maddr_add
                0x00007216       0x48 contiki-xm1000.a(uip-ds6.o)
                0x00007216                uip_ds6_maddr_add
 .text.uip_ds6_addr_add
                0x0000725e       0xb4 contiki-xm1000.a(uip-ds6.o)
                0x0000725e                uip_ds6_addr_add
 .text.uip_ds6_maddr_rm
                0x00007312        0xa contiki-xm1000.a(uip-ds6.o)
                0x00007312                uip_ds6_maddr_rm
 .text.uip_ds6_maddr_lookup
                0x0000731c       0x2a contiki-xm1000.a(uip-ds6.o)
                0x0000731c                uip_ds6_maddr_lookup
 .text.uip_ds6_addr_rm
                0x00007346       0x54 contiki-xm1000.a(uip-ds6.o)
                0x00007346                uip_ds6_addr_rm
 .text.uip_ds6_periodic
                0x0000739a       0x4a contiki-xm1000.a(uip-ds6.o)
                0x0000739a                uip_ds6_periodic
 .text.uip_ds6_set_addr_iid
                0x000073e4       0x14 contiki-xm1000.a(uip-ds6.o)
                0x000073e4                uip_ds6_set_addr_iid
 .text.get_match_length
                0x000073f8       0x3c contiki-xm1000.a(uip-ds6.o)
                0x000073f8                get_match_length
 .text.uip_ds6_select_src
                0x00007434       0x9a contiki-xm1000.a(uip-ds6.o)
                0x00007434                uip_ds6_select_src
 .text.uip_ds6_compute_reachable_time
                0x000074ce       0x36 contiki-xm1000.a(uip-ds6.o)
                0x000074ce                uip_ds6_compute_reachable_time
 .text.uip_ds6_init
                0x00007504      0x13a contiki-xm1000.a(uip-ds6.o)
                0x00007504                uip_ds6_init
 .text.call_route_callback
                0x0000763e       0x40 contiki-xm1000.a(uip-ds6-route.o)
 .text.uip_ds6_route_init
                0x0000767e       0x36 contiki-xm1000.a(uip-ds6-route.o)
                0x0000767e                uip_ds6_route_init
 .text.uip_ds6_route_nexthop
                0x000076b4       0x1a contiki-xm1000.a(uip-ds6-route.o)
                0x000076b4                uip_ds6_route_nexthop
 .text.uip_ds6_route_head
                0x000076ce        0xa contiki-xm1000.a(uip-ds6-route.o)
                0x000076ce                uip_ds6_route_head
 .text.uip_ds6_route_next
                0x000076d8        0xe contiki-xm1000.a(uip-ds6-route.o)
                0x000076d8                uip_ds6_route_next
 .text.uip_ds6_route_lookup
                0x000076e6       0x6e contiki-xm1000.a(uip-ds6-route.o)
                0x000076e6                uip_ds6_route_lookup
 .text.uip_ds6_route_rm
                0x00007754       0xb6 contiki-xm1000.a(uip-ds6-route.o)
                0x00007754                uip_ds6_route_rm
 .text.rm_routelist
                0x0000780a       0x34 contiki-xm1000.a(uip-ds6-route.o)
 .text.rm_routelist_callback
                0x0000783e        0x6 contiki-xm1000.a(uip-ds6-route.o)
 .text.uip_ds6_route_add
                0x00007844      0x106 contiki-xm1000.a(uip-ds6-route.o)
                0x00007844                uip_ds6_route_add
 .text.uip_ds6_defrt_rm
                0x0000794a       0x44 contiki-xm1000.a(uip-ds6-route.o)
                0x0000794a                uip_ds6_defrt_rm
 .text.uip_ds6_defrt_lookup
                0x0000798e       0x32 contiki-xm1000.a(uip-ds6-route.o)
                0x0000798e                uip_ds6_defrt_lookup
 .text.uip_ds6_defrt_add
                0x000079c0       0x68 contiki-xm1000.a(uip-ds6-route.o)
                0x000079c0                uip_ds6_defrt_add
 .text.uip_ds6_defrt_choose
                0x00007a28       0x36 contiki-xm1000.a(uip-ds6-route.o)
                0x00007a28                uip_ds6_defrt_choose
 .text.uip_ds6_defrt_periodic
                0x00007a5e       0x38 contiki-xm1000.a(uip-ds6-route.o)
                0x00007a5e                uip_ds6_defrt_periodic
 .text.chksum   0x00007a96       0x32 contiki-xm1000.a(uip6.o)
 .text.upper_layer_chksum
                0x00007ac8       0x56 contiki-xm1000.a(uip6.o)
 .text.ext_hdr_options_process
                0x00007b1e       0xc2 contiki-xm1000.a(uip6.o)
 .text.uip_icmp6chksum
                0x00007be0        0xa contiki-xm1000.a(uip6.o)
                0x00007be0                uip_icmp6chksum
 .text.uip_udpchksum
                0x00007bea        0xa contiki-xm1000.a(uip6.o)
                0x00007bea                uip_udpchksum
 .text.uip_init
                0x00007bf4       0x36 contiki-xm1000.a(uip6.o)
                0x00007bf4                uip_init
 .text.remove_ext_hdr
                0x00007c2a       0x50 contiki-xm1000.a(uip6.o)
                0x00007c2a                remove_ext_hdr
 .text.uip_udp_new
                0x00007c7a       0xb8 contiki-xm1000.a(uip6.o)
                0x00007c7a                uip_udp_new
 .text.uip_process
                0x00007d32      0x48e contiki-xm1000.a(uip6.o)
                0x00007d32                uip_process
 .text.uip_htonl
                0x000081c0       0x2a contiki-xm1000.a(uip6.o)
                0x000081c0                uip_htonl
 .text.uip_ds6_nbr_rm
                0x000081ea       0x1a contiki-xm1000.a(uip-ds6-nbr.o)
                0x000081ea                uip_ds6_nbr_rm
 .text.uip_ds6_neighbors_init
                0x00008204        0xe contiki-xm1000.a(uip-ds6-nbr.o)
                0x00008204                uip_ds6_neighbors_init
 .text.uip_ds6_nbr_add
                0x00008212       0x54 contiki-xm1000.a(uip-ds6-nbr.o)
                0x00008212                uip_ds6_nbr_add
 .text.uip_ds6_nbr_get_ll
                0x00008266        0xc contiki-xm1000.a(uip-ds6-nbr.o)
                0x00008266                uip_ds6_nbr_get_ll
 .text.uip_ds6_nbr_lookup
                0x00008272       0x3e contiki-xm1000.a(uip-ds6-nbr.o)
                0x00008272                uip_ds6_nbr_lookup
 .text.uip_ds6_nbr_ll_lookup
                0x000082b0        0xc contiki-xm1000.a(uip-ds6-nbr.o)
                0x000082b0                uip_ds6_nbr_ll_lookup
 .text.uip_ds6_nbr_ipaddr_from_lladdr
                0x000082bc        0x6 contiki-xm1000.a(uip-ds6-nbr.o)
                0x000082bc                uip_ds6_nbr_ipaddr_from_lladdr
 .text.uip_ds6_nbr_lladdr_from_ipaddr
                0x000082c2       0x12 contiki-xm1000.a(uip-ds6-nbr.o)
                0x000082c2                uip_ds6_nbr_lladdr_from_ipaddr
 .text.uip_ds6_link_neighbor_callback
                0x000082d4       0x26 contiki-xm1000.a(uip-ds6-nbr.o)
                0x000082d4                uip_ds6_link_neighbor_callback
 .text.uip_ds6_neighbor_periodic
                0x000082fa       0x5c contiki-xm1000.a(uip-ds6-nbr.o)
                0x000082fa                uip_ds6_neighbor_periodic
 .text.uip_nd6_init
                0x00008356        0x2 contiki-xm1000.a(uip-nd6.o)
                0x00008356                uip_nd6_init
 .text.set_packet_attrs
                0x00008358       0x46 contiki-xm1000.a(sicslowpan.o)
 .text.addr_context_lookup_by_number
                0x0000839e       0x30 contiki-xm1000.a(sicslowpan.o)
 .text.compress_addr_64
                0x000083ce       0x90 contiki-xm1000.a(sicslowpan.o)
 .text.uncompress_addr
                0x0000845e       0x92 contiki-xm1000.a(sicslowpan.o)
 .text.sicslowpan_init
                0x000084f0       0x26 contiki-xm1000.a(sicslowpan.o)
                0x000084f0                sicslowpan_init
 .text.addr_context_lookup_by_prefix
                0x00008516       0x4a contiki-xm1000.a(sicslowpan.o)
 .text.packet_sent
                0x00008560       0x22 contiki-xm1000.a(sicslowpan.o)
 .text.input    0x00008582      0x436 contiki-xm1000.a(sicslowpan.o)
 .text.output   0x000089b8      0x52a contiki-xm1000.a(sicslowpan.o)
 .text.rime_sniffer_add
                0x00008ee2        0x6 contiki-xm1000.a(sicslowpan.o)
                0x00008ee2                rime_sniffer_add
 .text.tcpip_output
                0x00008ee8       0x10 contiki-xm1000.a(tcpip.o)
                0x00008ee8                tcpip_output
 .text.tcpip_set_outputfunc
                0x00008ef8        0x6 contiki-xm1000.a(tcpip.o)
                0x00008ef8                tcpip_set_outputfunc
 .text.udp_new  0x00008efe       0x1a contiki-xm1000.a(tcpip.o)
                0x00008efe                udp_new
 .text.tcpip_input
                0x00008f18       0x16 contiki-xm1000.a(tcpip.o)
                0x00008f18                tcpip_input
 .text.tcpip_ipv6_output
                0x00008f2e       0xce contiki-xm1000.a(tcpip.o)
                0x00008f2e                tcpip_ipv6_output
 .text.process_thread_tcpip_process
                0x00008ffc       0xd0 contiki-xm1000.a(tcpip.o)
 .text.tcpip_uipcall
                0x000090cc       0x2a contiki-xm1000.a(tcpip.o)
                0x000090cc                tcpip_uipcall
 .text.process_thread_simple_udp_process
                0x000090f6       0x9e contiki-xm1000.a(simple-udp.o)
 .text.simple_udp_register
                0x00009194       0x82 contiki-xm1000.a(simple-udp.o)
                0x00009194                simple_udp_register
 .text.uip_debug_ipaddr_print
                0x00009216        0x2 contiki-xm1000.a(uip-debug.o)
                0x00009216                uip_debug_ipaddr_print
 .text.lollipop_greater_than
                0x00009218       0x3c contiki-xm1000.a(rpl-dag.o)
 .text.find_parent_any_dag_any_instance
                0x00009254       0x14 contiki-xm1000.a(rpl-dag.o)
 .text.rpl_set_preferred_parent
                0x00009268       0x34 contiki-xm1000.a(rpl-dag.o)
 .text.set_ip_from_prefix
                0x0000929c       0x30 contiki-xm1000.a(rpl-dag.o)
 .text.check_prefix
                0x000092cc       0x70 contiki-xm1000.a(rpl-dag.o)
 .text.rpl_get_nbr
                0x0000933c       0x1e contiki-xm1000.a(rpl-dag.o)
                0x0000933c                rpl_get_nbr
 .text.rpl_dag_init
                0x0000935a        0xe contiki-xm1000.a(rpl-dag.o)
                0x0000935a                rpl_dag_init
 .text.rpl_get_parent
                0x00009368        0xc contiki-xm1000.a(rpl-dag.o)
                0x00009368                rpl_get_parent
 .text.rpl_get_parent_ipaddr
                0x00009374       0x10 contiki-xm1000.a(rpl-dag.o)
                0x00009374                rpl_get_parent_ipaddr
 .text.rpl_set_prefix
                0x00009384       0x74 contiki-xm1000.a(rpl-dag.o)
                0x00009384                rpl_set_prefix
 .text.rpl_set_default_route
                0x000093f8       0x60 contiki-xm1000.a(rpl-dag.o)
                0x000093f8                rpl_set_default_route
 .text.rpl_alloc_instance
                0x00009458       0x38 contiki-xm1000.a(rpl-dag.o)
                0x00009458                rpl_alloc_instance
 .text.rpl_add_parent
                0x00009490       0x4e contiki-xm1000.a(rpl-dag.o)
                0x00009490                rpl_add_parent
 .text.rpl_find_parent
                0x000094de       0x1a contiki-xm1000.a(rpl-dag.o)
                0x000094de                rpl_find_parent
 .text.rpl_find_parent_any_dag
                0x000094f8       0x22 contiki-xm1000.a(rpl-dag.o)
                0x000094f8                rpl_find_parent_any_dag
 .text.rpl_select_parent
                0x0000951a       0x74 contiki-xm1000.a(rpl-dag.o)
                0x0000951a                rpl_select_parent
 .text.rpl_select_dag
                0x0000958e      0x190 contiki-xm1000.a(rpl-dag.o)
                0x0000958e                rpl_select_dag
 .text.rpl_nullify_parent
                0x0000971e       0x4e contiki-xm1000.a(rpl-dag.o)
                0x0000971e                rpl_nullify_parent
 .text.rpl_remove_parent
                0x0000976c       0x16 contiki-xm1000.a(rpl-dag.o)
                0x0000976c                rpl_remove_parent
 .text.nbr_callback
                0x00009782        0x6 contiki-xm1000.a(rpl-dag.o)
 .text.remove_parents.constprop.5
                0x00009788       0x2c contiki-xm1000.a(rpl-dag.o)
 .text.rpl_free_dag
                0x000097b4       0x34 contiki-xm1000.a(rpl-dag.o)
                0x000097b4                rpl_free_dag
 .text.rpl_move_parent
                0x000097e8       0x52 contiki-xm1000.a(rpl-dag.o)
                0x000097e8                rpl_move_parent
 .text.rpl_get_any_dag
                0x0000983a       0x16 contiki-xm1000.a(rpl-dag.o)
                0x0000983a                rpl_get_any_dag
 .text.rpl_get_instance
                0x00009850       0x16 contiki-xm1000.a(rpl-dag.o)
                0x00009850                rpl_get_instance
 .text.rpl_alloc_dag
                0x00009866       0x60 contiki-xm1000.a(rpl-dag.o)
                0x00009866                rpl_alloc_dag
 .text.rpl_repair_root
                0x000098c6       0x4c contiki-xm1000.a(rpl-dag.o)
                0x000098c6                rpl_repair_root
 .text.rpl_set_root
                0x00009912      0x116 contiki-xm1000.a(rpl-dag.o)
                0x00009912                rpl_set_root
 .text.rpl_find_of
                0x00009a28       0x10 contiki-xm1000.a(rpl-dag.o)
                0x00009a28                rpl_find_of
 .text.rpl_join_instance
                0x00009a38      0x122 contiki-xm1000.a(rpl-dag.o)
                0x00009a38                rpl_join_instance
 .text.rpl_local_repair
                0x00009b5a       0x62 contiki-xm1000.a(rpl-dag.o)
                0x00009b5a                rpl_local_repair
 .text.rpl_process_parent_event
                0x00009bbc       0x6a contiki-xm1000.a(rpl-dag.o)
                0x00009bbc                rpl_process_parent_event
 .text.rpl_recalculate_ranks
                0x00009c26       0x44 contiki-xm1000.a(rpl-dag.o)
                0x00009c26                rpl_recalculate_ranks
 .text.rpl_add_dag
                0x00009c6a      0x10a contiki-xm1000.a(rpl-dag.o)
                0x00009c6a                rpl_add_dag
 .text.rpl_process_dio
                0x00009d74      0x318 contiki-xm1000.a(rpl-dag.o)
                0x00009d74                rpl_process_dio
 .text.handle_unicast_dio_timer
                0x0000a08c       0x1c contiki-xm1000.a(rpl-timers.o)
 .text.set_dao_lifetime_timer
                0x0000a0a8       0x66 contiki-xm1000.a(rpl-timers.o)
 .text.new_dio_interval
                0x0000a10e       0x92 contiki-xm1000.a(rpl-timers.o)
 .text.handle_periodic_timer
                0x0000a1a0       0x32 contiki-xm1000.a(rpl-timers.o)
 .text.schedule_dao
                0x0000a1d2       0x72 contiki-xm1000.a(rpl-timers.o)
 .text.handle_dao_timer
                0x0000a244       0x64 contiki-xm1000.a(rpl-timers.o)
 .text.handle_dio_timer
                0x0000a2a8       0x88 contiki-xm1000.a(rpl-timers.o)
 .text.rpl_reset_periodic_timer
                0x0000a330       0x54 contiki-xm1000.a(rpl-timers.o)
                0x0000a330                rpl_reset_periodic_timer
 .text.rpl_reset_dio_timer
                0x0000a384       0x18 contiki-xm1000.a(rpl-timers.o)
                0x0000a384                rpl_reset_dio_timer
 .text.rpl_schedule_dao
                0x0000a39c        0xc contiki-xm1000.a(rpl-timers.o)
                0x0000a39c                rpl_schedule_dao
 .text.rpl_schedule_unicast_dio_immediately
                0x0000a3a8       0x16 contiki-xm1000.a(rpl-timers.o)
                0x0000a3a8                rpl_schedule_unicast_dio_immediately
 .text.rpl_schedule_probing
                0x0000a3be       0x34 contiki-xm1000.a(rpl-timers.o)
                0x0000a3be                rpl_schedule_probing
 .text.handle_probing_timer
                0x0000a3f2      0x108 contiki-xm1000.a(rpl-timers.o)
 .text.rpl_verify_header
                0x0000a4fa       0xfa contiki-xm1000.a(rpl-ext-header.)
                0x0000a4fa                rpl_verify_header
 .text.rpl_update_header_empty
                0x0000a5f4      0x154 contiki-xm1000.a(rpl-ext-header.)
                0x0000a5f4                rpl_update_header_empty
 .text.rpl_update_header_final
                0x0000a748       0x8e contiki-xm1000.a(rpl-ext-header.)
                0x0000a748                rpl_update_header_final
 .text.rpl_invert_header
                0x0000a7d6       0x74 contiki-xm1000.a(rpl-ext-header.)
                0x0000a7d6                rpl_invert_header
 .text.rpl_insert_header
                0x0000a84a       0x12 contiki-xm1000.a(rpl-ext-header.)
                0x0000a84a                rpl_insert_header
 .text.rpl_get_mode
                0x0000a85c        0x6 contiki-xm1000.a(rpl.o)
                0x0000a85c                rpl_get_mode
 .text.rpl_purge_routes
                0x0000a862       0x96 contiki-xm1000.a(rpl.o)
                0x0000a862                rpl_purge_routes
 .text.rpl_remove_routes
                0x0000a8f8       0x22 contiki-xm1000.a(rpl.o)
                0x0000a8f8                rpl_remove_routes
 .text.rpl_remove_routes_by_nexthop
                0x0000a91a       0x3e contiki-xm1000.a(rpl.o)
                0x0000a91a                rpl_remove_routes_by_nexthop
 .text.rpl_add_route
                0x0000a958       0x48 contiki-xm1000.a(rpl.o)
                0x0000a958                rpl_add_route
 .text.rpl_link_neighbor_callback
                0x0000a9a0       0x74 contiki-xm1000.a(rpl.o)
                0x0000a9a0                rpl_link_neighbor_callback
 .text.rpl_ipv6_neighbor_callback
                0x0000aa14       0x1e contiki-xm1000.a(rpl.o)
                0x0000aa14                rpl_ipv6_neighbor_callback
 .text.rpl_purge_dags
                0x0000aa32       0x60 contiki-xm1000.a(rpl.o)
                0x0000aa32                rpl_purge_dags
 .text.rpl_init
                0x0000aa92       0x4a contiki-xm1000.a(rpl.o)
                0x0000aa92                rpl_init
 .text.reset    0x0000aadc        0x2 contiki-xm1000.a(rpl-mrhof.o)
 .text.update_metric_container
                0x0000aade        0x6 contiki-xm1000.a(rpl-mrhof.o)
 .text.calculate_rank
                0x0000aae4       0x3e contiki-xm1000.a(rpl-mrhof.o)
 .text.neighbor_link_callback
                0x0000ab22       0x94 contiki-xm1000.a(rpl-mrhof.o)
 .text.best_dag
                0x0000abb6       0x2e contiki-xm1000.a(rpl-mrhof.o)
 .text.best_parent
                0x0000abe4       0x66 contiki-xm1000.a(rpl-mrhof.o)
 .text.send_packet
                0x0000ac4a        0x2 contiki-xm1000.a(nordc.o)
 .text.send_list
                0x0000ac4c        0x2 contiki-xm1000.a(nordc.o)
 .text.packet_input
                0x0000ac4e        0x2 contiki-xm1000.a(nordc.o)
 .text.on       0x0000ac50        0x4 contiki-xm1000.a(nordc.o)
 .text.off      0x0000ac54        0x4 contiki-xm1000.a(nordc.o)
 .text.channel_check_interval
                0x0000ac58        0x4 contiki-xm1000.a(nordc.o)
 .text.init     0x0000ac5c        0x2 contiki-xm1000.a(nordc.o)
 .text.frame80215e_create_ie_header_ack_nack_time_correction
                0x0000ac5e       0x38 contiki-xm1000.a(frame802154e-ie)
                0x0000ac5e                frame80215e_create_ie_header_ack_nack_time_correction
 .text.frame80215e_create_ie_header_list_termination_1
                0x0000ac96       0x1c contiki-xm1000.a(frame802154e-ie)
                0x0000ac96                frame80215e_create_ie_header_list_termination_1
 .text.frame80215e_create_ie_mlme
                0x0000acb2       0x28 contiki-xm1000.a(frame802154e-ie)
                0x0000acb2                frame80215e_create_ie_mlme
 .text.frame80215e_create_ie_tsch_synchronization
                0x0000acda       0x56 contiki-xm1000.a(frame802154e-ie)
                0x0000acda                frame80215e_create_ie_tsch_synchronization
 .text.frame80215e_create_ie_tsch_slotframe_and_link
                0x0000ad30       0xbe contiki-xm1000.a(frame802154e-ie)
                0x0000ad30                frame80215e_create_ie_tsch_slotframe_and_link
 .text.frame80215e_create_ie_tsch_timeslot
                0x0000adee       0x66 contiki-xm1000.a(frame802154e-ie)
                0x0000adee                frame80215e_create_ie_tsch_timeslot
 .text.frame80215e_create_ie_tsch_channel_hopping_sequence
                0x0000ae54       0x9a contiki-xm1000.a(frame802154e-ie)
                0x0000ae54                frame80215e_create_ie_tsch_channel_hopping_sequence
 .text.frame802154e_parse_information_elements
                0x0000aeee      0x346 contiki-xm1000.a(frame802154e-ie)
                0x0000aeee                frame802154e_parse_information_elements
 .text.create_frame.isra.0
                0x0000b234      0x114 contiki-xm1000.a(framer-802154.o)
 .text.create   0x0000b348        0x8 contiki-xm1000.a(framer-802154.o)
 .text.hdr_length
                0x0000b350        0x8 contiki-xm1000.a(framer-802154.o)
 .text.parse    0x0000b358       0x9a contiki-xm1000.a(framer-802154.o)
 .text.frame802154_get_pan_id
                0x0000b3f2        0x6 contiki-xm1000.a(frame802154.o)
                0x0000b3f2                frame802154_get_pan_id
 .text.frame802154_set_pan_id
                0x0000b3f8        0x6 contiki-xm1000.a(frame802154.o)
                0x0000b3f8                frame802154_set_pan_id
 .text.frame802154_has_panid
                0x0000b3fe       0x64 contiki-xm1000.a(frame802154.o)
                0x0000b3fe                frame802154_has_panid
 .text.field_len
                0x0000b462       0xa8 contiki-xm1000.a(frame802154.o)
 .text.frame802154_check_dest_panid
                0x0000b50a       0x36 contiki-xm1000.a(frame802154.o)
                0x0000b50a                frame802154_check_dest_panid
 .text.frame802154_is_broadcast_addr
                0x0000b540       0x28 contiki-xm1000.a(frame802154.o)
                0x0000b540                frame802154_is_broadcast_addr
 .text.frame802154_extract_linkaddr
                0x0000b568       0x8c contiki-xm1000.a(frame802154.o)
                0x0000b568                frame802154_extract_linkaddr
 .text.frame802154_hdrlen
                0x0000b5f4       0x32 contiki-xm1000.a(frame802154.o)
                0x0000b5f4                frame802154_hdrlen
 .text.frame802154_create
                0x0000b626      0x136 contiki-xm1000.a(frame802154.o)
                0x0000b626                frame802154_create
 .text.frame802154_parse
                0x0000b75c      0x1c0 contiki-xm1000.a(frame802154.o)
                0x0000b75c                frame802154_parse
 .text.mac_call_sent_callback
                0x0000b91c       0x14 contiki-xm1000.a(mac.o)
                0x0000b91c                mac_call_sent_callback
 .text.queuebuf_init
                0x0000b930       0x12 contiki-xm1000.a(queuebuf.o)
                0x0000b930                queuebuf_init
 .text.queuebuf_new_from_packetbuf
                0x0000b942       0x4e contiki-xm1000.a(queuebuf.o)
                0x0000b942                queuebuf_new_from_packetbuf
 .text.queuebuf_free
                0x0000b990       0x2a contiki-xm1000.a(queuebuf.o)
                0x0000b990                queuebuf_free
 .text.queuebuf_to_packetbuf
                0x0000b9ba       0x32 contiki-xm1000.a(queuebuf.o)
                0x0000b9ba                queuebuf_to_packetbuf
 .text.queuebuf_dataptr
                0x0000b9ec       0x1c contiki-xm1000.a(queuebuf.o)
                0x0000b9ec                queuebuf_dataptr
 .text.queuebuf_datalen
                0x0000ba08        0x8 contiki-xm1000.a(queuebuf.o)
                0x0000ba08                queuebuf_datalen
 .text.queuebuf_attr
                0x0000ba10        0xe contiki-xm1000.a(queuebuf.o)
                0x0000ba10                queuebuf_attr
 .text.item_from_index
                0x0000ba1e       0x2a contiki-xm1000.a(nbr-table.o)
 .text.index_from_key
                0x0000ba48       0x26 contiki-xm1000.a(nbr-table.o)
 .text.index_from_item
                0x0000ba6e       0x1e contiki-xm1000.a(nbr-table.o)
 .text.nbr_set_bit
                0x0000ba8c       0x50 contiki-xm1000.a(nbr-table.o)
 .text.index_from_lladdr
                0x0000badc       0x3e contiki-xm1000.a(nbr-table.o)
 .text.nbr_get_bit.constprop.0
                0x0000bb1a       0x2c contiki-xm1000.a(nbr-table.o)
 .text.nbr_table_register
                0x0000bb46       0x26 contiki-xm1000.a(nbr-table.o)
                0x0000bb46                nbr_table_register
 .text.nbr_table_next
                0x0000bb6c       0x4c contiki-xm1000.a(nbr-table.o)
                0x0000bb6c                nbr_table_next
 .text.nbr_table_head
                0x0000bbb8       0x36 contiki-xm1000.a(nbr-table.o)
                0x0000bbb8                nbr_table_head
 .text.nbr_table_add_lladdr
                0x0000bbee      0x110 contiki-xm1000.a(nbr-table.o)
                0x0000bbee                nbr_table_add_lladdr
 .text.nbr_table_get_from_lladdr
                0x0000bcfe       0x28 contiki-xm1000.a(nbr-table.o)
                0x0000bcfe                nbr_table_get_from_lladdr
 .text.nbr_table_remove
                0x0000bd26       0x2a contiki-xm1000.a(nbr-table.o)
                0x0000bd26                nbr_table_remove
 .text.nbr_table_lock
                0x0000bd50       0x10 contiki-xm1000.a(nbr-table.o)
                0x0000bd50                nbr_table_lock
 .text.nbr_table_unlock
                0x0000bd60       0x10 contiki-xm1000.a(nbr-table.o)
                0x0000bd60                nbr_table_unlock
 .text.nbr_table_get_lladdr
                0x0000bd70       0x20 contiki-xm1000.a(nbr-table.o)
                0x0000bd70                nbr_table_get_lladdr
 .text.packetbuf_copyto
                0x0000bd90       0x58 contiki-xm1000.a(packetbuf.o)
                0x0000bd90                packetbuf_copyto
 .text.packetbuf_hdrreduce
                0x0000bde8       0x1a contiki-xm1000.a(packetbuf.o)
                0x0000bde8                packetbuf_hdrreduce
 .text.packetbuf_set_datalen
                0x0000be02        0x6 contiki-xm1000.a(packetbuf.o)
                0x0000be02                packetbuf_set_datalen
 .text.packetbuf_dataptr
                0x0000be08        0xe contiki-xm1000.a(packetbuf.o)
                0x0000be08                packetbuf_dataptr
 .text.packetbuf_hdrptr
                0x0000be16        0xa contiki-xm1000.a(packetbuf.o)
                0x0000be16                packetbuf_hdrptr
 .text.packetbuf_datalen
                0x0000be20        0x6 contiki-xm1000.a(packetbuf.o)
                0x0000be20                packetbuf_datalen
 .text.packetbuf_hdrlen
                0x0000be26       0x10 contiki-xm1000.a(packetbuf.o)
                0x0000be26                packetbuf_hdrlen
 .text.packetbuf_totlen
                0x0000be36        0xc contiki-xm1000.a(packetbuf.o)
                0x0000be36                packetbuf_totlen
 .text.packetbuf_hdralloc
                0x0000be42       0x2a contiki-xm1000.a(packetbuf.o)
                0x0000be42                packetbuf_hdralloc
 .text.packetbuf_attr_clear
                0x0000be6c       0x28 contiki-xm1000.a(packetbuf.o)
                0x0000be6c                packetbuf_attr_clear
 .text.packetbuf_clear
                0x0000be94       0x1a contiki-xm1000.a(packetbuf.o)
                0x0000be94                packetbuf_clear
 .text.packetbuf_copyfrom
                0x0000beae       0x2a contiki-xm1000.a(packetbuf.o)
                0x0000beae                packetbuf_copyfrom
 .text.packetbuf_attr_copyto
                0x0000bed8       0x22 contiki-xm1000.a(packetbuf.o)
                0x0000bed8                packetbuf_attr_copyto
 .text.packetbuf_attr_copyfrom
                0x0000befa       0x24 contiki-xm1000.a(packetbuf.o)
                0x0000befa                packetbuf_attr_copyfrom
 .text.packetbuf_holds_broadcast
                0x0000bf1e        0xe contiki-xm1000.a(packetbuf.o)
                0x0000bf1e                packetbuf_holds_broadcast
 .text.linkaddr_copy
                0x0000bf2c        0x8 contiki-xm1000.a(linkaddr.o)
                0x0000bf2c                linkaddr_copy
 .text.linkaddr_cmp
                0x0000bf34       0x12 contiki-xm1000.a(linkaddr.o)
                0x0000bf34                linkaddr_cmp
 .text.linkaddr_set_node_addr
                0x0000bf46        0xc contiki-xm1000.a(linkaddr.o)
                0x0000bf46                linkaddr_set_node_addr
 .text.leds_arch_init
                0x0000bf52        0xe contiki-xm1000.a(leds-arch.o)
                0x0000bf52                leds_arch_init
 .text.leds_arch_set
                0x0000bf60       0x38 contiki-xm1000.a(leds-arch.o)
                0x0000bf60                leds_arch_set
 .text.uart1_active
                0x0000bf98        0xe contiki-xm1000.a(uart1x.o)
                0x0000bf98                uart1_active
 .text.uart1_writeb
                0x0000bfa6       0x16 contiki-xm1000.a(uart1x.o)
                0x0000bfa6                uart1_writeb
 .text.uart1_init
                0x0000bfbc       0x44 contiki-xm1000.a(uart1x.o)
                0x0000bfbc                uart1_init
 .text.putchar  0x0000c000       0x10 contiki-xm1000.a(uart1-putchar.o)
                0x0000c000                putchar
 .text.init     0x0000c010        0x2 contiki-xm1000.a(nullsec.o)
 .text.send     0x0000c012        0xa contiki-xm1000.a(nullsec.o)
 .text.input    0x0000c01c        0x6 contiki-xm1000.a(nullsec.o)
 .text.tsch_queue_get_nbr
                0x0000c022       0x3c contiki-xm1000.a(tsch-queue.o)
                0x0000c022                tsch_queue_get_nbr
 .text.tsch_queue_add_nbr
                0x0000c05e       0x88 contiki-xm1000.a(tsch-queue.o)
                0x0000c05e                tsch_queue_add_nbr
 .text.tsch_queue_get_time_source
                0x0000c0e6       0x28 contiki-xm1000.a(tsch-queue.o)
                0x0000c0e6                tsch_queue_get_time_source
 .text.tsch_queue_update_time_source
                0x0000c10e       0x58 contiki-xm1000.a(tsch-queue.o)
                0x0000c10e                tsch_queue_update_time_source
 .text.tsch_queue_add_packet
                0x0000c166       0x88 contiki-xm1000.a(tsch-queue.o)
                0x0000c166                tsch_queue_add_packet
 .text.tsch_queue_packet_count
                0x0000c1ee       0x26 contiki-xm1000.a(tsch-queue.o)
                0x0000c1ee                tsch_queue_packet_count
 .text.tsch_queue_remove_packet_from_queue
                0x0000c214       0x32 contiki-xm1000.a(tsch-queue.o)
                0x0000c214                tsch_queue_remove_packet_from_queue
 .text.tsch_queue_free_packet
                0x0000c246       0x1c contiki-xm1000.a(tsch-queue.o)
                0x0000c246                tsch_queue_free_packet
 .text.tsch_queue_is_empty
                0x0000c262       0x2c contiki-xm1000.a(tsch-queue.o)
                0x0000c262                tsch_queue_is_empty
 .text.tsch_queue_flush_nbr_queue
                0x0000c28e       0x3c contiki-xm1000.a(tsch-queue.o)
 .text.tsch_queue_free_unused_neighbors
                0x0000c2ca       0x64 contiki-xm1000.a(tsch-queue.o)
                0x0000c2ca                tsch_queue_free_unused_neighbors
 .text.tsch_queue_get_packet_for_nbr
                0x0000c32e       0x88 contiki-xm1000.a(tsch-queue.o)
                0x0000c32e                tsch_queue_get_packet_for_nbr
 .text.tsch_queue_get_unicast_packet_for_any
                0x0000c3b6       0x50 contiki-xm1000.a(tsch-queue.o)
                0x0000c3b6                tsch_queue_get_unicast_packet_for_any
 .text.tsch_queue_backoff_reset
                0x0000c406        0xa contiki-xm1000.a(tsch-queue.o)
                0x0000c406                tsch_queue_backoff_reset
 .text.tsch_queue_backoff_inc
                0x0000c410       0x46 contiki-xm1000.a(tsch-queue.o)
                0x0000c410                tsch_queue_backoff_inc
 .text.tsch_queue_update_all_backoff_windows
                0x0000c456       0x56 contiki-xm1000.a(tsch-queue.o)
                0x0000c456                tsch_queue_update_all_backoff_windows
 .text.tsch_queue_init
                0x0000c4ac       0x32 contiki-xm1000.a(tsch-queue.o)
                0x0000c4ac                tsch_queue_init
 .text.tsch_rpl_callback_joining_network
                0x0000c4de        0x2 contiki-xm1000.a(tsch-rpl.o)
                0x0000c4de                tsch_rpl_callback_joining_network
 .text.tsch_rpl_callback_leaving_network
                0x0000c4e0       0x12 contiki-xm1000.a(tsch-rpl.o)
                0x0000c4e0                tsch_rpl_callback_leaving_network
 .text.tsch_rpl_callback_new_dio_interval
                0x0000c4f2       0x52 contiki-xm1000.a(tsch-rpl.o)
                0x0000c4f2                tsch_rpl_callback_new_dio_interval
 .text.tsch_rpl_callback_parent_switch
                0x0000c544       0x16 contiki-xm1000.a(tsch-rpl.o)
                0x0000c544                tsch_rpl_callback_parent_switch
 .text.stimer_set
                0x0000c55a       0x1c contiki-xm1000.a(stimer.o)
                0x0000c55a                stimer_set
 .text.stimer_expired
                0x0000c576       0x30 contiki-xm1000.a(stimer.o)
                0x0000c576                stimer_expired
 .text.echo_reply_input
                0x0000c5a6      0x10c contiki-xm1000.a(uip-icmp6.o)
 .text.echo_request_input
                0x0000c6b2      0x128 contiki-xm1000.a(uip-icmp6.o)
 .text.uip_icmp6_input
                0x0000c7da       0x44 contiki-xm1000.a(uip-icmp6.o)
                0x0000c7da                uip_icmp6_input
 .text.uip_icmp6_register_input_handler
                0x0000c81e        0xc contiki-xm1000.a(uip-icmp6.o)
                0x0000c81e                uip_icmp6_register_input_handler
 .text.uip_icmp6_error_output
                0x0000c82a      0x170 contiki-xm1000.a(uip-icmp6.o)
                0x0000c82a                uip_icmp6_error_output
 .text.uip_icmp6_send
                0x0000c99a       0x84 contiki-xm1000.a(uip-icmp6.o)
                0x0000c99a                uip_icmp6_send
 .text.uip_icmp6_init
                0x0000ca1e       0x12 contiki-xm1000.a(uip-icmp6.o)
                0x0000ca1e                uip_icmp6_init
 .text.get32    0x0000ca30       0x3e contiki-xm1000.a(rpl-icmp6.o)
 .text.set32    0x0000ca6e       0x2a contiki-xm1000.a(rpl-icmp6.o)
 .text.get16    0x0000ca98        0xe contiki-xm1000.a(rpl-icmp6.o)
 .text.set16    0x0000caa6       0x10 contiki-xm1000.a(rpl-icmp6.o)
 .text.dao_ack_input
                0x0000cab6        0xa contiki-xm1000.a(rpl-icmp6.o)
 .text.dio_input
                0x0000cac0      0x2b4 contiki-xm1000.a(rpl-icmp6.o)
 .text.dis_output
                0x0000cd74       0x50 contiki-xm1000.a(rpl-icmp6.o)
                0x0000cd74                dis_output
 .text.dio_output
                0x0000cdc4      0x242 contiki-xm1000.a(rpl-icmp6.o)
                0x0000cdc4                dio_output
 .text.dis_input
                0x0000d006       0x2c contiki-xm1000.a(rpl-icmp6.o)
 .text.dao_output_target
                0x0000d032       0xd0 contiki-xm1000.a(rpl-icmp6.o)
                0x0000d032                dao_output_target
 .text.dao_output
                0x0000d102       0x68 contiki-xm1000.a(rpl-icmp6.o)
                0x0000d102                dao_output
 .text.dao_ack_output
                0x0000d16a       0x38 contiki-xm1000.a(rpl-icmp6.o)
                0x0000d16a                dao_ack_output
 .text.dao_input
                0x0000d1a2      0x23a contiki-xm1000.a(rpl-icmp6.o)
 .text.rpl_icmp6_register_handlers
                0x0000d3dc       0x22 contiki-xm1000.a(rpl-icmp6.o)
                0x0000d3dc                rpl_icmp6_register_handlers
 .text.libgcc   0x0000d3fe       0x26 /home/bernardo/Desktop/msp430/bin/../lib/gcc/msp430/4.7.2/mcpu-430x/mmpy-16/libgcc.a(_mulsi3.o)
                0x0000d3fe                __mulsi3
 .text.libgcc   0x0000d424       0x22 /home/bernardo/Desktop/msp430/bin/../lib/gcc/msp430/4.7.2/mcpu-430x/mmpy-16/libgcc.a(_udivmod16.o)
                0x0000d424                __udivhi3
                0x0000d424                __ext_udivmod16
                0x0000d43e                __umodhi3
 .text.libgcc   0x0000d446       0x3a /home/bernardo/Desktop/msp430/bin/../lib/gcc/msp430/4.7.2/mcpu-430x/mmpy-16/libgcc.a(_divmod16.o)
                0x0000d446                __ext_divmod16
                0x0000d446                __divhi3
                0x0000d478                __modhi3
 .text.libgcc   0x0000d480       0x38 /home/bernardo/Desktop/msp430/bin/../lib/gcc/msp430/4.7.2/mcpu-430x/mmpy-16/libgcc.a(_udivmod32.o)
                0x0000d480                __udivsi3
                0x0000d480                __ext_udivmod32
                0x0000d4ae                __umodsi3
 .text.libgcc   0x0000d4b8       0x4c /home/bernardo/Desktop/msp430/bin/../lib/gcc/msp430/4.7.2/mcpu-430x/mmpy-16/libgcc.a(_divmod32.o)
                0x0000d4b8                __ext_divmod32
                0x0000d4b8                __divsi3
                0x0000d4fa                __modsi3
 .text          0x0000d504      0x306 /home/bernardo/Desktop/msp430/bin/../lib/gcc/msp430/4.7.2/mcpu-430x/mmpy-16/libgcc.a(_addsub_sf.o)
                0x0000d76e                __addsf3
                0x0000d7ba                __subsf3
 .text          0x0000d80a      0x1fe /home/bernardo/Desktop/msp430/bin/../lib/gcc/msp430/4.7.2/mcpu-430x/mmpy-16/libgcc.a(_mul_sf.o)
                0x0000d80a                __mulsf3
 .text          0x0000da08       0xa4 /home/bernardo/Desktop/msp430/bin/../lib/gcc/msp430/4.7.2/mcpu-430x/mmpy-16/libgcc.a(_si_to_sf.o)
                0x0000da08                __floatsisf
 .text          0x0000daac       0x8c /home/bernardo/Desktop/msp430/bin/../lib/gcc/msp430/4.7.2/mcpu-430x/mmpy-16/libgcc.a(_sf_to_si.o)
                0x0000daac                __fixsfsi
 .text          0x0000db38       0x6a /home/bernardo/Desktop/msp430/bin/../lib/gcc/msp430/4.7.2/mcpu-430x/mmpy-16/libgcc.a(_clzsi2.o)
                0x0000db38                __clzsi2
 .text          0x0000dba2      0x1c4 /home/bernardo/Desktop/msp430/bin/../lib/gcc/msp430/4.7.2/mcpu-430x/mmpy-16/libgcc.a(_pack_sf.o)
                0x0000dba2                __pack_f
 .text          0x0000dd66      0x10c /home/bernardo/Desktop/msp430/bin/../lib/gcc/msp430/4.7.2/mcpu-430x/mmpy-16/libgcc.a(_unpack_sf.o)
                0x0000dd66                __unpack_f
 .text.printf   0x0000de72       0x10 /home/bernardo/Desktop/msp430/bin/../lib/gcc/msp430/4.7.2/../../../../msp430/lib/mcpu-430x/mmpy-16/libc.a(printf.o)
                0x0000de72                printf
 .text.print_field
                0x0000de82      0x176 /home/bernardo/Desktop/msp430/bin/../lib/gcc/msp430/4.7.2/../../../../msp430/lib/mcpu-430x/mmpy-16/libc.a(vuprintf.o)
 .text.vuprintf
                0x0000dff8      0x742 /home/bernardo/Desktop/msp430/bin/../lib/gcc/msp430/4.7.2/../../../../msp430/lib/mcpu-430x/mmpy-16/libc.a(vuprintf.o)
                0x0000dff8                vuprintf
 .text.rand     0x0000e73a       0x26 /home/bernardo/Desktop/msp430/bin/../lib/gcc/msp430/4.7.2/../../../../msp430/lib/mcpu-430x/mmpy-16/libc.a(rand.o)
                0x0000e73a                rand
 .text.srand    0x0000e760        0xa /home/bernardo/Desktop/msp430/bin/../lib/gcc/msp430/4.7.2/../../../../msp430/lib/mcpu-430x/mmpy-16/libc.a(rand.o)
                0x0000e760                srand
 .text.memcmp   0x0000e76a       0x2c /home/bernardo/Desktop/msp430/bin/../lib/gcc/msp430/4.7.2/../../../../msp430/lib/mcpu-430x/mmpy-16/libc.a(memcmp.o)
                0x0000e76a                memcmp
 .text.memcpy   0x0000e796       0xe8 /home/bernardo/Desktop/msp430/bin/../lib/gcc/msp430/4.7.2/../../../../msp430/lib/mcpu-430x/mmpy-16/libc.a(memcpy.o)
                0x0000e796                memcpy
 .text.memmove  0x0000e87e       0xe8 /home/bernardo/Desktop/msp430/bin/../lib/gcc/msp430/4.7.2/../../../../msp430/lib/mcpu-430x/mmpy-16/libc.a(memmove.o)
                0x0000e87e                memmove
 .text.libgcc   0x0000e966       0xbc /home/bernardo/Desktop/msp430/bin/../lib/gcc/msp430/4.7.2/mcpu-430x/mmpy-16/libgcc.a(_udivmod64.o)
                0x0000e966                __xabi_udivmod64
                0x0000e9b8                __udivdi3
                0x0000e9d2                __umoddi3
                0x0000e9f4                __udivmoddi4
 .text.crt0     0x0000ea22        0x2 /home/bernardo/Desktop/msp430/bin/../lib/gcc/msp430/4.7.2/mcpu-430x/mmpy-16/libcrt0.a(_unexpected_.o)
                0x0000ea22                _unexpected_
 *(.near.text .near.text.*)
 .near.text.irq_p2
                0x0000ea24       0x74 contiki-xm1000.a(button-sensor.o)
                0x0000ea24                irq_p2
                0x0000ea24                __isr_19
 .near.text.watchdog_interrupt
                0x0000ea98        0x6 contiki-xm1000.a(watchdog.o)
                0x0000ea98                __isr_26
                0x0000ea98                watchdog_interrupt
 .near.text.cc2420_port1_interrupt
                0x0000ea9e       0x4e contiki-xm1000.a(cc2420-arch.o)
                0x0000ea9e                __isr_18
                0x0000ea9e                cc2420_port1_interrupt
 .near.text.cc2420_timerb1_interrupt
                0x0000eaec       0x5a contiki-xm1000.a(cc2420-arch-sfd)
                0x0000eaec                cc2420_timerb1_interrupt
                0x0000eaec                __isr_28
 .near.text.timera1
                0x0000eb46      0x10a contiki-xm1000.a(clock.o)
                0x0000eb46                __isr_24
                0x0000eb46                timera1
 .near.text.timera0
                0x0000ec50       0x5c contiki-xm1000.a(rtimer-arch.o)
                0x0000ec50                __isr_25
                0x0000ec50                timera0
 .near.text.uart1_rx_interrupt
                0x0000ecac       0x6a contiki-xm1000.a(uart1x.o)
                0x0000ecac                uart1_rx_interrupt
                0x0000ecac                __isr_17

.rodata         0x0000ed18      0x239
                0x0000ed18                . = ALIGN (0x2)
 *(.rodata .rodata.* .gnu.linkonce.r.*)
 .rodata        0x0000ed18       0x20 sink.co
                0x0000ed34                autostart_processes
 .rodata        0x0000ed38       0x10 contiki-xm1000.a(button-sensor.o)
                0x0000ed40                button_sensor
 .rodata.get_value
                0x0000ed48       0x24 contiki-xm1000.a(cc2420.o)
 .rodata.set_value
                0x0000ed6c       0x10 contiki-xm1000.a(cc2420.o)
 .rodata        0x0000ed7c       0x2c contiki-xm1000.a(cc2420.o)
                0x0000ed7c                cc2420_driver
 .rodata        0x0000eda8       0x40 contiki-xm1000.a(tsch.o)
                0x0000edb2                tschmac_driver
                0x0000edc0                tsch_eb_address
                0x0000edc8                tsch_broadcast_address
 .rodata        0x0000ede8       0x24 contiki-xm1000.a(sicslowpan.o)
                0x0000edf4                sicslowpan_driver
                0x0000edfa                llprefix
                0x0000edfc                unc_mxconf
                0x0000ee00                unc_ctxconf
                0x0000ee04                unc_llconf
 .rodata        0x0000ee0c       0x16 contiki-xm1000.a(nordc.o)
                0x0000ee12                nordc_driver
 .rodata        0x0000ee22        0x6 contiki-xm1000.a(framer-802154.o)
                0x0000ee22                framer_802154
 .rodata        0x0000ee28        0x2 contiki-xm1000.a(frame802154.o)
 .rodata        0x0000ee2a        0x8 contiki-xm1000.a(linkaddr.o)
                0x0000ee2a                linkaddr_null
 .rodata        0x0000ee32       0x10 contiki-xm1000.a(nullsec.o)
                0x0000ee3a                nullsec_driver
 .rodata        0x0000ee42        0x8 /home/bernardo/Desktop/msp430/bin/../lib/gcc/msp430/4.7.2/mcpu-430x/mmpy-16/libgcc.a(_thenan_sf.o)
                0x0000ee42                __thenan_sf
 .rodata        0x0000ee4a      0x100 /home/bernardo/Desktop/msp430/bin/../lib/gcc/msp430/4.7.2/mcpu-430x/mmpy-16/libgcc.a(_clz.o)
                0x0000ee4a                __clz_tab
 .rodata.vuprintf
                0x0000ef4a        0x7 /home/bernardo/Desktop/msp430/bin/../lib/gcc/msp430/4.7.2/../../../../msp430/lib/mcpu-430x/mmpy-16/libc.a(vuprintf.o)
 *(.near.rodata .near.rodata.*)
                0x0000ef52                . = ALIGN (0x2)
                0x0000ef52                _etext = .

.data           0x00001100      0x12c load address 0x0000ef52
                0x00001100                . = ALIGN (0x2)
                0x00001100                __data_start = .
 *(.data .data.* .gnu.linkonce.d.*)
 .data          0x00001100        0x8 sink.co
                0x00001100                node_process
 .data          0x00001108        0xc contiki-xm1000.a(orchestra.o)
                0x00001108                all_rules
 .data          0x00001114        0xa contiki-xm1000.a(orchestra-rule-)
                0x00001114                default_common
 .data          0x0000111e        0xa contiki-xm1000.a(orchestra-rule-)
                0x0000111e                eb_per_time_source
 .data          0x00001128        0xa contiki-xm1000.a(orchestra-rule-)
                0x00001128                unicast_per_neighbor
 .data          0x00001132        0x4 contiki-xm1000.a(contiki-xm1000-)
                0x00001132                sensors
 .data          0x00001136        0x2 contiki-xm1000.a(msp430.o)
 .data          0x00001138        0x8 contiki-xm1000.a(sensors.o)
                0x00001138                sensors_process
 .data          0x00001140        0xa contiki-xm1000.a(cc2420.o)
                0x00001140                cc2420_process
 .data          0x0000114a       0x10 contiki-xm1000.a(tsch-schedule.o)
 .data          0x0000115a        0x2 contiki-xm1000.a(tsch-slot-opera)
 .data          0x0000115c       0x18 contiki-xm1000.a(tsch.o)
                0x0000115c                tsch_pending_events_process
                0x00001164                tsch_send_eb_process
                0x0000116c                tsch_process
 .data          0x00001174        0x8 contiki-xm1000.a(ctimer.o)
                0x00001174                ctimer_process
 .data          0x0000117c        0x8 contiki-xm1000.a(etimer.o)
                0x0000117c                etimer_process
 .data          0x00001184       0x22 contiki-xm1000.a(uip-ds6-route.o)
                0x00001184                nbr_routes
 .data          0x000011a6        0xa contiki-xm1000.a(uip-ds6-nbr.o)
                0x000011a6                ds6_neighbors
 .data          0x000011b0        0x8 contiki-xm1000.a(tcpip.o)
                0x000011b0                tcpip_process
 .data          0x000011b8        0x8 contiki-xm1000.a(simple-udp.o)
                0x000011b8                simple_udp_process
 .data          0x000011c0        0xa contiki-xm1000.a(rpl-dag.o)
                0x000011c0                rpl_parents
 .data          0x000011ca        0xe contiki-xm1000.a(rpl-mrhof.o)
                0x000011ca                rpl_mrhof
 .data          0x000011d8        0x2 contiki-xm1000.a(frame802154.o)
 .data          0x000011da       0x10 contiki-xm1000.a(queuebuf.o)
 .data          0x000011ea        0x8 contiki-xm1000.a(nbr-table.o)
 .data          0x000011f2       0x10 contiki-xm1000.a(tsch-queue.o)
 .data          0x00001202        0xc contiki-xm1000.a(uip-icmp6.o)
 .data          0x0000120e       0x1a contiki-xm1000.a(rpl-icmp6.o)
 .data.next     0x00001228        0x4 /home/bernardo/Desktop/msp430/bin/../lib/gcc/msp430/4.7.2/../../../../msp430/lib/mcpu-430x/mmpy-16/libc.a(rand.o)
 *(.near.data .near.data.*)
                0x0000122c                . = ALIGN (0x2)
                0x0000122c                _edata = .
                0x0000ef52                __data_load_start = LOADADDR (.data)
                0x0000012c                __data_size = SIZEOF (.data)

.bss            0x0000122c     0x17e4 load address 0x0000f07e
                0x0000122c                __bss_start = .
 *(.bss .bss.*)
 .bss           0x0000122c       0x1c sink.co
 .bss           0x00001248        0x4 obj_xm1000/contiki-xm1000-main.o
 .bss           0x0000124c        0x2 contiki-xm1000.a(orchestra.o)
                0x0000124c                orchestra_parent_knows_us
 .bss           0x0000124e        0x4 contiki-xm1000.a(orchestra-rule-)
 .bss           0x00001252        0x6 contiki-xm1000.a(orchestra-rule-)
 .bss           0x00001258        0x6 contiki-xm1000.a(orchestra-rule-)
 .bss           0x0000125e        0x8 contiki-xm1000.a(button-sensor.o)
 .bss           0x00001266        0x1 contiki-xm1000.a(leds.o)
 *fill*         0x00001267        0x1 00
 .bss           0x00001268        0x2 contiki-xm1000.a(watchdog.o)